/usr/local/texlive/2022/texmf-dist/bibtex/bst/chembst/JAmChemSoc_all.bst
/usr/local/texlive/2022/texmf-dist/bibtex/bst/chembst/cv.bst
/usr/local/texlive/2022/texmf-dist/bibtex/bst/chembst/InorgChem.bst
/usr/local/texlive/2022/texmf-dist/bibtex/bst/chembst/ChemEurJ.bst
/usr/local/texlive/2022/texmf-dist/bibtex/bst/chembst/ChemCommun.bst
/usr/local/texlive/2022/texmf-dist/bibtex/bst/chembst/JAmChemSoc.bst
/usr/local/texlive/2022/texmf-dist/bibtex/bst/aastex/aasjournal.bst
/usr/local/texlive/2022/texmf-dist/bibtex/bst/opcit/opcit.bst
/usr/local/texlive/2022/texmf-dist/bibtex/bst/revtex4-1/aipnum4-1.bst
/usr/local/texlive/2022/texmf-dist/bibtex/bst/revtex4-1/apsrmp4-1.bst
/usr/local/texlive/2022/texmf-dist/bibtex/bst/revtex4-1/apsrev4-1.bst
/usr/local/texlive/2022/texmf-dist/bibtex/bst/revtex4-1/aipauth4-1.bst
/usr/local/texlive/2022/texmf-dist/bibtex/bst/smflatex/smfalpha.bst
/usr/local/texlive/2022/texmf-dist/bibtex/bst/smflatex/smfplain.bst
/usr/local/texlive/2022/texmf-dist/bibtex/bst/ieeepes/ieeepes.bst
/usr/local/texlive/2022/texmf-dist/bibtex/bst/pnas2009/pnas2009.bst
/usr/local/texlive/2022/texmf-dist/bibtex/bst/datatool/databib.bst
/usr/local/texlive/2022/texmf-dist/bibtex/bst/texsis/texsis.bst
/usr/local/texlive/2022/texmf-dist/bibtex/bst/urlbst/abbrvurl.bst
/usr/local/texlive/2022/texmf-dist/bibtex/bst/urlbst/unsrturl.bst
/usr/local/texlive/2022/texmf-dist/bibtex/bst/urlbst/alphaurl.bst
/usr/local/texlive/2022/texmf-dist/bibtex/bst/urlbst/plainurl.bst
/usr/local/texlive/2022/texmf-dist/bibtex/bst/ieeetran/IEEEtranSN.bst
/usr/local/texlive/2022/texmf-dist/bibtex/bst/ieeetran/IEEEtran.bst
/usr/local/texlive/2022/texmf-dist/bibtex/bst/ieeetran/IEEEtranS.bst
/usr/local/texlive/2022/texmf-dist/bibtex/bst/ieeetran/IEEEtranN.bst
/usr/local/texlive/2022/texmf-dist/bibtex/bst/ieeetran/IEEEtranSA.bst
/usr/local/texlive/2022/texmf-dist/bibtex/bst/seuthesis/seuthesis.bst
/usr/local/texlive/2022/texmf-dist/bibtex/bst/sapthesis/sapthesis.bst
/usr/local/texlive/2022/texmf-dist/bibtex/bst/thuthesis/thuthesis-author-year.bst
/usr/local/texlive/2022/texmf-dist/bibtex/bst/thuthesis/thuthesis-bachelor.bst
/usr/local/texlive/2022/texmf-dist/bibtex/bst/thuthesis/thuthesis-numeric.bst
/usr/local/texlive/2022/texmf-dist/bibtex/bst/lion-msc/lion-msc.bst
/usr/local/texlive/2022/texmf-dist/bibtex/bst/resphilosophica/resphilosophica.bst
/usr/local/texlive/2022/texmf-dist/bibtex/bst/przechlewski-book/papalike.bst
/usr/local/texlive/2022/texmf-dist/bibtex/bst/din1505/abbrvdin.bst
/usr/local/texlive/2022/texmf-dist/bibtex/bst/din1505/unsrtdin.bst
/usr/local/texlive/2022/texmf-dist/bibtex/bst/din1505/alphadin.bst
/usr/local/texlive/2022/texmf-dist/bibtex/bst/din1505/natdin.bst
/usr/local/texlive/2022/texmf-dist/bibtex/bst/din1505/plaindin.bst
/usr/local/texlive/2022/texmf-dist/bibtex/bst/confproc/newapave.bst
/usr/local/texlive/2022/texmf-dist/bibtex/bst/fcavtex/fcavtex.bst
/usr/local/texlive/2022/texmf-dist/bibtex/bst/jneurosci/jneurosci.bst
/usr/local/texlive/2022/texmf-dist/bibtex/bst/adrconv/adrconv.bst
/usr/local/texlive/2022/texmf-dist/bibtex/bst/adrconv/adrbirthday.bst
/usr/local/texlive/2022/texmf-dist/bibtex/bst/adrconv/adrfax.bst
/usr/local/texlive/2022/texmf-dist/bibtex/bst/context/mkii/cont-ti.bst
/usr/local/texlive/2022/texmf-dist/bibtex/bst/context/mkii/cont-no.bst
/usr/local/texlive/2022/texmf-dist/bibtex/bst/context/mkii/cont-au.bst
/usr/local/texlive/2022/texmf-dist/bibtex/bst/context/mkii/cont-ab.bst
/usr/local/texlive/2022/texmf-dist/bibtex/bst/stellenbosch/usmeg-a.bst
/usr/local/texlive/2022/texmf-dist/bibtex/bst/stellenbosch/usmeg-n.bst
/usr/local/texlive/2022/texmf-dist/bibtex/bst/stellenbosch/ussagus.bst
/usr/local/texlive/2022/texmf-dist/bibtex/bst/aiaa/aiaa.bst
/usr/local/texlive/2022/texmf-dist/bibtex/bst/elsarticle/elsarticle-num.bst
/usr/local/texlive/2022/texmf-dist/bibtex/bst/elsarticle/elsarticle-harv.bst
/usr/local/texlive/2022/texmf-dist/bibtex/bst/elsarticle/elsarticle-num-names.bst
/usr/local/texlive/2022/texmf-dist/bibtex/bst/bibexport/expkeys.bst
/usr/local/texlive/2022/texmf-dist/bibtex/bst/bibexport/expcites.bst
/usr/local/texlive/2022/texmf-dist/bibtex/bst/bibexport/export.bst
/usr/local/texlive/2022/texmf-dist/bibtex/bst/ametsoc/ametsoc2014.bst
/usr/local/texlive/2022/texmf-dist/bibtex/bst/hc/hc-de.bst
/usr/local/texlive/2022/texmf-dist/bibtex/bst/hc/hc-en.bst
/usr/local/texlive/2022/texmf-dist/bibtex/bst/inlinebib/inlinebib.bst
/usr/local/texlive/2022/texmf-dist/bibtex/bst/mciteplus/IEEEtranMN.bst
/usr/local/texlive/2022/texmf-dist/bibtex/bst/mciteplus/apsrmpM.bst
/usr/local/texlive/2022/texmf-dist/bibtex/bst/mciteplus/apsrevM.bst
/usr/local/texlive/2022/texmf-dist/bibtex/bst/mciteplus/IEEEtranM.bst
/usr/local/texlive/2022/texmf-dist/bibtex/bst/thubeamer/thubeamer.bst
/usr/local/texlive/2022/texmf-dist/bibtex/bst/imac/imac.bst
/usr/local/texlive/2022/texmf-dist/bibtex/bst/finbib/finplain.bst
/usr/local/texlive/2022/texmf-dist/bibtex/bst/revtex/apsrmp4-2.bst
/usr/local/texlive/2022/texmf-dist/bibtex/bst/revtex/aipnum4-2.bst
/usr/local/texlive/2022/texmf-dist/bibtex/bst/revtex/apsrev4-2.bst
/usr/local/texlive/2022/texmf-dist/bibtex/bst/revtex/aapmrev4-2.bst
/usr/local/texlive/2022/texmf-dist/bibtex/bst/revtex/aipauth4-2.bst
/usr/local/texlive/2022/texmf-dist/bibtex/bst/germbib/gerapali.bst
/usr/local/texlive/2022/texmf-dist/bibtex/bst/germbib/gerplain.bst
/usr/local/texlive/2022/texmf-dist/bibtex/bst/germbib/gerunsrt.bst
/usr/local/texlive/2022/texmf-dist/bibtex/bst/germbib/gerabbrv.bst
/usr/local/texlive/2022/texmf-dist/bibtex/bst/germbib/geralpha.bst
/usr/local/texlive/2022/texmf-dist/bibtex/bst/amsrefs/amsry.bst
/usr/local/texlive/2022/texmf-dist/bibtex/bst/amsrefs/amsrn.bst
/usr/local/texlive/2022/texmf-dist/bibtex/bst/amsrefs/amsrs.bst
/usr/local/texlive/2022/texmf-dist/bibtex/bst/amsrefs/amsru.bst
/usr/local/texlive/2022/texmf-dist/bibtex/bst/amsrefs/amsra.bst
/usr/local/texlive/2022/texmf-dist/bibtex/bst/chet/chetref.bst
/usr/local/texlive/2022/texmf-dist/bibtex/bst/hitszbeamer/hitszbeamer.bst
/usr/local/texlive/2022/texmf-dist/bibtex/bst/nar/nar.bst
/usr/local/texlive/2022/texmf-dist/bibtex/bst/chicago/chicago.bst
/usr/local/texlive/2022/texmf-dist/bibtex/bst/lni/lnig.bst
/usr/local/texlive/2022/texmf-dist/bibtex/bst/lni/lni.bst
/usr/local/texlive/2022/texmf-dist/bibtex/bst/apalike-ejor/apalike-ejor.bst
/usr/local/texlive/2022/texmf-dist/bibtex/bst/multibibliography/chronological.bst
/usr/local/texlive/2022/texmf-dist/bibtex/bst/gost/ugost2008n.bst
/usr/local/texlive/2022/texmf-dist/bibtex/bst/gost/gost2003s.bst
/usr/local/texlive/2022/texmf-dist/bibtex/bst/gost/ugost2008l.bst
/usr/local/texlive/2022/texmf-dist/bibtex/bst/gost/ugost2008.bst
/usr/local/texlive/2022/texmf-dist/bibtex/bst/gost/gost2008ls.bst
/usr/local/texlive/2022/texmf-dist/bibtex/bst/gost/ugost2008ns.bst
/usr/local/texlive/2022/texmf-dist/bibtex/bst/gost/gost2008s.bst
/usr/local/texlive/2022/texmf-dist/bibtex/bst/gost/gost2003.bst
/usr/local/texlive/2022/texmf-dist/bibtex/bst/gost/gost2008l.bst
/usr/local/texlive/2022/texmf-dist/bibtex/bst/gost/ugost2008ls.bst
/usr/local/texlive/2022/texmf-dist/bibtex/bst/gost/gost2008.bst
/usr/local/texlive/2022/texmf-dist/bibtex/bst/gost/ugost2003s.bst
/usr/local/texlive/2022/texmf-dist/bibtex/bst/gost/gost2008n.bst
/usr/local/texlive/2022/texmf-dist/bibtex/bst/gost/ugost2008s.bst
/usr/local/texlive/2022/texmf-dist/bibtex/bst/gost/ugost2003.bst
/usr/local/texlive/2022/texmf-dist/bibtex/bst/gost/gost2008ns.bst
/usr/local/texlive/2022/texmf-dist/bibtex/bst/aaai-named/aaai-named.bst
/usr/local/texlive/2022/texmf-dist/bibtex/bst/llncs/splncs04.bst
/usr/local/texlive/2022/texmf-dist/bibtex/bst/jmb/jmb.bst
/usr/local/texlive/2022/texmf-dist/bibtex/bst/udesoftec/udesoftec.bst
/usr/local/texlive/2022/texmf-dist/bibtex/bst/frankenstein/achicago.bst
/usr/local/texlive/2022/texmf-dist/bibtex/bst/iopart-num/iopart-num.bst
/usr/local/texlive/2022/texmf-dist/bibtex/bst/cmpj/cmpj.bst
/usr/local/texlive/2022/texmf-dist/bibtex/bst/asmeconf/asmeconf.bst
/usr/local/texlive/2022/texmf-dist/bibtex/bst/economic/jpe.bst
/usr/local/texlive/2022/texmf-dist/bibtex/bst/economic/apecon.bst
/usr/local/texlive/2022/texmf-dist/bibtex/bst/economic/worlddev.bst
/usr/local/texlive/2022/texmf-dist/bibtex/bst/economic/erae.bst
/usr/local/texlive/2022/texmf-dist/bibtex/bst/economic/cje.bst
/usr/local/texlive/2022/texmf-dist/bibtex/bst/economic/agecon.bst
/usr/local/texlive/2022/texmf-dist/bibtex/bst/economic/ecca.bst
/usr/local/texlive/2022/texmf-dist/bibtex/bst/economic/ajae.bst
/usr/local/texlive/2022/texmf-dist/bibtex/bst/economic/ier.bst
/usr/local/texlive/2022/texmf-dist/bibtex/bst/economic/aertt.bst
/usr/local/texlive/2022/texmf-dist/bibtex/bst/economic/oega.bst
/usr/local/texlive/2022/texmf-dist/bibtex/bst/economic/jae.bst
/usr/local/texlive/2022/texmf-dist/bibtex/bst/economic/ecta.bst
/usr/local/texlive/2022/texmf-dist/bibtex/bst/economic/regstud.bst
/usr/local/texlive/2022/texmf-dist/bibtex/bst/economic/itaxpf.bst
/usr/local/texlive/2022/texmf-dist/bibtex/bst/economic/aer.bst
/usr/local/texlive/2022/texmf-dist/bibtex/bst/economic/jss2.bst
/usr/local/texlive/2022/texmf-dist/bibtex/bst/economic/tandfx.bst
/usr/local/texlive/2022/texmf-dist/bibtex/bst/mnras/mnras.bst
/usr/local/texlive/2022/texmf-dist/bibtex/bst/dinat/dinat.bst
/usr/local/texlive/2022/texmf-dist/bibtex/bst/persian-bib/unsrt-fa.bst
/usr/local/texlive/2022/texmf-dist/bibtex/bst/persian-bib/plain-fa.bst
/usr/local/texlive/2022/texmf-dist/bibtex/bst/persian-bib/plain-fa-inLTR.bst
/usr/local/texlive/2022/texmf-dist/bibtex/bst/persian-bib/ieeetr-fa.bst
/usr/local/texlive/2022/texmf-dist/bibtex/bst/persian-bib/acm-fa.bst
/usr/local/texlive/2022/texmf-dist/bibtex/bst/persian-bib/asa-fa.bst
/usr/local/texlive/2022/texmf-dist/bibtex/bst/persian-bib/plain-fa-inLTR-beamer.bst
/usr/local/texlive/2022/texmf-dist/bibtex/bst/persian-bib/plainnat-fa.bst
/usr/local/texlive/2022/texmf-dist/bibtex/bst/persian-bib/chicago-fa.bst
/usr/local/texlive/2022/texmf-dist/bibtex/bst/biblatex/biblatex.bst
/usr/local/texlive/2022/texmf-dist/bibtex/bst/babelbib/bababbrv-lf.bst
/usr/local/texlive/2022/texmf-dist/bibtex/bst/babelbib/babplai3-lf.bst
/usr/local/texlive/2022/texmf-dist/bibtex/bst/babelbib/babalpha-fl.bst
/usr/local/texlive/2022/texmf-dist/bibtex/bst/babelbib/babplain-fl.bst
/usr/local/texlive/2022/texmf-dist/bibtex/bst/babelbib/bababbr3-fl.bst
/usr/local/texlive/2022/texmf-dist/bibtex/bst/babelbib/babunsrt.bst
/usr/local/texlive/2022/texmf-dist/bibtex/bst/babelbib/babplain.bst
/usr/local/texlive/2022/texmf-dist/bibtex/bst/babelbib/babunsrt-fl.bst
/usr/local/texlive/2022/texmf-dist/bibtex/bst/babelbib/babamspl.bst
/usr/local/texlive/2022/texmf-dist/bibtex/bst/babelbib/babalpha-lf.bst
/usr/local/texlive/2022/texmf-dist/bibtex/bst/babelbib/babalpha.bst
/usr/local/texlive/2022/texmf-dist/bibtex/bst/babelbib/bababbrv-fl.bst
/usr/local/texlive/2022/texmf-dist/bibtex/bst/babelbib/babplai3.bst
/usr/local/texlive/2022/texmf-dist/bibtex/bst/babelbib/babplai3-fl.bst
/usr/local/texlive/2022/texmf-dist/bibtex/bst/babelbib/babplain-lf.bst
/usr/local/texlive/2022/texmf-dist/bibtex/bst/babelbib/bababbr3-lf.bst
/usr/local/texlive/2022/texmf-dist/bibtex/bst/babelbib/bababbrv.bst
/usr/local/texlive/2022/texmf-dist/bibtex/bst/babelbib/babunsrt-lf.bst
/usr/local/texlive/2022/texmf-dist/bibtex/bst/babelbib/bababbr3.bst
/usr/local/texlive/2022/texmf-dist/bibtex/bst/bath-bst/bath.bst
/usr/local/texlive/2022/texmf-dist/bibtex/bst/bath-bst/bathx.bst
/usr/local/texlive/2022/texmf-dist/bibtex/bst/nmbib/plainnm.bst
/usr/local/texlive/2022/texmf-dist/bibtex/bst/nmbib/unsrtnm.bst
/usr/local/texlive/2022/texmf-dist/bibtex/bst/nmbib/chronoplainnm.bst
/usr/local/texlive/2022/texmf-dist/bibtex/bst/hitszthesis/hitszthesis.bst
/usr/local/texlive/2022/texmf-dist/bibtex/bst/aichej/aichej.bst
/usr/local/texlive/2022/texmf-dist/bibtex/bst/mslapa/mslapa.bst
/usr/local/texlive/2022/texmf-dist/bibtex/bst/dk-bib/dk-plain.bst
/usr/local/texlive/2022/texmf-dist/bibtex/bst/dk-bib/dk-apali.bst
/usr/local/texlive/2022/texmf-dist/bibtex/bst/dk-bib/dk-unsrt.bst
/usr/local/texlive/2022/texmf-dist/bibtex/bst/dk-bib/dk-abbrv.bst
/usr/local/texlive/2022/texmf-dist/bibtex/bst/dk-bib/dk-alpha.bst
/usr/local/texlive/2022/texmf-dist/bibtex/bst/tugboat/tugboat.bst
/usr/local/texlive/2022/texmf-dist/bibtex/bst/tugboat/ltugbib.bst
/usr/local/texlive/2022/texmf-dist/bibtex/bst/bgteubner/bgteupln.bst
/usr/local/texlive/2022/texmf-dist/bibtex/bst/bgteubner/bgteupln3.bst
/usr/local/texlive/2022/texmf-dist/bibtex/bst/bgteubner/bgteuabbr.bst
/usr/local/texlive/2022/texmf-dist/bibtex/bst/bgteubner/bgteupln2.bst
/usr/local/texlive/2022/texmf-dist/bibtex/bst/bgteubner/bgteuabbr2.bst
/usr/local/texlive/2022/texmf-dist/bibtex/bst/econ-bst/econ-jet.bst
/usr/local/texlive/2022/texmf-dist/bibtex/bst/econ-bst/econ-abbr.bst
/usr/local/texlive/2022/texmf-dist/bibtex/bst/econ-bst/econ-jpe.bst
/usr/local/texlive/2022/texmf-dist/bibtex/bst/econ-bst/econ-jie.bst
/usr/local/texlive/2022/texmf-dist/bibtex/bst/econ-bst/econ-a.bst
/usr/local/texlive/2022/texmf-dist/bibtex/bst/econ-bst/econ-b.bst
/usr/local/texlive/2022/texmf-dist/bibtex/bst/econ-bst/econ-econometrica.bst
/usr/local/texlive/2022/texmf-dist/bibtex/bst/econ-bst/econ.bst
/usr/local/texlive/2022/texmf-dist/bibtex/bst/econ-bst/econ-aea.bst
/usr/local/texlive/2022/texmf-dist/bibtex/bst/econ-bst/econ-old.bst
/usr/local/texlive/2022/texmf-dist/bibtex/bst/econ-bst/econ-no-sort.bst
/usr/local/texlive/2022/texmf-dist/bibtex/bst/annotate/annotate.bst
/usr/local/texlive/2022/texmf-dist/bibtex/bst/sort-by-letters/frplainnat-letters.bst
/usr/local/texlive/2022/texmf-dist/bibtex/bst/sort-by-letters/plain-letters.bst
/usr/local/texlive/2022/texmf-dist/bibtex/bst/sort-by-letters/apalike-letters.bst
/usr/local/texlive/2022/texmf-dist/bibtex/bst/sort-by-letters/plainnat-letters.bst
/usr/local/texlive/2022/texmf-dist/bibtex/bst/sort-by-letters/siam-letters.bst
/usr/local/texlive/2022/texmf-dist/bibtex/bst/sort-by-letters/abbrv-letters.bst
/usr/local/texlive/2022/texmf-dist/bibtex/bst/sort-by-letters/alpha-letters.bst
/usr/local/texlive/2022/texmf-dist/bibtex/bst/bibhtml/unsrthtml.bst
/usr/local/texlive/2022/texmf-dist/bibtex/bst/bibhtml/plainhtmldate.bst
/usr/local/texlive/2022/texmf-dist/bibtex/bst/bibhtml/plainhtml.bst
/usr/local/texlive/2022/texmf-dist/bibtex/bst/bibhtml/alphahtmldater.bst
/usr/local/texlive/2022/texmf-dist/bibtex/bst/bibhtml/alphahtml.bst
/usr/local/texlive/2022/texmf-dist/bibtex/bst/bibhtml/abbrvhtml.bst
/usr/local/texlive/2022/texmf-dist/bibtex/bst/bibhtml/alphahtmldate.bst
/usr/local/texlive/2022/texmf-dist/bibtex/bst/bibhtml/plainhtmldater.bst
/usr/local/texlive/2022/texmf-dist/bibtex/bst/aguplus/agu.bst
/usr/local/texlive/2022/texmf-dist/bibtex/bst/aguplus/agu04.bst
/usr/local/texlive/2022/texmf-dist/bibtex/bst/aguplus/agufull.bst
/usr/local/texlive/2022/texmf-dist/bibtex/bst/aguplus/agufull04.bst
/usr/local/texlive/2022/texmf-dist/bibtex/bst/apacite/apacitex.bst
/usr/local/texlive/2022/texmf-dist/bibtex/bst/apacite/apacannx.bst
/usr/local/texlive/2022/texmf-dist/bibtex/bst/apacite/apacite.bst
/usr/local/texlive/2022/texmf-dist/bibtex/bst/apacite/apacann.bst
/usr/local/texlive/2022/texmf-dist/bibtex/bst/nature/naturemag.bst
/usr/local/texlive/2022/texmf-dist/bibtex/bst/shipunov/rusnat.bst
/usr/local/texlive/2022/texmf-dist/bibtex/bst/chicagoa/chicagoa.bst
/usr/local/texlive/2022/texmf-dist/bibtex/bst/cje/cjebibstyle.bst
/usr/local/texlive/2022/texmf-dist/bibtex/bst/aomart/aomalpha.bst
/usr/local/texlive/2022/texmf-dist/bibtex/bst/aomart/aomplain.bst
/usr/local/texlive/2022/texmf-dist/bibtex/bst/chscite/chscite.bst
/usr/local/texlive/2022/texmf-dist/bibtex/bst/ascelike/ascelike.bst
/usr/local/texlive/2022/texmf-dist/bibtex/bst/directory/birthday.bst
/usr/local/texlive/2022/texmf-dist/bibtex/bst/directory/email-html.bst
/usr/local/texlive/2022/texmf-dist/bibtex/bst/directory/phone.bst
/usr/local/texlive/2022/texmf-dist/bibtex/bst/directory/address-ldif.bst
/usr/local/texlive/2022/texmf-dist/bibtex/bst/directory/address-vcard.bst
/usr/local/texlive/2022/texmf-dist/bibtex/bst/directory/email.bst
/usr/local/texlive/2022/texmf-dist/bibtex/bst/directory/address.bst
/usr/local/texlive/2022/texmf-dist/bibtex/bst/directory/letter.bst
/usr/local/texlive/2022/texmf-dist/bibtex/bst/directory/address-html.bst
/usr/local/texlive/2022/texmf-dist/bibtex/bst/bib-fr/abbrvnat-fr.bst
/usr/local/texlive/2022/texmf-dist/bibtex/bst/bib-fr/siam-fr.bst
/usr/local/texlive/2022/texmf-dist/bibtex/bst/bib-fr/unsrt-fr.bst
/usr/local/texlive/2022/texmf-dist/bibtex/bst/bib-fr/alpha-fr.bst
/usr/local/texlive/2022/texmf-dist/bibtex/bst/bib-fr/ieeetr-fr.bst
/usr/local/texlive/2022/texmf-dist/bibtex/bst/bib-fr/apalike-fr.bst
/usr/local/texlive/2022/texmf-dist/bibtex/bst/bib-fr/plain-fr.bst
/usr/local/texlive/2022/texmf-dist/bibtex/bst/bib-fr/abbrv-fr.bst
/usr/local/texlive/2022/texmf-dist/bibtex/bst/bib-fr/unsrtnat-fr.bst
/usr/local/texlive/2022/texmf-dist/bibtex/bst/bib-fr/plainnat-fr.bst
/usr/local/texlive/2022/texmf-dist/bibtex/bst/gbt7714/gbt7714-numerical.bst
/usr/local/texlive/2022/texmf-dist/bibtex/bst/gbt7714/gbt7714-author-year.bst
/usr/local/texlive/2022/texmf-dist/bibtex/bst/gbt7714/gbt7714-2005-author-year.bst
/usr/local/texlive/2022/texmf-dist/bibtex/bst/gbt7714/gbt7714-2005-numerical.bst
/usr/local/texlive/2022/texmf-dist/bibtex/bst/tufte-latex/tufte.bst
/usr/local/texlive/2022/texmf-dist/bibtex/bst/dlfltxb/dlfltxbbibtex.bst
/usr/local/texlive/2022/texmf-dist/bibtex/bst/swebib/sweabbrv.bst
/usr/local/texlive/2022/texmf-dist/bibtex/bst/swebib/sweplnat.bst
/usr/local/texlive/2022/texmf-dist/bibtex/bst/swebib/swealpha.bst
/usr/local/texlive/2022/texmf-dist/bibtex/bst/swebib/sweplain.bst
/usr/local/texlive/2022/texmf-dist/bibtex/bst/swebib/sweunsrt.bst
/usr/local/texlive/2022/texmf-dist/bibtex/bst/phfnote/naturemagdoi.bst
/usr/local/texlive/2022/texmf-dist/bibtex/bst/hithesis/hithesis.bst
/usr/local/texlive/2022/texmf-dist/bibtex/bst/amscls/amsplain.bst
/usr/local/texlive/2022/texmf-dist/bibtex/bst/amscls/amsalpha.bst
/usr/local/texlive/2022/texmf-dist/bibtex/bst/acmart/ACM-Reference-Format.bst
/usr/local/texlive/2022/texmf-dist/bibtex/bst/cell/cell.bst
/usr/local/texlive/2022/texmf-dist/bibtex/bst/seuthesix/seuthesix.bst
/usr/local/texlive/2022/texmf-dist/bibtex/bst/els-cas-templates/cas-model2-names.bst
/usr/local/texlive/2022/texmf-dist/bibtex/bst/gloss/glsshort.bst
/usr/local/texlive/2022/texmf-dist/bibtex/bst/gloss/glsplain.bst
/usr/local/texlive/2022/texmf-dist/bibtex/bst/bookdb/bookdb.bst
/usr/local/texlive/2022/texmf-dist/bibtex/bst/nddiss/nddiss2e.bst
/usr/local/texlive/2022/texmf-dist/bibtex/bst/figbib/figbib.bst
/usr/local/texlive/2022/texmf-dist/bibtex/bst/figbib/figbib1.bst
/usr/local/texlive/2022/texmf-dist/bibtex/bst/abntex2/abntex2-num.bst
/usr/local/texlive/2022/texmf-dist/bibtex/bst/abntex2/abntex2-alf.bst
/usr/local/texlive/2022/texmf-dist/bibtex/bst/newcastle-bst/newcastle.bst
/usr/local/texlive/2022/texmf-dist/bibtex/bst/sageep/sageep.bst
/usr/local/texlive/2022/texmf-dist/bibtex/bst/gammas/gammas.bst
/usr/local/texlive/2022/texmf-dist/bibtex/bst/multibib/mbunsrtdin.bst
/usr/local/texlive/2022/texmf-dist/bibtex/bst/multibib/mbplain.bst
/usr/local/texlive/2022/texmf-dist/bibtex/bst/besjournals/besjournals.bst
/usr/local/texlive/2022/texmf-dist/bibtex/bst/vancouver/vancouver.bst
/usr/local/texlive/2022/texmf-dist/bibtex/bst/natbib/unsrtnat.bst
/usr/local/texlive/2022/texmf-dist/bibtex/bst/natbib/plainnat.bst
/usr/local/texlive/2022/texmf-dist/bibtex/bst/natbib/abbrvnat.bst
/usr/local/texlive/2022/texmf-dist/bibtex/bst/cascadilla/cascadilla.bst
/usr/local/texlive/2022/texmf-dist/bibtex/bst/francais-bst/francaissc.bst
/usr/local/texlive/2022/texmf-dist/bibtex/bst/francais-bst/francais.bst
/usr/local/texlive/2022/texmf-dist/bibtex/bst/chicago-annote/chicago-annote.bst
/usr/local/texlive/2022/texmf-dist/bibtex/bst/uestcthesis/uestcthesis.bst
/usr/local/texlive/2022/texmf-dist/bibtex/bst/ijqc/ijqc.bst
/usr/local/texlive/2022/texmf-dist/bibtex/bst/abstyles/aabbrv.bst
/usr/local/texlive/2022/texmf-dist/bibtex/bst/abstyles/aalpha.bst
/usr/local/texlive/2022/texmf-dist/bibtex/bst/abstyles/anotit.bst
/usr/local/texlive/2022/texmf-dist/bibtex/bst/abstyles/aplain.bst
/usr/local/texlive/2022/texmf-dist/bibtex/bst/abstyles/aunsnot.bst
/usr/local/texlive/2022/texmf-dist/bibtex/bst/abstyles/aunsrt.bst
/usr/local/texlive/2022/texmf-dist/bibtex/bst/unamthesis/UNAMThesis.bst
/usr/local/texlive/2022/texmf-dist/bibtex/bst/jurarsp/jurarsp.bst
/usr/local/texlive/2022/texmf-dist/bibtex/bst/savetrees/savetrees.bst
/usr/local/texlive/2022/texmf-dist/bibtex/bst/kluwer/klunum.bst
/usr/local/texlive/2022/texmf-dist/bibtex/bst/kluwer/klunamed.bst
/usr/local/texlive/2022/texmf-dist/bibtex/bst/index/xagsm.bst
/usr/local/texlive/2022/texmf-dist/bibtex/bst/index/xplain.bst
/usr/local/texlive/2022/texmf-dist/bibtex/bst/zootaxa-bst/zootaxa.bst
/usr/local/texlive/2022/texmf-dist/bibtex/bst/chem-journal/jpc.bst
/usr/local/texlive/2022/texmf-dist/bibtex/bst/chem-journal/jcc.bst
/usr/local/texlive/2022/texmf-dist/bibtex/bst/chem-journal/revcompchem.bst
/usr/local/texlive/2022/texmf-dist/bibtex/bst/chem-journal/pccp.bst
/usr/local/texlive/2022/texmf-dist/bibtex/bst/asaetr/asaetr.bst
/usr/local/texlive/2022/texmf-dist/bibtex/bst/afthesis/thesnumb.bst
/usr/local/texlive/2022/texmf-dist/bibtex/bst/apalike-german/apalike-german.bst
/usr/local/texlive/2022/texmf-dist/bibtex/bst/gustlib/plabbrv.bst
/usr/local/texlive/2022/texmf-dist/bibtex/bst/gustlib/plalpha.bst
/usr/local/texlive/2022/texmf-dist/bibtex/bst/gustlib/plplain.bst
/usr/local/texlive/2022/texmf-dist/bibtex/bst/gustlib/plunsrt.bst
/usr/local/texlive/2022/texmf-dist/bibtex/bst/notex-bst/noTeX.bst
/usr/local/texlive/2022/texmf-dist/bibtex/bst/asmejour/asmejour.bst
/usr/local/texlive/2022/texmf-dist/bibtex/bst/ijmart/ijmart.bst
/usr/local/texlive/2022/texmf-dist/bibtex/bst/jurabib/jurabib.bst
/usr/local/texlive/2022/texmf-dist/bibtex/bst/jurabib/jureco.bst
/usr/local/texlive/2022/texmf-dist/bibtex/bst/jurabib/jurunsrt.bst
/usr/local/texlive/2022/texmf-dist/bibtex/bst/jurabib/jox.bst
/usr/local/texlive/2022/texmf-dist/bibtex/bst/revtex4/apsrev.bst
/usr/local/texlive/2022/texmf-dist/bibtex/bst/revtex4/apsrmp.bst
/usr/local/texlive/2022/texmf-dist/bibtex/bst/rsc/angew.bst
/usr/local/texlive/2022/texmf-dist/bibtex/bst/rsc/rsc.bst
/usr/local/texlive/2022/texmf-dist/bibtex/bst/fbs/fbs.bst
/usr/local/texlive/2022/texmf-dist/bibtex/bst/perception/perception.bst
/usr/local/texlive/2022/texmf-dist/bibtex/bst/unifith/unifith.bst
/usr/local/texlive/2022/texmf-dist/bibtex/bst/cnbwp/abbrvcnb.bst
/usr/local/texlive/2022/texmf-dist/bibtex/bst/dvdcoll/dcbib.bst
/usr/local/texlive/2022/texmf-dist/bibtex/bst/munich/munich.bst
/usr/local/texlive/2022/texmf-dist/bibtex/bst/achemso/biochem.bst
/usr/local/texlive/2022/texmf-dist/bibtex/bst/achemso/achemso.bst
/usr/local/texlive/2022/texmf-dist/bibtex/bst/bestpapers/bestpapers-export.bst
/usr/local/texlive/2022/texmf-dist/bibtex/bst/bestpapers/bestpapers.bst
/usr/local/texlive/2022/texmf-dist/bibtex/bst/alpha-persian/alpha-persian.bst
/usr/local/texlive/2022/texmf-dist/bibtex/bst/cquthesis/cqunumerical.bst
/usr/local/texlive/2022/texmf-dist/bibtex/bst/prtec/prtec.bst
/usr/local/texlive/2022/texmf-dist/bibtex/bst/apalike2/apalike2.bst
/usr/local/texlive/2022/texmf-dist/bibtex/bst/computational-complexity/cc.bst
/usr/local/texlive/2022/texmf-dist/bibtex/bst/computational-complexity/cc2.bst
/usr/local/texlive/2022/texmf-dist/bibtex/bst/adfathesis/adfathesis.bst
/usr/local/texlive/2022/texmf-dist/bibtex/bst/authordate/authordate4.bst
/usr/local/texlive/2022/texmf-dist/bibtex/bst/authordate/authordate1.bst
/usr/local/texlive/2022/texmf-dist/bibtex/bst/authordate/authordate3.bst
/usr/local/texlive/2022/texmf-dist/bibtex/bst/authordate/authordate2.bst
/usr/local/texlive/2022/texmf-dist/bibtex/bst/ksfh_nat/ksfh_nat.bst
/usr/local/texlive/2022/texmf-dist/bibtex/bst/listbib/listbib.bst
/usr/local/texlive/2022/texmf-dist/bibtex/bst/spie/spiebib.bst
/usr/local/texlive/2022/texmf-dist/bibtex/bst/ajl/ajl.bst
/usr/local/texlive/2022/texmf-dist/bibtex/bst/base/plain.bst
/usr/local/texlive/2022/texmf-dist/bibtex/bst/base/acm.bst
/usr/local/texlive/2022/texmf-dist/bibtex/bst/base/unsrt.bst
/usr/local/texlive/2022/texmf-dist/bibtex/bst/base/abbrv.bst
/usr/local/texlive/2022/texmf-dist/bibtex/bst/base/apalike.bst
/usr/local/texlive/2022/texmf-dist/bibtex/bst/base/siam.bst
/usr/local/texlive/2022/texmf-dist/bibtex/bst/base/ieeetr.bst
/usr/local/texlive/2022/texmf-dist/bibtex/bst/base/alpha.bst
/usr/local/texlive/2022/texmf-dist/bibtex/bst/is-bst/is-plain.bst
/usr/local/texlive/2022/texmf-dist/bibtex/bst/is-bst/is-unsrt.bst
/usr/local/texlive/2022/texmf-dist/bibtex/bst/is-bst/is-abbrv.bst
/usr/local/texlive/2022/texmf-dist/bibtex/bst/is-bst/is-alpha.bst
/usr/local/texlive/2022/texmf-dist/bibtex/bst/upmethodology/upmplainnat.bst
/usr/local/texlive/2022/texmf-dist/bibtex/bst/plainyr/plainyr.bst
/usr/local/texlive/2022/texmf-dist/bibtex/bst/beilstein/bjnano.bst
/usr/local/texlive/2022/texmf-dist/bibtex/bst/jbact/jbact.bst
/usr/local/texlive/2022/texmf-dist/bibtex/bst/harvard/apsr.bst
/usr/local/texlive/2022/texmf-dist/bibtex/bst/harvard/agsm.bst
/usr/local/texlive/2022/texmf-dist/bibtex/bst/harvard/kluwer.bst
/usr/local/texlive/2022/texmf-dist/bibtex/bst/harvard/jphysicsB.bst
/usr/local/texlive/2022/texmf-dist/bibtex/bst/harvard/dcu.bst
/usr/local/texlive/2022/texmf-dist/bibtex/bst/harvard/nederlands.bst
/usr/local/texlive/2022/texmf-dist/bibtex/bst/harvard/jmr.bst
/usr/local/texlive/2022/texmf-dist/bibtex/bst/hustthesis/hustthesis.bst
/usr/local/texlive/2022/texmf-dist/bibtex/bst/biolett-bst/biolett.bst
/usr/local/texlive/2022/texmf-dist/bibtex/bst/vak/vak.bst
