/usr/local/texlive/2022/texmf-dist/tex/latex/biblatex-chicago/chicago-authordate-trad.cbx
/usr/local/texlive/2022/texmf-dist/tex/latex/biblatex-chicago/chicago-authordate-trad16.cbx
/usr/local/texlive/2022/texmf-dist/tex/latex/biblatex-chicago/chicago-authordate.cbx
/usr/local/texlive/2022/texmf-dist/tex/latex/biblatex-chicago/chicago-authordate16.cbx
/usr/local/texlive/2022/texmf-dist/tex/latex/biblatex-chicago/chicago-notes16.cbx
/usr/local/texlive/2022/texmf-dist/tex/latex/biblatex-chicago/chicago-notes.cbx
/usr/local/texlive/2022/texmf-dist/tex/latex/biblatex-chicago/chicago-dates-common16.cbx
/usr/local/texlive/2022/texmf-dist/tex/latex/biblatex-chicago/chicago-dates-common.cbx
/usr/local/texlive/2022/texmf-dist/tex/latex/windycity/windycity.cbx
/usr/local/texlive/2022/texmf-dist/tex/latex/biblatex-bath/bath.cbx
/usr/local/texlive/2022/texmf-dist/tex/latex/thuthesis/thuthesis-bachelor.cbx
/usr/local/texlive/2022/texmf-dist/tex/latex/thuthesis/thuthesis-author-year.cbx
/usr/local/texlive/2022/texmf-dist/tex/latex/thuthesis/thuthesis-numeric.cbx
/usr/local/texlive/2022/texmf-dist/tex/latex/thuthesis/thuthesis-inline.cbx
/usr/local/texlive/2022/texmf-dist/tex/latex/biblatex-archaeology/authoryear-icomp-archaeology.cbx
/usr/local/texlive/2022/texmf-dist/tex/latex/biblatex-archaeology/verbose-trad2note-archaeology.cbx
/usr/local/texlive/2022/texmf-dist/tex/latex/biblatex-archaeology/aefkw.cbx
/usr/local/texlive/2022/texmf-dist/tex/latex/biblatex-archaeology/ufg-muenster-verbose.cbx
/usr/local/texlive/2022/texmf-dist/tex/latex/biblatex-archaeology/nnu.cbx
/usr/local/texlive/2022/texmf-dist/tex/latex/biblatex-archaeology/rgzm-inline.cbx
/usr/local/texlive/2022/texmf-dist/tex/latex/biblatex-archaeology/dguf-apa.cbx
/usr/local/texlive/2022/texmf-dist/tex/latex/biblatex-archaeology/archa.cbx
/usr/local/texlive/2022/texmf-dist/tex/latex/biblatex-archaeology/kunde.cbx
/usr/local/texlive/2022/texmf-dist/tex/latex/biblatex-archaeology/authoryear-archaeology.cbx
/usr/local/texlive/2022/texmf-dist/tex/latex/biblatex-archaeology/jb-kreis-neuss.cbx
/usr/local/texlive/2022/texmf-dist/tex/latex/biblatex-archaeology/rgk-numeric-old.cbx
/usr/local/texlive/2022/texmf-dist/tex/latex/biblatex-archaeology/rgk-verbose.cbx
/usr/local/texlive/2022/texmf-dist/tex/latex/biblatex-archaeology/karl.cbx
/usr/local/texlive/2022/texmf-dist/tex/latex/biblatex-archaeology/rgk-verbose-old.cbx
/usr/local/texlive/2022/texmf-dist/tex/latex/biblatex-archaeology/dguf.cbx
/usr/local/texlive/2022/texmf-dist/tex/latex/biblatex-archaeology/eaz-alt.cbx
/usr/local/texlive/2022/texmf-dist/tex/latex/biblatex-archaeology/rgzm-verbose.cbx
/usr/local/texlive/2022/texmf-dist/tex/latex/biblatex-archaeology/dguf-alt.cbx
/usr/local/texlive/2022/texmf-dist/tex/latex/biblatex-archaeology/offa.cbx
/usr/local/texlive/2022/texmf-dist/tex/latex/biblatex-archaeology/verbose-archaeology.cbx
/usr/local/texlive/2022/texmf-dist/tex/latex/biblatex-archaeology/ufg-muenster-numeric.cbx
/usr/local/texlive/2022/texmf-dist/tex/latex/biblatex-archaeology/niedersachsen.cbx
/usr/local/texlive/2022/texmf-dist/tex/latex/biblatex-archaeology/verbose-ibid-archaeology.cbx
/usr/local/texlive/2022/texmf-dist/tex/latex/biblatex-archaeology/zaes.cbx
/usr/local/texlive/2022/texmf-dist/tex/latex/biblatex-archaeology/eaz.cbx
/usr/local/texlive/2022/texmf-dist/tex/latex/biblatex-archaeology/jb-halle.cbx
/usr/local/texlive/2022/texmf-dist/tex/latex/biblatex-archaeology/numeric-comp-archaeology.cbx
/usr/local/texlive/2022/texmf-dist/tex/latex/biblatex-archaeology/ufg-muenster-inline.cbx
/usr/local/texlive/2022/texmf-dist/tex/latex/biblatex-archaeology/volkskunde.cbx
/usr/local/texlive/2022/texmf-dist/tex/latex/biblatex-archaeology/amit.cbx
/usr/local/texlive/2022/texmf-dist/tex/latex/biblatex-archaeology/maja.cbx
/usr/local/texlive/2022/texmf-dist/tex/latex/biblatex-archaeology/mpkoeaw.cbx
/usr/local/texlive/2022/texmf-dist/tex/latex/biblatex-archaeology/rgk-numeric.cbx
/usr/local/texlive/2022/texmf-dist/tex/latex/biblatex-archaeology/zaak.cbx
/usr/local/texlive/2022/texmf-dist/tex/latex/biblatex-archaeology/mpk.cbx
/usr/local/texlive/2022/texmf-dist/tex/latex/biblatex-archaeology/afwl.cbx
/usr/local/texlive/2022/texmf-dist/tex/latex/biblatex-archaeology/authoryear-comp-archaeology.cbx
/usr/local/texlive/2022/texmf-dist/tex/latex/biblatex-archaeology/authoryear-ibid-archaeology.cbx
/usr/local/texlive/2022/texmf-dist/tex/latex/biblatex-archaeology/rgk-inline.cbx
/usr/local/texlive/2022/texmf-dist/tex/latex/biblatex-archaeology/rgk-inline-old.cbx
/usr/local/texlive/2022/texmf-dist/tex/latex/biblatex-archaeology/foe.cbx
/usr/local/texlive/2022/texmf-dist/tex/latex/biblatex-archaeology/rgzm-numeric.cbx
/usr/local/texlive/2022/texmf-dist/tex/latex/biblatex-science/science.cbx
/usr/local/texlive/2022/texmf-dist/tex/latex/emisa/emisa.cbx
/usr/local/texlive/2022/texmf-dist/tex/latex/uni-wtal-ger/uni-wtal-ger.cbx
/usr/local/texlive/2022/texmf-dist/tex/latex/biblatex-unified/unified.cbx
/usr/local/texlive/2022/texmf-dist/tex/latex/biblatex-swiss-legal/biblatex-swiss-legal-general.cbx
/usr/local/texlive/2022/texmf-dist/tex/latex/biblatex-swiss-legal/biblatex-swiss-legal-longarticle.cbx
/usr/local/texlive/2022/texmf-dist/tex/latex/biblatex-swiss-legal/biblatex-swiss-legal-bibliography.cbx
/usr/local/texlive/2022/texmf-dist/tex/latex/biblatex-swiss-legal/biblatex-swiss-legal-base.cbx
/usr/local/texlive/2022/texmf-dist/tex/latex/biblatex-swiss-legal/biblatex-swiss-legal-shortarticle.cbx
/usr/local/texlive/2022/texmf-dist/tex/latex/biblatex-lncs/lncs.cbx
/usr/local/texlive/2022/texmf-dist/tex/latex/univie-ling/univie-ling.cbx
/usr/local/texlive/2022/texmf-dist/tex/latex/biblatex-nottsclassic/nottsclassic.cbx
/usr/local/texlive/2022/texmf-dist/tex/latex/droit-fr/droit-fr.cbx
/usr/local/texlive/2022/texmf-dist/tex/latex/ecobiblatex/ecobiblatex.cbx
/usr/local/texlive/2022/texmf-dist/tex/latex/biblatex-nature/nature.cbx
/usr/local/texlive/2022/texmf-dist/tex/latex/biblatex-enc/enc.cbx
/usr/local/texlive/2022/texmf-dist/tex/latex/biblatex-iso690/iso-alphabetic.cbx
/usr/local/texlive/2022/texmf-dist/tex/latex/biblatex-iso690/iso-authortitle.cbx
/usr/local/texlive/2022/texmf-dist/tex/latex/biblatex-iso690/iso-numeric.cbx
/usr/local/texlive/2022/texmf-dist/tex/latex/biblatex-iso690/iso-authoryear.cbx
/usr/local/texlive/2022/texmf-dist/tex/latex/biblatex-iso690/iso-fullcite.cbx
/usr/local/texlive/2022/texmf-dist/tex/latex/biblatex-gost/gost-footnote.cbx
/usr/local/texlive/2022/texmf-dist/tex/latex/biblatex-gost/gost-footnote-min.cbx
/usr/local/texlive/2022/texmf-dist/tex/latex/biblatex-gost/gost-inline-min.cbx
/usr/local/texlive/2022/texmf-dist/tex/latex/biblatex-gost/gost-alphabetic-min.cbx
/usr/local/texlive/2022/texmf-dist/tex/latex/biblatex-gost/gost-numeric.cbx
/usr/local/texlive/2022/texmf-dist/tex/latex/biblatex-gost/gost-authoryear.cbx
/usr/local/texlive/2022/texmf-dist/tex/latex/biblatex-gost/gost-alphabetic.cbx
/usr/local/texlive/2022/texmf-dist/tex/latex/biblatex-gost/gost-numeric-min.cbx
/usr/local/texlive/2022/texmf-dist/tex/latex/biblatex-gost/gost-inline.cbx
/usr/local/texlive/2022/texmf-dist/tex/latex/biblatex-gost/gost-authoryear-min.cbx
/usr/local/texlive/2022/texmf-dist/tex/latex/biblatex/cbx/authoryear-ibid.cbx
/usr/local/texlive/2022/texmf-dist/tex/latex/biblatex/cbx/draft.cbx
/usr/local/texlive/2022/texmf-dist/tex/latex/biblatex/cbx/authortitle.cbx
/usr/local/texlive/2022/texmf-dist/tex/latex/biblatex/cbx/authoryear.cbx
/usr/local/texlive/2022/texmf-dist/tex/latex/biblatex/cbx/authortitle-ticomp.cbx
/usr/local/texlive/2022/texmf-dist/tex/latex/biblatex/cbx/reading.cbx
/usr/local/texlive/2022/texmf-dist/tex/latex/biblatex/cbx/numeric-verb.cbx
/usr/local/texlive/2022/texmf-dist/tex/latex/biblatex/cbx/authortitle-tcomp.cbx
/usr/local/texlive/2022/texmf-dist/tex/latex/biblatex/cbx/verbose-note.cbx
/usr/local/texlive/2022/texmf-dist/tex/latex/biblatex/cbx/authortitle-terse.cbx
/usr/local/texlive/2022/texmf-dist/tex/latex/biblatex/cbx/numeric.cbx
/usr/local/texlive/2022/texmf-dist/tex/latex/biblatex/cbx/authortitle-icomp.cbx
/usr/local/texlive/2022/texmf-dist/tex/latex/biblatex/cbx/authoryear-comp.cbx
/usr/local/texlive/2022/texmf-dist/tex/latex/biblatex/cbx/numeric-comp.cbx
/usr/local/texlive/2022/texmf-dist/tex/latex/biblatex/cbx/verbose-trad2.cbx
/usr/local/texlive/2022/texmf-dist/tex/latex/biblatex/cbx/verbose-inote.cbx
/usr/local/texlive/2022/texmf-dist/tex/latex/biblatex/cbx/debug.cbx
/usr/local/texlive/2022/texmf-dist/tex/latex/biblatex/cbx/authortitle-comp.cbx
/usr/local/texlive/2022/texmf-dist/tex/latex/biblatex/cbx/verbose-trad3.cbx
/usr/local/texlive/2022/texmf-dist/tex/latex/biblatex/cbx/verbose-trad1.cbx
/usr/local/texlive/2022/texmf-dist/tex/latex/biblatex/cbx/authoryear-icomp.cbx
/usr/local/texlive/2022/texmf-dist/tex/latex/biblatex/cbx/verbose-ibid.cbx
/usr/local/texlive/2022/texmf-dist/tex/latex/biblatex/cbx/alphabetic-verb.cbx
/usr/local/texlive/2022/texmf-dist/tex/latex/biblatex/cbx/verbose.cbx
/usr/local/texlive/2022/texmf-dist/tex/latex/biblatex/cbx/alphabetic.cbx
/usr/local/texlive/2022/texmf-dist/tex/latex/biblatex/cbx/authortitle-ibid.cbx
/usr/local/texlive/2022/texmf-dist/tex/latex/archaeologie/archaeologie.cbx
/usr/local/texlive/2022/texmf-dist/tex/latex/biblatex-gb7714-2015/gb7714-2015.cbx
/usr/local/texlive/2022/texmf-dist/tex/latex/biblatex-gb7714-2015/gb7714-1987ay.cbx
/usr/local/texlive/2022/texmf-dist/tex/latex/biblatex-gb7714-2015/gb7714-2005.cbx
/usr/local/texlive/2022/texmf-dist/tex/latex/biblatex-gb7714-2015/gb7714-2015mx.cbx
/usr/local/texlive/2022/texmf-dist/tex/latex/biblatex-gb7714-2015/gb7714-2015ay.cbx
/usr/local/texlive/2022/texmf-dist/tex/latex/biblatex-gb7714-2015/gb7714-1987.cbx
/usr/local/texlive/2022/texmf-dist/tex/latex/biblatex-gb7714-2015/gb7714-SEU.cbx
/usr/local/texlive/2022/texmf-dist/tex/latex/biblatex-gb7714-2015/gb7714-2015ms.cbx
/usr/local/texlive/2022/texmf-dist/tex/latex/biblatex-gb7714-2015/gb7714-NWAFU.cbx
/usr/local/texlive/2022/texmf-dist/tex/latex/biblatex-gb7714-2015/chinese-erj.cbx
/usr/local/texlive/2022/texmf-dist/tex/latex/biblatex-gb7714-2015/gb7714-2005ay.cbx
/usr/local/texlive/2022/texmf-dist/tex/latex/biblatex-gb7714-2015/gb7714-CCNU.cbx
/usr/local/texlive/2022/texmf-dist/tex/latex/biblatex-spbasic/biblatex-spbasic.cbx
/usr/local/texlive/2022/texmf-dist/tex/latex/historische-zeitschrift/historische-zeitschrift.cbx
/usr/local/texlive/2022/texmf-dist/tex/latex/biblatex-phys/phys.cbx
/usr/local/texlive/2022/texmf-dist/tex/latex/uni-wtal-lin/uni-wtal-lin.cbx
/usr/local/texlive/2022/texmf-dist/tex/latex/biblatex-musuos/musuos.cbx
/usr/local/texlive/2022/texmf-dist/tex/latex/biblatex-apa/apa.cbx
/usr/local/texlive/2022/texmf-dist/tex/latex/biblatex-trad/trad-plain.cbx
/usr/local/texlive/2022/texmf-dist/tex/latex/biblatex-trad/trad-unsrt.cbx
/usr/local/texlive/2022/texmf-dist/tex/latex/biblatex-trad/trad-standard.cbx
/usr/local/texlive/2022/texmf-dist/tex/latex/biblatex-trad/trad-abbrv.cbx
/usr/local/texlive/2022/texmf-dist/tex/latex/biblatex-trad/trad-alpha.cbx
/usr/local/texlive/2022/texmf-dist/tex/latex/biblatex-abnt/abnt.cbx
/usr/local/texlive/2022/texmf-dist/tex/latex/biblatex-abnt/abnt-ibid.cbx
/usr/local/texlive/2022/texmf-dist/tex/latex/biblatex-abnt/abnt-numeric.cbx
/usr/local/texlive/2022/texmf-dist/tex/latex/biblatex-oxref/oxalph.cbx
/usr/local/texlive/2022/texmf-dist/tex/latex/biblatex-oxref/oxnum.cbx
/usr/local/texlive/2022/texmf-dist/tex/latex/biblatex-oxref/oxnotes-note.cbx
/usr/local/texlive/2022/texmf-dist/tex/latex/biblatex-oxref/oxnotes.cbx
/usr/local/texlive/2022/texmf-dist/tex/latex/biblatex-oxref/oxnotes-trad1.cbx
/usr/local/texlive/2022/texmf-dist/tex/latex/biblatex-oxref/oxnotes-ibid.cbx
/usr/local/texlive/2022/texmf-dist/tex/latex/biblatex-oxref/oxnotes-trad3.cbx
/usr/local/texlive/2022/texmf-dist/tex/latex/biblatex-oxref/oxnotes-trad2.cbx
/usr/local/texlive/2022/texmf-dist/tex/latex/biblatex-oxref/oxnotes-inote.cbx
/usr/local/texlive/2022/texmf-dist/tex/latex/biblatex-oxref/oxyear.cbx
/usr/local/texlive/2022/texmf-dist/tex/latex/dtk/dtk.cbx
/usr/local/texlive/2022/texmf-dist/tex/latex/acmart/ACM-Reference-Format.cbx
/usr/local/texlive/2022/texmf-dist/tex/latex/biblatex-ext/ext-numeric.cbx
/usr/local/texlive/2022/texmf-dist/tex/latex/biblatex-ext/ext-authoryear-ticomp.cbx
/usr/local/texlive/2022/texmf-dist/tex/latex/biblatex-ext/ext-authoryear-comp.cbx
/usr/local/texlive/2022/texmf-dist/tex/latex/biblatex-ext/ext-authoryear.cbx
/usr/local/texlive/2022/texmf-dist/tex/latex/biblatex-ext/ext-authortitle-ticomp.cbx
/usr/local/texlive/2022/texmf-dist/tex/latex/biblatex-ext/ext-numeric-verb.cbx
/usr/local/texlive/2022/texmf-dist/tex/latex/biblatex-ext/ext-authortitle-icomp.cbx
/usr/local/texlive/2022/texmf-dist/tex/latex/biblatex-ext/ext-verbose-note.cbx
/usr/local/texlive/2022/texmf-dist/tex/latex/biblatex-ext/ext-authornumber-ecomp.cbx
/usr/local/texlive/2022/texmf-dist/tex/latex/biblatex-ext/ext-authoryear-ecomp.cbx
/usr/local/texlive/2022/texmf-dist/tex/latex/biblatex-ext/ext-authoryear-ibid.cbx
/usr/local/texlive/2022/texmf-dist/tex/latex/biblatex-ext/ext-authortitle-terse.cbx
/usr/local/texlive/2022/texmf-dist/tex/latex/biblatex-ext/ext-numeric-comp.cbx
/usr/local/texlive/2022/texmf-dist/tex/latex/biblatex-ext/ext-verbose-common.cbx
/usr/local/texlive/2022/texmf-dist/tex/latex/biblatex-ext/ext-authortitle-tcomp.cbx
/usr/local/texlive/2022/texmf-dist/tex/latex/biblatex-ext/ext-authoryear-iecomp.cbx
/usr/local/texlive/2022/texmf-dist/tex/latex/biblatex-ext/ext-authornumber-terse.cbx
/usr/local/texlive/2022/texmf-dist/tex/latex/biblatex-ext/ext-verbose.cbx
/usr/local/texlive/2022/texmf-dist/tex/latex/biblatex-ext/ext-authoryear-icomp.cbx
/usr/local/texlive/2022/texmf-dist/tex/latex/biblatex-ext/ext-verbose-trad1.cbx
/usr/local/texlive/2022/texmf-dist/tex/latex/biblatex-ext/ext-verbose-trad3.cbx
/usr/local/texlive/2022/texmf-dist/tex/latex/biblatex-ext/ext-authornumber-tcomp.cbx
/usr/local/texlive/2022/texmf-dist/tex/latex/biblatex-ext/ext-authornumber-comp.cbx
/usr/local/texlive/2022/texmf-dist/tex/latex/biblatex-ext/ext-authortitle-comp.cbx
/usr/local/texlive/2022/texmf-dist/tex/latex/biblatex-ext/ext-verbose-inote.cbx
/usr/local/texlive/2022/texmf-dist/tex/latex/biblatex-ext/ext-verbose-trad2.cbx
/usr/local/texlive/2022/texmf-dist/tex/latex/biblatex-ext/ext-authornumber-tecomp.cbx
/usr/local/texlive/2022/texmf-dist/tex/latex/biblatex-ext/ext-authoryear-tcomp.cbx
/usr/local/texlive/2022/texmf-dist/tex/latex/biblatex-ext/ext-authornumber.cbx
/usr/local/texlive/2022/texmf-dist/tex/latex/biblatex-ext/ext-authoryear-terse.cbx
/usr/local/texlive/2022/texmf-dist/tex/latex/biblatex-ext/ext-verbose-ibid.cbx
/usr/local/texlive/2022/texmf-dist/tex/latex/biblatex-ext/ext-verbose-note-common.cbx
/usr/local/texlive/2022/texmf-dist/tex/latex/biblatex-ext/ext-alphabetic-verb.cbx
/usr/local/texlive/2022/texmf-dist/tex/latex/biblatex-ext/ext-alphabetic.cbx
/usr/local/texlive/2022/texmf-dist/tex/latex/biblatex-ext/ext-authortitle.cbx
/usr/local/texlive/2022/texmf-dist/tex/latex/biblatex-ext/ext-authortitle-ibid.cbx
/usr/local/texlive/2022/texmf-dist/tex/latex/biblatex-ext/ext-authoryear-tiecomp.cbx
/usr/local/texlive/2022/texmf-dist/tex/latex/biblatex-ext/ext-authoryear-tecomp.cbx
/usr/local/texlive/2022/texmf-dist/tex/latex/biblatex-dw/cbx/standard-dw.cbx
/usr/local/texlive/2022/texmf-dist/tex/latex/biblatex-dw/cbx/footnote-dw.cbx
/usr/local/texlive/2022/texmf-dist/tex/latex/biblatex-dw/cbx/authortitle-dw.cbx
/usr/local/texlive/2022/texmf-dist/tex/latex/biblatex-ijsra/ijsra.cbx
/usr/local/texlive/2022/texmf-dist/tex/latex/biblatex-lni/LNI.cbx
/usr/local/texlive/2022/texmf-dist/tex/latex/biblatex-fiwi/fiwi.cbx
/usr/local/texlive/2022/texmf-dist/tex/latex/biblatex-fiwi/fiwi2.cbx
/usr/local/texlive/2022/texmf-dist/tex/latex/oscola/oscola.cbx
/usr/local/texlive/2022/texmf-dist/tex/latex/biblatex-juradiss/biblatex-juradiss.cbx
/usr/local/texlive/2022/texmf-dist/tex/latex/biblatex-vancouver/vancouver.cbx
/usr/local/texlive/2022/texmf-dist/tex/latex/biblatex-mla/mla7.cbx
/usr/local/texlive/2022/texmf-dist/tex/latex/biblatex-mla/mla-strict.cbx
/usr/local/texlive/2022/texmf-dist/tex/latex/biblatex-mla/mla-new.cbx
/usr/local/texlive/2022/texmf-dist/tex/latex/biblatex-mla/mla-footnotes.cbx
/usr/local/texlive/2022/texmf-dist/tex/latex/biblatex-mla/mla.cbx
/usr/local/texlive/2022/texmf-dist/tex/latex/biblatex-historian/historian.cbx
/usr/local/texlive/2022/texmf-dist/tex/latex/biblatex-nejm/nejm.cbx
/usr/local/texlive/2022/texmf-dist/tex/latex/biblatex-luh-ipw/cbx/verbose-inote-luh-ipw.cbx
/usr/local/texlive/2022/texmf-dist/tex/latex/biblatex-luh-ipw/cbx/authoryear-luh-ipw.cbx
/usr/local/texlive/2022/texmf-dist/tex/latex/biblatex-luh-ipw/cbx/standard-luh-ipw.cbx
/usr/local/texlive/2022/texmf-dist/tex/latex/savetrees/savetrees.cbx
/usr/local/texlive/2022/texmf-dist/tex/latex/biblatex-arthistory-bonn/arthistory-bonn.cbx
/usr/local/texlive/2022/texmf-dist/tex/latex/biblatex-chem/chem-acs.cbx
/usr/local/texlive/2022/texmf-dist/tex/latex/biblatex-chem/chem-rsc.cbx
/usr/local/texlive/2022/texmf-dist/tex/latex/biblatex-chem/chem-angew.cbx
/usr/local/texlive/2022/texmf-dist/tex/latex/biblatex-chem/chem-biochem.cbx
/usr/local/texlive/2022/texmf-dist/tex/latex/biblatex-german-legal/german-legal-book.cbx
/usr/local/texlive/2022/texmf-dist/tex/latex/biblatex-ieee/ieee.cbx
/usr/local/texlive/2022/texmf-dist/tex/latex/biblatex-ieee/ieee-alphabetic.cbx
/usr/local/texlive/2022/texmf-dist/tex/latex/cnltx/cnltx.cbx
/usr/local/texlive/2022/texmf-dist/tex/latex/biblatex-caspervector/caspervector.cbx
/usr/local/texlive/2022/texmf-dist/tex/latex/biblatex-caspervector/caspervector-ay.cbx
/usr/local/texlive/2022/texmf-dist/tex/latex/biblatex-publist/publist.cbx
/usr/local/texlive/2022/texmf-dist/tex/latex/biblatex-bwl/bwl-FU.cbx
/usr/local/texlive/2022/texmf-dist/tex/latex/biblatex-philosophy/philosophy-modern.cbx
/usr/local/texlive/2022/texmf-dist/tex/latex/biblatex-philosophy/philosophy-verbose.cbx
/usr/local/texlive/2022/texmf-dist/tex/latex/biblatex-philosophy/philosophy-classic.cbx
/usr/local/texlive/2022/texmf-dist/tex/latex/biblatex-apa6/apa6.cbx
/usr/local/texlive/2022/texmf-dist/tex/latex/biblatex-cv/biblatex-cv.cbx
/usr/local/texlive/2022/texmf-dist/tex/latex/biblatex-sbl/sbl.cbx
/usr/local/texlive/2022/texmf-dist/tex/latex/nwejm/nwejm.cbx
/usr/local/texlive/2022/texmf-dist/tex/latex/biblatex-ajc2020unofficial/ajc2020unofficial.cbx
/usr/local/texlive/2022/texmf-dist/tex/latex/geschichtsfrkl/geschichtsfrkl.cbx
/usr/local/texlive/2022/texmf-dist/tex/latex/biblatex-jura2/jura2.cbx
/usr/local/texlive/2022/texmf-dist/tex/latex/biblatex-socialscienceshuberlin/socialscienceshuberlin.cbx
/usr/local/texlive/2022/texmf-dist/tex/latex/biblatex-chicago/chicago-authordate-trad.cbx
/usr/local/texlive/2022/texmf-dist/tex/latex/biblatex-chicago/chicago-authordate-trad16.cbx
/usr/local/texlive/2022/texmf-dist/tex/latex/biblatex-chicago/chicago-authordate.cbx
/usr/local/texlive/2022/texmf-dist/tex/latex/biblatex-chicago/chicago-authordate16.cbx
/usr/local/texlive/2022/texmf-dist/tex/latex/biblatex-chicago/chicago-notes16.cbx
/usr/local/texlive/2022/texmf-dist/tex/latex/biblatex-chicago/chicago-notes.cbx
/usr/local/texlive/2022/texmf-dist/tex/latex/biblatex-chicago/chicago-dates-common16.cbx
/usr/local/texlive/2022/texmf-dist/tex/latex/biblatex-chicago/chicago-dates-common.cbx
/usr/local/texlive/2022/texmf-dist/tex/latex/windycity/windycity.cbx
/usr/local/texlive/2022/texmf-dist/tex/latex/biblatex-bath/bath.cbx
/usr/local/texlive/2022/texmf-dist/tex/latex/thuthesis/thuthesis-bachelor.cbx
/usr/local/texlive/2022/texmf-dist/tex/latex/thuthesis/thuthesis-author-year.cbx
/usr/local/texlive/2022/texmf-dist/tex/latex/thuthesis/thuthesis-numeric.cbx
/usr/local/texlive/2022/texmf-dist/tex/latex/thuthesis/thuthesis-inline.cbx
/usr/local/texlive/2022/texmf-dist/tex/latex/biblatex-archaeology/authoryear-icomp-archaeology.cbx
/usr/local/texlive/2022/texmf-dist/tex/latex/biblatex-archaeology/verbose-trad2note-archaeology.cbx
/usr/local/texlive/2022/texmf-dist/tex/latex/biblatex-archaeology/aefkw.cbx
/usr/local/texlive/2022/texmf-dist/tex/latex/biblatex-archaeology/ufg-muenster-verbose.cbx
/usr/local/texlive/2022/texmf-dist/tex/latex/biblatex-archaeology/nnu.cbx
/usr/local/texlive/2022/texmf-dist/tex/latex/biblatex-archaeology/rgzm-inline.cbx
/usr/local/texlive/2022/texmf-dist/tex/latex/biblatex-archaeology/dguf-apa.cbx
/usr/local/texlive/2022/texmf-dist/tex/latex/biblatex-archaeology/archa.cbx
/usr/local/texlive/2022/texmf-dist/tex/latex/biblatex-archaeology/kunde.cbx
/usr/local/texlive/2022/texmf-dist/tex/latex/biblatex-archaeology/authoryear-archaeology.cbx
/usr/local/texlive/2022/texmf-dist/tex/latex/biblatex-archaeology/jb-kreis-neuss.cbx
/usr/local/texlive/2022/texmf-dist/tex/latex/biblatex-archaeology/rgk-numeric-old.cbx
/usr/local/texlive/2022/texmf-dist/tex/latex/biblatex-archaeology/rgk-verbose.cbx
/usr/local/texlive/2022/texmf-dist/tex/latex/biblatex-archaeology/karl.cbx
/usr/local/texlive/2022/texmf-dist/tex/latex/biblatex-archaeology/rgk-verbose-old.cbx
/usr/local/texlive/2022/texmf-dist/tex/latex/biblatex-archaeology/dguf.cbx
/usr/local/texlive/2022/texmf-dist/tex/latex/biblatex-archaeology/eaz-alt.cbx
/usr/local/texlive/2022/texmf-dist/tex/latex/biblatex-archaeology/rgzm-verbose.cbx
/usr/local/texlive/2022/texmf-dist/tex/latex/biblatex-archaeology/dguf-alt.cbx
/usr/local/texlive/2022/texmf-dist/tex/latex/biblatex-archaeology/offa.cbx
/usr/local/texlive/2022/texmf-dist/tex/latex/biblatex-archaeology/verbose-archaeology.cbx
/usr/local/texlive/2022/texmf-dist/tex/latex/biblatex-archaeology/ufg-muenster-numeric.cbx
/usr/local/texlive/2022/texmf-dist/tex/latex/biblatex-archaeology/niedersachsen.cbx
/usr/local/texlive/2022/texmf-dist/tex/latex/biblatex-archaeology/verbose-ibid-archaeology.cbx
/usr/local/texlive/2022/texmf-dist/tex/latex/biblatex-archaeology/zaes.cbx
/usr/local/texlive/2022/texmf-dist/tex/latex/biblatex-archaeology/eaz.cbx
/usr/local/texlive/2022/texmf-dist/tex/latex/biblatex-archaeology/jb-halle.cbx
/usr/local/texlive/2022/texmf-dist/tex/latex/biblatex-archaeology/numeric-comp-archaeology.cbx
/usr/local/texlive/2022/texmf-dist/tex/latex/biblatex-archaeology/ufg-muenster-inline.cbx
/usr/local/texlive/2022/texmf-dist/tex/latex/biblatex-archaeology/volkskunde.cbx
/usr/local/texlive/2022/texmf-dist/tex/latex/biblatex-archaeology/amit.cbx
/usr/local/texlive/2022/texmf-dist/tex/latex/biblatex-archaeology/maja.cbx
/usr/local/texlive/2022/texmf-dist/tex/latex/biblatex-archaeology/mpkoeaw.cbx
/usr/local/texlive/2022/texmf-dist/tex/latex/biblatex-archaeology/rgk-numeric.cbx
/usr/local/texlive/2022/texmf-dist/tex/latex/biblatex-archaeology/zaak.cbx
/usr/local/texlive/2022/texmf-dist/tex/latex/biblatex-archaeology/mpk.cbx
/usr/local/texlive/2022/texmf-dist/tex/latex/biblatex-archaeology/afwl.cbx
/usr/local/texlive/2022/texmf-dist/tex/latex/biblatex-archaeology/authoryear-comp-archaeology.cbx
/usr/local/texlive/2022/texmf-dist/tex/latex/biblatex-archaeology/authoryear-ibid-archaeology.cbx
/usr/local/texlive/2022/texmf-dist/tex/latex/biblatex-archaeology/rgk-inline.cbx
/usr/local/texlive/2022/texmf-dist/tex/latex/biblatex-archaeology/rgk-inline-old.cbx
/usr/local/texlive/2022/texmf-dist/tex/latex/biblatex-archaeology/foe.cbx
/usr/local/texlive/2022/texmf-dist/tex/latex/biblatex-archaeology/rgzm-numeric.cbx
/usr/local/texlive/2022/texmf-dist/tex/latex/biblatex-science/science.cbx
/usr/local/texlive/2022/texmf-dist/tex/latex/emisa/emisa.cbx
/usr/local/texlive/2022/texmf-dist/tex/latex/uni-wtal-ger/uni-wtal-ger.cbx
/usr/local/texlive/2022/texmf-dist/tex/latex/biblatex-unified/unified.cbx
/usr/local/texlive/2022/texmf-dist/tex/latex/biblatex-swiss-legal/biblatex-swiss-legal-general.cbx
/usr/local/texlive/2022/texmf-dist/tex/latex/biblatex-swiss-legal/biblatex-swiss-legal-longarticle.cbx
/usr/local/texlive/2022/texmf-dist/tex/latex/biblatex-swiss-legal/biblatex-swiss-legal-bibliography.cbx
/usr/local/texlive/2022/texmf-dist/tex/latex/biblatex-swiss-legal/biblatex-swiss-legal-base.cbx
/usr/local/texlive/2022/texmf-dist/tex/latex/biblatex-swiss-legal/biblatex-swiss-legal-shortarticle.cbx
/usr/local/texlive/2022/texmf-dist/tex/latex/biblatex-lncs/lncs.cbx
/usr/local/texlive/2022/texmf-dist/tex/latex/univie-ling/univie-ling.cbx
/usr/local/texlive/2022/texmf-dist/tex/latex/biblatex-nottsclassic/nottsclassic.cbx
/usr/local/texlive/2022/texmf-dist/tex/latex/droit-fr/droit-fr.cbx
/usr/local/texlive/2022/texmf-dist/tex/latex/ecobiblatex/ecobiblatex.cbx
/usr/local/texlive/2022/texmf-dist/tex/latex/biblatex-nature/nature.cbx
/usr/local/texlive/2022/texmf-dist/tex/latex/biblatex-enc/enc.cbx
/usr/local/texlive/2022/texmf-dist/tex/latex/biblatex-iso690/iso-alphabetic.cbx
/usr/local/texlive/2022/texmf-dist/tex/latex/biblatex-iso690/iso-authortitle.cbx
/usr/local/texlive/2022/texmf-dist/tex/latex/biblatex-iso690/iso-numeric.cbx
/usr/local/texlive/2022/texmf-dist/tex/latex/biblatex-iso690/iso-authoryear.cbx
/usr/local/texlive/2022/texmf-dist/tex/latex/biblatex-iso690/iso-fullcite.cbx
/usr/local/texlive/2022/texmf-dist/tex/latex/biblatex-gost/gost-footnote.cbx
/usr/local/texlive/2022/texmf-dist/tex/latex/biblatex-gost/gost-footnote-min.cbx
/usr/local/texlive/2022/texmf-dist/tex/latex/biblatex-gost/gost-inline-min.cbx
/usr/local/texlive/2022/texmf-dist/tex/latex/biblatex-gost/gost-alphabetic-min.cbx
/usr/local/texlive/2022/texmf-dist/tex/latex/biblatex-gost/gost-numeric.cbx
/usr/local/texlive/2022/texmf-dist/tex/latex/biblatex-gost/gost-authoryear.cbx
/usr/local/texlive/2022/texmf-dist/tex/latex/biblatex-gost/gost-alphabetic.cbx
/usr/local/texlive/2022/texmf-dist/tex/latex/biblatex-gost/gost-numeric-min.cbx
/usr/local/texlive/2022/texmf-dist/tex/latex/biblatex-gost/gost-inline.cbx
/usr/local/texlive/2022/texmf-dist/tex/latex/biblatex-gost/gost-authoryear-min.cbx
/usr/local/texlive/2022/texmf-dist/tex/latex/biblatex/cbx/authoryear-ibid.cbx
/usr/local/texlive/2022/texmf-dist/tex/latex/biblatex/cbx/draft.cbx
/usr/local/texlive/2022/texmf-dist/tex/latex/biblatex/cbx/authortitle.cbx
/usr/local/texlive/2022/texmf-dist/tex/latex/biblatex/cbx/authoryear.cbx
/usr/local/texlive/2022/texmf-dist/tex/latex/biblatex/cbx/authortitle-ticomp.cbx
/usr/local/texlive/2022/texmf-dist/tex/latex/biblatex/cbx/reading.cbx
/usr/local/texlive/2022/texmf-dist/tex/latex/biblatex/cbx/numeric-verb.cbx
/usr/local/texlive/2022/texmf-dist/tex/latex/biblatex/cbx/authortitle-tcomp.cbx
/usr/local/texlive/2022/texmf-dist/tex/latex/biblatex/cbx/verbose-note.cbx
/usr/local/texlive/2022/texmf-dist/tex/latex/biblatex/cbx/authortitle-terse.cbx
/usr/local/texlive/2022/texmf-dist/tex/latex/biblatex/cbx/numeric.cbx
/usr/local/texlive/2022/texmf-dist/tex/latex/biblatex/cbx/authortitle-icomp.cbx
/usr/local/texlive/2022/texmf-dist/tex/latex/biblatex/cbx/authoryear-comp.cbx
/usr/local/texlive/2022/texmf-dist/tex/latex/biblatex/cbx/numeric-comp.cbx
/usr/local/texlive/2022/texmf-dist/tex/latex/biblatex/cbx/verbose-trad2.cbx
/usr/local/texlive/2022/texmf-dist/tex/latex/biblatex/cbx/verbose-inote.cbx
/usr/local/texlive/2022/texmf-dist/tex/latex/biblatex/cbx/debug.cbx
/usr/local/texlive/2022/texmf-dist/tex/latex/biblatex/cbx/authortitle-comp.cbx
/usr/local/texlive/2022/texmf-dist/tex/latex/biblatex/cbx/verbose-trad3.cbx
/usr/local/texlive/2022/texmf-dist/tex/latex/biblatex/cbx/verbose-trad1.cbx
/usr/local/texlive/2022/texmf-dist/tex/latex/biblatex/cbx/authoryear-icomp.cbx
/usr/local/texlive/2022/texmf-dist/tex/latex/biblatex/cbx/verbose-ibid.cbx
/usr/local/texlive/2022/texmf-dist/tex/latex/biblatex/cbx/alphabetic-verb.cbx
/usr/local/texlive/2022/texmf-dist/tex/latex/biblatex/cbx/verbose.cbx
/usr/local/texlive/2022/texmf-dist/tex/latex/biblatex/cbx/alphabetic.cbx
/usr/local/texlive/2022/texmf-dist/tex/latex/biblatex/cbx/authortitle-ibid.cbx
/usr/local/texlive/2022/texmf-dist/tex/latex/archaeologie/archaeologie.cbx
/usr/local/texlive/2022/texmf-dist/tex/latex/biblatex-gb7714-2015/gb7714-2015.cbx
/usr/local/texlive/2022/texmf-dist/tex/latex/biblatex-gb7714-2015/gb7714-1987ay.cbx
/usr/local/texlive/2022/texmf-dist/tex/latex/biblatex-gb7714-2015/gb7714-2005.cbx
/usr/local/texlive/2022/texmf-dist/tex/latex/biblatex-gb7714-2015/gb7714-2015mx.cbx
/usr/local/texlive/2022/texmf-dist/tex/latex/biblatex-gb7714-2015/gb7714-2015ay.cbx
/usr/local/texlive/2022/texmf-dist/tex/latex/biblatex-gb7714-2015/gb7714-1987.cbx
/usr/local/texlive/2022/texmf-dist/tex/latex/biblatex-gb7714-2015/gb7714-SEU.cbx
/usr/local/texlive/2022/texmf-dist/tex/latex/biblatex-gb7714-2015/gb7714-2015ms.cbx
/usr/local/texlive/2022/texmf-dist/tex/latex/biblatex-gb7714-2015/gb7714-NWAFU.cbx
/usr/local/texlive/2022/texmf-dist/tex/latex/biblatex-gb7714-2015/chinese-erj.cbx
/usr/local/texlive/2022/texmf-dist/tex/latex/biblatex-gb7714-2015/gb7714-2005ay.cbx
/usr/local/texlive/2022/texmf-dist/tex/latex/biblatex-gb7714-2015/gb7714-CCNU.cbx
/usr/local/texlive/2022/texmf-dist/tex/latex/biblatex-spbasic/biblatex-spbasic.cbx
/usr/local/texlive/2022/texmf-dist/tex/latex/historische-zeitschrift/historische-zeitschrift.cbx
/usr/local/texlive/2022/texmf-dist/tex/latex/biblatex-phys/phys.cbx
/usr/local/texlive/2022/texmf-dist/tex/latex/uni-wtal-lin/uni-wtal-lin.cbx
/usr/local/texlive/2022/texmf-dist/tex/latex/biblatex-musuos/musuos.cbx
/usr/local/texlive/2022/texmf-dist/tex/latex/biblatex-apa/apa.cbx
/usr/local/texlive/2022/texmf-dist/tex/latex/biblatex-trad/trad-plain.cbx
/usr/local/texlive/2022/texmf-dist/tex/latex/biblatex-trad/trad-unsrt.cbx
/usr/local/texlive/2022/texmf-dist/tex/latex/biblatex-trad/trad-standard.cbx
/usr/local/texlive/2022/texmf-dist/tex/latex/biblatex-trad/trad-abbrv.cbx
/usr/local/texlive/2022/texmf-dist/tex/latex/biblatex-trad/trad-alpha.cbx
/usr/local/texlive/2022/texmf-dist/tex/latex/biblatex-abnt/abnt.cbx
/usr/local/texlive/2022/texmf-dist/tex/latex/biblatex-abnt/abnt-ibid.cbx
/usr/local/texlive/2022/texmf-dist/tex/latex/biblatex-abnt/abnt-numeric.cbx
/usr/local/texlive/2022/texmf-dist/tex/latex/biblatex-oxref/oxalph.cbx
/usr/local/texlive/2022/texmf-dist/tex/latex/biblatex-oxref/oxnum.cbx
/usr/local/texlive/2022/texmf-dist/tex/latex/biblatex-oxref/oxnotes-note.cbx
/usr/local/texlive/2022/texmf-dist/tex/latex/biblatex-oxref/oxnotes.cbx
/usr/local/texlive/2022/texmf-dist/tex/latex/biblatex-oxref/oxnotes-trad1.cbx
/usr/local/texlive/2022/texmf-dist/tex/latex/biblatex-oxref/oxnotes-ibid.cbx
/usr/local/texlive/2022/texmf-dist/tex/latex/biblatex-oxref/oxnotes-trad3.cbx
/usr/local/texlive/2022/texmf-dist/tex/latex/biblatex-oxref/oxnotes-trad2.cbx
/usr/local/texlive/2022/texmf-dist/tex/latex/biblatex-oxref/oxnotes-inote.cbx
/usr/local/texlive/2022/texmf-dist/tex/latex/biblatex-oxref/oxyear.cbx
/usr/local/texlive/2022/texmf-dist/tex/latex/dtk/dtk.cbx
/usr/local/texlive/2022/texmf-dist/tex/latex/acmart/ACM-Reference-Format.cbx
/usr/local/texlive/2022/texmf-dist/tex/latex/biblatex-ext/ext-numeric.cbx
/usr/local/texlive/2022/texmf-dist/tex/latex/biblatex-ext/ext-authoryear-ticomp.cbx
/usr/local/texlive/2022/texmf-dist/tex/latex/biblatex-ext/ext-authoryear-comp.cbx
/usr/local/texlive/2022/texmf-dist/tex/latex/biblatex-ext/ext-authoryear.cbx
/usr/local/texlive/2022/texmf-dist/tex/latex/biblatex-ext/ext-authortitle-ticomp.cbx
/usr/local/texlive/2022/texmf-dist/tex/latex/biblatex-ext/ext-numeric-verb.cbx
/usr/local/texlive/2022/texmf-dist/tex/latex/biblatex-ext/ext-authortitle-icomp.cbx
/usr/local/texlive/2022/texmf-dist/tex/latex/biblatex-ext/ext-verbose-note.cbx
/usr/local/texlive/2022/texmf-dist/tex/latex/biblatex-ext/ext-authornumber-ecomp.cbx
/usr/local/texlive/2022/texmf-dist/tex/latex/biblatex-ext/ext-authoryear-ecomp.cbx
/usr/local/texlive/2022/texmf-dist/tex/latex/biblatex-ext/ext-authoryear-ibid.cbx
/usr/local/texlive/2022/texmf-dist/tex/latex/biblatex-ext/ext-authortitle-terse.cbx
/usr/local/texlive/2022/texmf-dist/tex/latex/biblatex-ext/ext-numeric-comp.cbx
/usr/local/texlive/2022/texmf-dist/tex/latex/biblatex-ext/ext-verbose-common.cbx
/usr/local/texlive/2022/texmf-dist/tex/latex/biblatex-ext/ext-authortitle-tcomp.cbx
/usr/local/texlive/2022/texmf-dist/tex/latex/biblatex-ext/ext-authoryear-iecomp.cbx
/usr/local/texlive/2022/texmf-dist/tex/latex/biblatex-ext/ext-authornumber-terse.cbx
/usr/local/texlive/2022/texmf-dist/tex/latex/biblatex-ext/ext-verbose.cbx
/usr/local/texlive/2022/texmf-dist/tex/latex/biblatex-ext/ext-authoryear-icomp.cbx
/usr/local/texlive/2022/texmf-dist/tex/latex/biblatex-ext/ext-verbose-trad1.cbx
/usr/local/texlive/2022/texmf-dist/tex/latex/biblatex-ext/ext-verbose-trad3.cbx
/usr/local/texlive/2022/texmf-dist/tex/latex/biblatex-ext/ext-authornumber-tcomp.cbx
/usr/local/texlive/2022/texmf-dist/tex/latex/biblatex-ext/ext-authornumber-comp.cbx
/usr/local/texlive/2022/texmf-dist/tex/latex/biblatex-ext/ext-authortitle-comp.cbx
/usr/local/texlive/2022/texmf-dist/tex/latex/biblatex-ext/ext-verbose-inote.cbx
/usr/local/texlive/2022/texmf-dist/tex/latex/biblatex-ext/ext-verbose-trad2.cbx
/usr/local/texlive/2022/texmf-dist/tex/latex/biblatex-ext/ext-authornumber-tecomp.cbx
/usr/local/texlive/2022/texmf-dist/tex/latex/biblatex-ext/ext-authoryear-tcomp.cbx
/usr/local/texlive/2022/texmf-dist/tex/latex/biblatex-ext/ext-authornumber.cbx
/usr/local/texlive/2022/texmf-dist/tex/latex/biblatex-ext/ext-authoryear-terse.cbx
/usr/local/texlive/2022/texmf-dist/tex/latex/biblatex-ext/ext-verbose-ibid.cbx
/usr/local/texlive/2022/texmf-dist/tex/latex/biblatex-ext/ext-verbose-note-common.cbx
/usr/local/texlive/2022/texmf-dist/tex/latex/biblatex-ext/ext-alphabetic-verb.cbx
/usr/local/texlive/2022/texmf-dist/tex/latex/biblatex-ext/ext-alphabetic.cbx
/usr/local/texlive/2022/texmf-dist/tex/latex/biblatex-ext/ext-authortitle.cbx
/usr/local/texlive/2022/texmf-dist/tex/latex/biblatex-ext/ext-authortitle-ibid.cbx
/usr/local/texlive/2022/texmf-dist/tex/latex/biblatex-ext/ext-authoryear-tiecomp.cbx
/usr/local/texlive/2022/texmf-dist/tex/latex/biblatex-ext/ext-authoryear-tecomp.cbx
/usr/local/texlive/2022/texmf-dist/tex/latex/biblatex-dw/cbx/standard-dw.cbx
/usr/local/texlive/2022/texmf-dist/tex/latex/biblatex-dw/cbx/footnote-dw.cbx
/usr/local/texlive/2022/texmf-dist/tex/latex/biblatex-dw/cbx/authortitle-dw.cbx
/usr/local/texlive/2022/texmf-dist/tex/latex/biblatex-ijsra/ijsra.cbx
/usr/local/texlive/2022/texmf-dist/tex/latex/biblatex-lni/LNI.cbx
/usr/local/texlive/2022/texmf-dist/tex/latex/biblatex-fiwi/fiwi.cbx
/usr/local/texlive/2022/texmf-dist/tex/latex/biblatex-fiwi/fiwi2.cbx
/usr/local/texlive/2022/texmf-dist/tex/latex/oscola/oscola.cbx
/usr/local/texlive/2022/texmf-dist/tex/latex/biblatex-juradiss/biblatex-juradiss.cbx
/usr/local/texlive/2022/texmf-dist/tex/latex/biblatex-vancouver/vancouver.cbx
/usr/local/texlive/2022/texmf-dist/tex/latex/biblatex-mla/mla7.cbx
/usr/local/texlive/2022/texmf-dist/tex/latex/biblatex-mla/mla-strict.cbx
/usr/local/texlive/2022/texmf-dist/tex/latex/biblatex-mla/mla-new.cbx
/usr/local/texlive/2022/texmf-dist/tex/latex/biblatex-mla/mla-footnotes.cbx
/usr/local/texlive/2022/texmf-dist/tex/latex/biblatex-mla/mla.cbx
/usr/local/texlive/2022/texmf-dist/tex/latex/biblatex-historian/historian.cbx
/usr/local/texlive/2022/texmf-dist/tex/latex/biblatex-nejm/nejm.cbx
/usr/local/texlive/2022/texmf-dist/tex/latex/biblatex-luh-ipw/cbx/verbose-inote-luh-ipw.cbx
/usr/local/texlive/2022/texmf-dist/tex/latex/biblatex-luh-ipw/cbx/authoryear-luh-ipw.cbx
/usr/local/texlive/2022/texmf-dist/tex/latex/biblatex-luh-ipw/cbx/standard-luh-ipw.cbx
/usr/local/texlive/2022/texmf-dist/tex/latex/savetrees/savetrees.cbx
/usr/local/texlive/2022/texmf-dist/tex/latex/biblatex-arthistory-bonn/arthistory-bonn.cbx
/usr/local/texlive/2022/texmf-dist/tex/latex/biblatex-chem/chem-acs.cbx
/usr/local/texlive/2022/texmf-dist/tex/latex/biblatex-chem/chem-rsc.cbx
/usr/local/texlive/2022/texmf-dist/tex/latex/biblatex-chem/chem-angew.cbx
/usr/local/texlive/2022/texmf-dist/tex/latex/biblatex-chem/chem-biochem.cbx
/usr/local/texlive/2022/texmf-dist/tex/latex/biblatex-german-legal/german-legal-book.cbx
/usr/local/texlive/2022/texmf-dist/tex/latex/biblatex-ieee/ieee.cbx
/usr/local/texlive/2022/texmf-dist/tex/latex/biblatex-ieee/ieee-alphabetic.cbx
/usr/local/texlive/2022/texmf-dist/tex/latex/cnltx/cnltx.cbx
/usr/local/texlive/2022/texmf-dist/tex/latex/biblatex-caspervector/caspervector.cbx
/usr/local/texlive/2022/texmf-dist/tex/latex/biblatex-caspervector/caspervector-ay.cbx
/usr/local/texlive/2022/texmf-dist/tex/latex/biblatex-publist/publist.cbx
/usr/local/texlive/2022/texmf-dist/tex/latex/biblatex-bwl/bwl-FU.cbx
/usr/local/texlive/2022/texmf-dist/tex/latex/biblatex-philosophy/philosophy-modern.cbx
/usr/local/texlive/2022/texmf-dist/tex/latex/biblatex-philosophy/philosophy-verbose.cbx
/usr/local/texlive/2022/texmf-dist/tex/latex/biblatex-philosophy/philosophy-classic.cbx
/usr/local/texlive/2022/texmf-dist/tex/latex/biblatex-apa6/apa6.cbx
/usr/local/texlive/2022/texmf-dist/tex/latex/biblatex-cv/biblatex-cv.cbx
/usr/local/texlive/2022/texmf-dist/tex/latex/biblatex-sbl/sbl.cbx
/usr/local/texlive/2022/texmf-dist/tex/latex/nwejm/nwejm.cbx
/usr/local/texlive/2022/texmf-dist/tex/latex/biblatex-ajc2020unofficial/ajc2020unofficial.cbx
/usr/local/texlive/2022/texmf-dist/tex/latex/geschichtsfrkl/geschichtsfrkl.cbx
/usr/local/texlive/2022/texmf-dist/tex/latex/biblatex-jura2/jura2.cbx
/usr/local/texlive/2022/texmf-dist/tex/latex/biblatex-socialscienceshuberlin/socialscienceshuberlin.cbx
/usr/local/texlive/2022/texmf-dist/tex/xelatex/langsci/langsci-unified.cbx
