/usr/local/texlive/2022/texmf-dist/tex/generic/xypic/movie.cls
/usr/local/texlive/2022/texmf-dist/tex/generic/dcpic/europroc.cls
/usr/local/texlive/2022/texmf-dist/tex/latex/aastex/aastex631.cls
/usr/local/texlive/2022/texmf-dist/tex/latex/isodoc/isodoc.cls
/usr/local/texlive/2022/texmf-dist/tex/latex/mentis/mentis.cls
/usr/local/texlive/2022/texmf-dist/tex/latex/muthesis/muthesis.cls
/usr/local/texlive/2022/texmf-dist/tex/latex/muthesis/third-rep.cls
/usr/local/texlive/2022/texmf-dist/tex/latex/paper/paper.cls
/usr/local/texlive/2022/texmf-dist/tex/latex/paper/journal.cls
/usr/local/texlive/2022/texmf-dist/tex/latex/revtex4-1/revtex4-1.cls
/usr/local/texlive/2022/texmf-dist/tex/latex/uebungsblatt/uebungsblatt.cls
/usr/local/texlive/2022/texmf-dist/tex/latex/simplivre/simplivre.cls
/usr/local/texlive/2022/texmf-dist/tex/latex/smflatex/smfart.cls
/usr/local/texlive/2022/texmf-dist/tex/latex/smflatex/smfbook.cls
/usr/local/texlive/2022/texmf-dist/tex/latex/europecv/europecv.cls
/usr/local/texlive/2022/texmf-dist/tex/latex/eskd/eskd.cls
/usr/local/texlive/2022/texmf-dist/tex/latex/nrc/nrc1.cls
/usr/local/texlive/2022/texmf-dist/tex/latex/nrc/nrc2.cls
/usr/local/texlive/2022/texmf-dist/tex/latex/moderncv/moderncv.cls
/usr/local/texlive/2022/texmf-dist/tex/latex/einfart/einfart.cls
/usr/local/texlive/2022/texmf-dist/tex/latex/brandeis-problemset/brandeis-problemset.cls
/usr/local/texlive/2022/texmf-dist/tex/latex/xmuthesis/xmuthesis.cls
/usr/local/texlive/2022/texmf-dist/tex/latex/sciposter/sciposter.cls
/usr/local/texlive/2022/texmf-dist/tex/latex/koma-script/scrlttr2.cls
/usr/local/texlive/2022/texmf-dist/tex/latex/koma-script/scrletter.cls
/usr/local/texlive/2022/texmf-dist/tex/latex/koma-script/scrdoc.cls
/usr/local/texlive/2022/texmf-dist/tex/latex/koma-script/scrarticle.cls
/usr/local/texlive/2022/texmf-dist/tex/latex/koma-script/scrreprt.cls
/usr/local/texlive/2022/texmf-dist/tex/latex/koma-script/scrartcl.cls
/usr/local/texlive/2022/texmf-dist/tex/latex/koma-script/scrreport.cls
/usr/local/texlive/2022/texmf-dist/tex/latex/koma-script/scrbook.cls
/usr/local/texlive/2022/texmf-dist/tex/latex/schwalbe-chess/schwalbe.cls
/usr/local/texlive/2022/texmf-dist/tex/latex/hagenberg-thesis/hgbreport.cls
/usr/local/texlive/2022/texmf-dist/tex/latex/hagenberg-thesis/hgbarticle.cls
/usr/local/texlive/2022/texmf-dist/tex/latex/hagenberg-thesis/hgbthesis.cls
/usr/local/texlive/2022/texmf-dist/tex/latex/afparticle/afparticle.cls
/usr/local/texlive/2022/texmf-dist/tex/latex/yaletter/yaletter.cls
/usr/local/texlive/2022/texmf-dist/tex/latex/papertex/papertex.cls
/usr/local/texlive/2022/texmf-dist/tex/latex/ieeetran/IEEEtran.cls
/usr/local/texlive/2022/texmf-dist/tex/latex/icsv/icsv.cls
/usr/local/texlive/2022/texmf-dist/tex/latex/uafthesis/uafthesis.cls
/usr/local/texlive/2022/texmf-dist/tex/latex/uwthesis/uwthesis.cls
/usr/local/texlive/2022/texmf-dist/tex/latex/onrannual/onrannual.cls
/usr/local/texlive/2022/texmf-dist/tex/latex/sapthesis/sapthesis.cls
/usr/local/texlive/2022/texmf-dist/tex/latex/uwmslide/uwmslide.cls
/usr/local/texlive/2022/texmf-dist/tex/latex/thuthesis/thuthesis.cls
/usr/local/texlive/2022/texmf-dist/tex/latex/lion-msc/lion-msc.cls
/usr/local/texlive/2022/texmf-dist/tex/latex/topletter/TOPletter.cls
/usr/local/texlive/2022/texmf-dist/tex/latex/gaceta/gaceta.cls
/usr/local/texlive/2022/texmf-dist/tex/latex/screenplay/screenplay.cls
/usr/local/texlive/2022/texmf-dist/tex/latex/acmconf/acmconf.cls
/usr/local/texlive/2022/texmf-dist/tex/latex/ieeeconf/IEEEconf.cls
/usr/local/texlive/2022/texmf-dist/tex/latex/skrapport/skrapport.cls
/usr/local/texlive/2022/texmf-dist/tex/latex/octavo/octavo.cls
/usr/local/texlive/2022/texmf-dist/tex/latex/inkpaper/inkpaper.cls
/usr/local/texlive/2022/texmf-dist/tex/latex/jpsj/jpsj2.cls
/usr/local/texlive/2022/texmf-dist/tex/latex/frletter/frletter.cls
/usr/local/texlive/2022/texmf-dist/tex/latex/g-brief/g-brief.cls
/usr/local/texlive/2022/texmf-dist/tex/latex/g-brief/g-brief2.cls
/usr/local/texlive/2022/texmf-dist/tex/latex/mucproc/mucproc.cls
/usr/local/texlive/2022/texmf-dist/tex/latex/resphilosophica/resphilosophica.cls
/usr/local/texlive/2022/texmf-dist/tex/latex/przechlewski-book/wkmgr.cls
/usr/local/texlive/2022/texmf-dist/tex/latex/przechlewski-book/upmgr.cls
/usr/local/texlive/2022/texmf-dist/tex/latex/lt3graph/lt3graph-packagedoc.cls
/usr/local/texlive/2022/texmf-dist/tex/latex/recipebook/RecipeBook.cls
/usr/local/texlive/2022/texmf-dist/tex/latex/uantwerpendocs/uantwerpenphdthesis.cls
/usr/local/texlive/2022/texmf-dist/tex/latex/uantwerpendocs/uantwerpenbamathesis.cls
/usr/local/texlive/2022/texmf-dist/tex/latex/uantwerpendocs/uantwerpencoursetext.cls
/usr/local/texlive/2022/texmf-dist/tex/latex/uantwerpendocs/uantwerpenletter.cls
/usr/local/texlive/2022/texmf-dist/tex/latex/uantwerpendocs/uantwerpenreport.cls
/usr/local/texlive/2022/texmf-dist/tex/latex/uantwerpendocs/uantwerpenexam.cls
/usr/local/texlive/2022/texmf-dist/tex/latex/mluexercise/mluexercise.cls
/usr/local/texlive/2022/texmf-dist/tex/latex/ucbthesis/ucbthesis.cls
/usr/local/texlive/2022/texmf-dist/tex/latex/confproc/confproc.cls
/usr/local/texlive/2022/texmf-dist/tex/latex/sdaps/sdapsclassic.cls
/usr/local/texlive/2022/texmf-dist/tex/latex/elegantnote/elegantnote.cls
/usr/local/texlive/2022/texmf-dist/tex/latex/fcavtex/fcavtex.cls
/usr/local/texlive/2022/texmf-dist/tex/latex/juramisc/jurabook.cls
/usr/local/texlive/2022/texmf-dist/tex/latex/juramisc/juraurtl.cls
/usr/local/texlive/2022/texmf-dist/tex/latex/juramisc/juraovw.cls
/usr/local/texlive/2022/texmf-dist/tex/latex/yb-book/yb-book.cls
/usr/local/texlive/2022/texmf-dist/tex/latex/schulmathematik/schulma-mdlprf.cls
/usr/local/texlive/2022/texmf-dist/tex/latex/schulmathematik/schulma-ab.cls
/usr/local/texlive/2022/texmf-dist/tex/latex/schulmathematik/schulma-praes.cls
/usr/local/texlive/2022/texmf-dist/tex/latex/schulmathematik/schulma-klausur.cls
/usr/local/texlive/2022/texmf-dist/tex/latex/schulmathematik/schulma-komp.cls
/usr/local/texlive/2022/texmf-dist/tex/latex/schulmathematik/schulma-gutachten.cls
/usr/local/texlive/2022/texmf-dist/tex/latex/ntgclass/rapport1.cls
/usr/local/texlive/2022/texmf-dist/tex/latex/ntgclass/brief.cls
/usr/local/texlive/2022/texmf-dist/tex/latex/ntgclass/boek.cls
/usr/local/texlive/2022/texmf-dist/tex/latex/ntgclass/rapport3.cls
/usr/local/texlive/2022/texmf-dist/tex/latex/ntgclass/boek3.cls
/usr/local/texlive/2022/texmf-dist/tex/latex/ntgclass/artikel2.cls
/usr/local/texlive/2022/texmf-dist/tex/latex/ntgclass/artikel3.cls
/usr/local/texlive/2022/texmf-dist/tex/latex/ntgclass/artikel1.cls
/usr/local/texlive/2022/texmf-dist/tex/latex/pkuthss/pkuthss.cls
/usr/local/texlive/2022/texmf-dist/tex/latex/cdpbundl/articoletteracdp.cls
/usr/local/texlive/2022/texmf-dist/tex/latex/cdpbundl/letteracdp.cls
/usr/local/texlive/2022/texmf-dist/tex/latex/subfiles/subfiles.cls
/usr/local/texlive/2022/texmf-dist/tex/latex/emisa/emisa.cls
/usr/local/texlive/2022/texmf-dist/tex/latex/powerdot-fuberlin/FUpowerdot.cls
/usr/local/texlive/2022/texmf-dist/tex/latex/courseoutline/courseoutline.cls
/usr/local/texlive/2022/texmf-dist/tex/latex/huawei/huawei.cls
/usr/local/texlive/2022/texmf-dist/tex/latex/sesamanuel/sesamanuel.cls
/usr/local/texlive/2022/texmf-dist/tex/latex/stellenbosch/usthesis.cls
/usr/local/texlive/2022/texmf-dist/tex/latex/sffms/sffms.cls
/usr/local/texlive/2022/texmf-dist/tex/latex/aiaa/aiaa-tc.cls
/usr/local/texlive/2022/texmf-dist/tex/latex/sides/sides.cls
/usr/local/texlive/2022/texmf-dist/tex/latex/flashcards/flashcards.cls
/usr/local/texlive/2022/texmf-dist/tex/latex/elsarticle/elsarticle.cls
/usr/local/texlive/2022/texmf-dist/tex/latex/lebhart/lebhart.cls
/usr/local/texlive/2022/texmf-dist/tex/latex/skb/skblncsppt.cls
/usr/local/texlive/2022/texmf-dist/tex/latex/skb/skblncsbeamer.cls
/usr/local/texlive/2022/texmf-dist/tex/latex/skb/skbmoderncv.cls
/usr/local/texlive/2022/texmf-dist/tex/latex/skb/skbbook.cls
/usr/local/texlive/2022/texmf-dist/tex/latex/skb/skbarticle.cls
/usr/local/texlive/2022/texmf-dist/tex/latex/skb/skbbeamer.cls
/usr/local/texlive/2022/texmf-dist/tex/latex/njustthesis/njustthesis.cls
/usr/local/texlive/2022/texmf-dist/tex/latex/fancyslides/fancyslides.cls
/usr/local/texlive/2022/texmf-dist/tex/latex/verifica/verifica.cls
/usr/local/texlive/2022/texmf-dist/tex/latex/pressrelease/pressrelease.cls
/usr/local/texlive/2022/texmf-dist/tex/latex/ut-thesis/ut-thesis.cls
/usr/local/texlive/2022/texmf-dist/tex/latex/jmlr/jmlr.cls
/usr/local/texlive/2022/texmf-dist/tex/latex/jmlr/jmlrbook.cls
/usr/local/texlive/2022/texmf-dist/tex/latex/ametsoc/ametsoc.cls
/usr/local/texlive/2022/texmf-dist/tex/latex/imtekda/IMTEKda.cls
/usr/local/texlive/2022/texmf-dist/tex/latex/qyxf-book/qyxf-book.cls
/usr/local/texlive/2022/texmf-dist/tex/latex/combine/combine.cls
/usr/local/texlive/2022/texmf-dist/tex/latex/active-conf/active-conf.cls
/usr/local/texlive/2022/texmf-dist/tex/latex/hc/hcreport.cls
/usr/local/texlive/2022/texmf-dist/tex/latex/hc/hcslides.cls
/usr/local/texlive/2022/texmf-dist/tex/latex/hc/hcart.cls
/usr/local/texlive/2022/texmf-dist/tex/latex/hc/hcletter.cls
/usr/local/texlive/2022/texmf-dist/tex/latex/iso/isov2.cls
/usr/local/texlive/2022/texmf-dist/tex/latex/semproc/semproc.cls
/usr/local/texlive/2022/texmf-dist/tex/latex/elegantpaper/elegantpaper.cls
/usr/local/texlive/2022/texmf-dist/tex/latex/beamerswitch/beamerswitch.cls
/usr/local/texlive/2022/texmf-dist/tex/latex/gzt/gztarticle.cls
/usr/local/texlive/2022/texmf-dist/tex/latex/gzt/gzt.cls
/usr/local/texlive/2022/texmf-dist/tex/latex/tudscr/tudscrreprt.cls
/usr/local/texlive/2022/texmf-dist/tex/latex/tudscr/tudscrposter.cls
/usr/local/texlive/2022/texmf-dist/tex/latex/tudscr/tudscrdoc.cls
/usr/local/texlive/2022/texmf-dist/tex/latex/tudscr/tudscrartcl.cls
/usr/local/texlive/2022/texmf-dist/tex/latex/tudscr/tudscrbook.cls
/usr/local/texlive/2022/texmf-dist/tex/latex/tudscr/tudscrmanual.cls
/usr/local/texlive/2022/texmf-dist/tex/latex/brandeis-thesis/brandeis-thesis.cls
/usr/local/texlive/2022/texmf-dist/tex/latex/standalone/standalone.cls
/usr/local/texlive/2022/texmf-dist/tex/latex/unizgklasa/unizgklasa.cls
/usr/local/texlive/2022/texmf-dist/tex/latex/univie-ling/univie-ling-wlg.cls
/usr/local/texlive/2022/texmf-dist/tex/latex/univie-ling/univie-ling-thesis.cls
/usr/local/texlive/2022/texmf-dist/tex/latex/univie-ling/univie-ling-expose.cls
/usr/local/texlive/2022/texmf-dist/tex/latex/univie-ling/univie-ling-paper.cls
/usr/local/texlive/2022/texmf-dist/tex/latex/ucsmonograph/ucsmonograph.cls
/usr/local/texlive/2022/texmf-dist/tex/latex/turabian-formatting/turabian-researchpaper.cls
/usr/local/texlive/2022/texmf-dist/tex/latex/turabian-formatting/turabian-thesis.cls
/usr/local/texlive/2022/texmf-dist/tex/latex/ndsu-thesis/ndsu-thesis.cls
/usr/local/texlive/2022/texmf-dist/tex/latex/texpower/powersem.cls
/usr/local/texlive/2022/texmf-dist/tex/latex/bxjscls/bxjsarticle.cls
/usr/local/texlive/2022/texmf-dist/tex/latex/bxjscls/bxjsbook.cls
/usr/local/texlive/2022/texmf-dist/tex/latex/bxjscls/bxjsslide.cls
/usr/local/texlive/2022/texmf-dist/tex/latex/bxjscls/bxjsreport.cls
/usr/local/texlive/2022/texmf-dist/tex/latex/petiteannonce/petiteannonce.cls
/usr/local/texlive/2022/texmf-dist/tex/latex/lettre/lettre.cls
/usr/local/texlive/2022/texmf-dist/tex/latex/kotex-oblivoir/oblivoir.cls
/usr/local/texlive/2022/texmf-dist/tex/latex/kotex-oblivoir/xoblivoir.cls
/usr/local/texlive/2022/texmf-dist/tex/latex/kotex-oblivoir/oblivoir-utf.cls
/usr/local/texlive/2022/texmf-dist/tex/latex/kotex-oblivoir/oblivoir-xl.cls
/usr/local/texlive/2022/texmf-dist/tex/latex/tui/tui.cls
/usr/local/texlive/2022/texmf-dist/tex/latex/hletter/hletter.cls
/usr/local/texlive/2022/texmf-dist/tex/latex/revtex/revtex4-2.cls
/usr/local/texlive/2022/texmf-dist/tex/latex/pittetd/pittetd.cls
/usr/local/texlive/2022/texmf-dist/tex/latex/graphpaper/graphpaper.cls
/usr/local/texlive/2022/texmf-dist/tex/latex/thesis-ekf/thesis-ekf.cls
/usr/local/texlive/2022/texmf-dist/tex/latex/erdc/erdc.cls
/usr/local/texlive/2022/texmf-dist/tex/latex/umthesis/umthesis.cls
/usr/local/texlive/2022/texmf-dist/tex/latex/prosper/prosper.cls
/usr/local/texlive/2022/texmf-dist/tex/latex/uwa-pcf/uwa-pcf.cls
/usr/local/texlive/2022/texmf-dist/tex/latex/easybook/easybook.cls
/usr/local/texlive/2022/texmf-dist/tex/latex/ejpecp/ejpecp.cls
/usr/local/texlive/2022/texmf-dist/tex/latex/uwa-pif/uwa-pif.cls
/usr/local/texlive/2022/texmf-dist/tex/latex/lni/lni.cls
/usr/local/texlive/2022/texmf-dist/tex/latex/jlreq/jlreq.cls
/usr/local/texlive/2022/texmf-dist/tex/latex/arabtex/arabrep.cls
/usr/local/texlive/2022/texmf-dist/tex/latex/arabtex/arabart.cls
/usr/local/texlive/2022/texmf-dist/tex/latex/arabtex/arabrep1.cls
/usr/local/texlive/2022/texmf-dist/tex/latex/arabtex/arabbook.cls
/usr/local/texlive/2022/texmf-dist/tex/latex/droit-fr/droit-fr.cls
/usr/local/texlive/2022/texmf-dist/tex/latex/eskdx/eskdtext.cls
/usr/local/texlive/2022/texmf-dist/tex/latex/eskdx/eskdgraph.cls
/usr/local/texlive/2022/texmf-dist/tex/latex/eskdx/eskdtab.cls
/usr/local/texlive/2022/texmf-dist/tex/latex/br-lex/br-lex.cls
/usr/local/texlive/2022/texmf-dist/tex/latex/tikz-kalender/tikz-kalender.cls
/usr/local/texlive/2022/texmf-dist/tex/latex/recipe/recipe.cls
/usr/local/texlive/2022/texmf-dist/tex/latex/tcldoc/tcldoc.cls
/usr/local/texlive/2022/texmf-dist/tex/latex/tcldoc/tclldoc.cls
/usr/local/texlive/2022/texmf-dist/tex/latex/musuos/musuos.cls
/usr/local/texlive/2022/texmf-dist/tex/latex/philosophersimprint/philosophersimprint.cls
/usr/local/texlive/2022/texmf-dist/tex/latex/llncs/llncs.cls
/usr/local/texlive/2022/texmf-dist/tex/latex/sslides/sslides.cls
/usr/local/texlive/2022/texmf-dist/tex/latex/bookcover/bookcover.cls
/usr/local/texlive/2022/texmf-dist/tex/latex/bmstu-iu8/BMSTU-IU8.cls
/usr/local/texlive/2022/texmf-dist/tex/latex/limap/limap.cls
/usr/local/texlive/2022/texmf-dist/tex/latex/udesoftec/udesoftec.cls
/usr/local/texlive/2022/texmf-dist/tex/latex/schule/schulekl.cls
/usr/local/texlive/2022/texmf-dist/tex/latex/schule/schullzk.cls
/usr/local/texlive/2022/texmf-dist/tex/latex/schule/schuleit.cls
/usr/local/texlive/2022/texmf-dist/tex/latex/schule/schullsg.cls
/usr/local/texlive/2022/texmf-dist/tex/latex/schule/schuleub.cls
/usr/local/texlive/2022/texmf-dist/tex/latex/schule/schuleab.cls
/usr/local/texlive/2022/texmf-dist/tex/latex/schule/schuleue.cls
/usr/local/texlive/2022/texmf-dist/tex/latex/schule/schulein.cls
/usr/local/texlive/2022/texmf-dist/tex/latex/mugsthesis/mugsthesis.cls
/usr/local/texlive/2022/texmf-dist/tex/latex/uhhassignment/uhhassignment.cls
/usr/local/texlive/2022/texmf-dist/tex/latex/wsemclassic/wsemclassic.cls
/usr/local/texlive/2022/texmf-dist/tex/latex/nwafuthesis/nwafuthesis.cls
/usr/local/texlive/2022/texmf-dist/tex/latex/bfh-ci/bfhpub.cls
/usr/local/texlive/2022/texmf-dist/tex/latex/bfh-ci/bfhthesis.cls
/usr/local/texlive/2022/texmf-dist/tex/latex/bfh-ci/bfhbeamer.cls
/usr/local/texlive/2022/texmf-dist/tex/latex/bfh-ci/bfhsciposter.cls
/usr/local/texlive/2022/texmf-dist/tex/latex/mafr/cours.cls
/usr/local/texlive/2022/texmf-dist/tex/latex/mafr/fiche.cls
/usr/local/texlive/2022/texmf-dist/tex/latex/postcards/postcards.cls
/usr/local/texlive/2022/texmf-dist/tex/latex/cesenaexam/cesenaexam.cls
/usr/local/texlive/2022/texmf-dist/tex/latex/asmeconf/asmeconf.cls
/usr/local/texlive/2022/texmf-dist/tex/latex/uothesis/uothesis.cls
/usr/local/texlive/2022/texmf-dist/tex/latex/economic/pocoec.cls
/usr/local/texlive/2022/texmf-dist/tex/latex/economic/itaxpf.cls
/usr/local/texlive/2022/texmf-dist/tex/latex/economic/regstud.cls
/usr/local/texlive/2022/texmf-dist/tex/latex/economic/njf.cls
/usr/local/texlive/2022/texmf-dist/tex/latex/economic/jrurstud.cls
/usr/local/texlive/2022/texmf-dist/tex/latex/economic/oegatb.cls
/usr/local/texlive/2022/texmf-dist/tex/latex/economic/apecon.cls
/usr/local/texlive/2022/texmf-dist/tex/latex/economic/agecon.cls
/usr/local/texlive/2022/texmf-dist/tex/latex/economic/worlddev.cls
/usr/local/texlive/2022/texmf-dist/tex/latex/economic/erae.cls
/usr/local/texlive/2022/texmf-dist/tex/latex/economic/ecca.cls
/usr/local/texlive/2022/texmf-dist/tex/latex/economic/ajae.cls
/usr/local/texlive/2022/texmf-dist/tex/latex/qcm/qcm.cls
/usr/local/texlive/2022/texmf-dist/tex/latex/uaclasses/my-thesis.cls
/usr/local/texlive/2022/texmf-dist/tex/latex/uaclasses/ua-thesis.cls
/usr/local/texlive/2022/texmf-dist/tex/latex/mnras/mnras.cls
/usr/local/texlive/2022/texmf-dist/tex/latex/ryersonsgsthesis/ryersonSGSThesis.cls
/usr/local/texlive/2022/texmf-dist/tex/latex/meetingmins/meetingmins.cls
/usr/local/texlive/2022/texmf-dist/tex/latex/pracjourn/pracjourn.cls
/usr/local/texlive/2022/texmf-dist/tex/latex/skdoc/skdoc.cls
/usr/local/texlive/2022/texmf-dist/tex/latex/extsizes/extbook.cls
/usr/local/texlive/2022/texmf-dist/tex/latex/extsizes/extletter.cls
/usr/local/texlive/2022/texmf-dist/tex/latex/extsizes/extarticle.cls
/usr/local/texlive/2022/texmf-dist/tex/latex/extsizes/extproc.cls
/usr/local/texlive/2022/texmf-dist/tex/latex/extsizes/extreport.cls
/usr/local/texlive/2022/texmf-dist/tex/latex/h2020proposal/h2020proposal.cls
/usr/local/texlive/2022/texmf-dist/tex/latex/contracard/contracard.cls
/usr/local/texlive/2022/texmf-dist/tex/latex/uiucredborder/uiucredborder.cls
/usr/local/texlive/2022/texmf-dist/tex/latex/fancyhandout/fancyhandout.cls
/usr/local/texlive/2022/texmf-dist/tex/latex/curve/curve.cls
/usr/local/texlive/2022/texmf-dist/tex/latex/a0poster/a0poster.cls
/usr/local/texlive/2022/texmf-dist/tex/latex/bookshelf/bookshelf.cls
/usr/local/texlive/2022/texmf-dist/tex/latex/cv4tw/cv4tw.cls
/usr/local/texlive/2022/texmf-dist/tex/latex/plari/plari.cls
/usr/local/texlive/2022/texmf-dist/tex/latex/hitszthesis/hitszthesis.cls
/usr/local/texlive/2022/texmf-dist/tex/latex/suftesi/suftesi.cls
/usr/local/texlive/2022/texmf-dist/tex/latex/nlctdoc/nlctdoc.cls
/usr/local/texlive/2022/texmf-dist/tex/latex/mwcls/mwrep.cls
/usr/local/texlive/2022/texmf-dist/tex/latex/mwcls/mwart.cls
/usr/local/texlive/2022/texmf-dist/tex/latex/mwcls/mwbk.cls
/usr/local/texlive/2022/texmf-dist/tex/latex/ltxdockit/ltxdockit.cls
/usr/local/texlive/2022/texmf-dist/tex/latex/bjfuthesis/bjfuthesis.cls
/usr/local/texlive/2022/texmf-dist/tex/latex/unam-thesis/unam-thesis.cls
/usr/local/texlive/2022/texmf-dist/tex/latex/assignment/assignment.cls
/usr/local/texlive/2022/texmf-dist/tex/latex/sr-vorl/sr-vorl.cls
/usr/local/texlive/2022/texmf-dist/tex/latex/ksp-thesis/ksp-thesis.cls
/usr/local/texlive/2022/texmf-dist/tex/latex/tugboat/ltugboat.cls
/usr/local/texlive/2022/texmf-dist/tex/latex/tugboat/ltugproc.cls
/usr/local/texlive/2022/texmf-dist/tex/latex/ptptex/ptptex.cls
/usr/local/texlive/2022/texmf-dist/tex/latex/mensa-tex/mensa-tex.cls
/usr/local/texlive/2022/texmf-dist/tex/latex/modernposter/modernposter.cls
/usr/local/texlive/2022/texmf-dist/tex/latex/bgteubner/bgteubner.cls
/usr/local/texlive/2022/texmf-dist/tex/latex/gradstudentresume/gradstudentresume.cls
/usr/local/texlive/2022/texmf-dist/tex/latex/tuda-ci/tudaleaflet.cls
/usr/local/texlive/2022/texmf-dist/tex/latex/tuda-ci/tudasciposter.cls
/usr/local/texlive/2022/texmf-dist/tex/latex/tuda-ci/tudabeamer.cls
/usr/local/texlive/2022/texmf-dist/tex/latex/tuda-ci/tudaexercise.cls
/usr/local/texlive/2022/texmf-dist/tex/latex/tuda-ci/tudaletter.cls
/usr/local/texlive/2022/texmf-dist/tex/latex/tuda-ci/tudaposter.cls
/usr/local/texlive/2022/texmf-dist/tex/latex/tuda-ci/tudapub.cls
/usr/local/texlive/2022/texmf-dist/tex/latex/milog/milog.cls
/usr/local/texlive/2022/texmf-dist/tex/latex/aguplus/aguplus.cls
/usr/local/texlive/2022/texmf-dist/tex/latex/protocol/protocol.cls
/usr/local/texlive/2022/texmf-dist/tex/latex/ijsra/ijsra.cls
/usr/local/texlive/2022/texmf-dist/tex/latex/mcmthesis/mcmthesis.cls
/usr/local/texlive/2022/texmf-dist/tex/latex/stex/hwexam.cls
/usr/local/texlive/2022/texmf-dist/tex/latex/stex/document-structure.cls
/usr/local/texlive/2022/texmf-dist/tex/latex/stex/stex.cls
/usr/local/texlive/2022/texmf-dist/tex/latex/stex/notesslides.cls
/usr/local/texlive/2022/texmf-dist/tex/latex/muling/muling.cls
/usr/local/texlive/2022/texmf-dist/tex/latex/nature/nature.cls
/usr/local/texlive/2022/texmf-dist/tex/latex/bangorexam/bangorexam.cls
/usr/local/texlive/2022/texmf-dist/tex/latex/shipunov/etiketka.cls
/usr/local/texlive/2022/texmf-dist/tex/latex/shipunov/cassete.cls
/usr/local/texlive/2022/texmf-dist/tex/latex/jnuexam/jnuexam.cls
/usr/local/texlive/2022/texmf-dist/tex/latex/colorist/colorart.cls
/usr/local/texlive/2022/texmf-dist/tex/latex/colorist/colorbook.cls
/usr/local/texlive/2022/texmf-dist/tex/latex/cje/cje.cls
/usr/local/texlive/2022/texmf-dist/tex/latex/unbtex/unbtex.cls
/usr/local/texlive/2022/texmf-dist/tex/latex/iodhbwm/iodhbwm.cls
/usr/local/texlive/2022/texmf-dist/tex/latex/aomart/aomart.cls
/usr/local/texlive/2022/texmf-dist/tex/latex/mycv/mycv.cls
/usr/local/texlive/2022/texmf-dist/tex/latex/ascelike/ascelike.cls
/usr/local/texlive/2022/texmf-dist/tex/latex/articleingud/articleingud.cls
/usr/local/texlive/2022/texmf-dist/tex/latex/bookest/bookest.cls
/usr/local/texlive/2022/texmf-dist/tex/latex/dithesis/dithesis.cls
/usr/local/texlive/2022/texmf-dist/tex/latex/willowtreebook/willowtreebook.cls
/usr/local/texlive/2022/texmf-dist/tex/latex/tufte-latex/tufte-book.cls
/usr/local/texlive/2022/texmf-dist/tex/latex/tufte-latex/tufte-handout.cls
/usr/local/texlive/2022/texmf-dist/tex/latex/harnon-cv/harnon-cv.cls
/usr/local/texlive/2022/texmf-dist/tex/latex/facsimile/facsimile.cls
/usr/local/texlive/2022/texmf-dist/tex/latex/jacow/jacow.cls
/usr/local/texlive/2022/texmf-dist/tex/latex/europasscv/europasscv.cls
/usr/local/texlive/2022/texmf-dist/tex/latex/elegantbook/elegantbook.cls
/usr/local/texlive/2022/texmf-dist/tex/latex/hithesis/hithesis.cls
/usr/local/texlive/2022/texmf-dist/tex/latex/amscls/amsldoc.cls
/usr/local/texlive/2022/texmf-dist/tex/latex/amscls/amsdtx.cls
/usr/local/texlive/2022/texmf-dist/tex/latex/amscls/amsbook.cls
/usr/local/texlive/2022/texmf-dist/tex/latex/amscls/amsproc.cls
/usr/local/texlive/2022/texmf-dist/tex/latex/amscls/amsart.cls
/usr/local/texlive/2022/texmf-dist/tex/latex/bangorcsthesis/bangorcsthesis.cls
/usr/local/texlive/2022/texmf-dist/tex/latex/leaflet/leaflet.cls
/usr/local/texlive/2022/texmf-dist/tex/latex/quantumarticle/quantumarticle.cls
/usr/local/texlive/2022/texmf-dist/tex/latex/ltxmisc/flashcard.cls
/usr/local/texlive/2022/texmf-dist/tex/latex/ltxmisc/abstbook.cls
/usr/local/texlive/2022/texmf-dist/tex/latex/ltxmisc/iagproc.cls
/usr/local/texlive/2022/texmf-dist/tex/latex/ltxmisc/beletter.cls
/usr/local/texlive/2022/texmf-dist/tex/latex/dtk/dtk.cls
/usr/local/texlive/2022/texmf-dist/tex/latex/rbt-mathnotes/rbt-mathnotes-hw.cls
/usr/local/texlive/2022/texmf-dist/tex/latex/rbt-mathnotes/rbt-mathnotes.cls
/usr/local/texlive/2022/texmf-dist/tex/latex/rbt-mathnotes/rbt-mathnotes-formula-sheet.cls
/usr/local/texlive/2022/texmf-dist/tex/latex/acmart/acmart.cls
/usr/local/texlive/2022/texmf-dist/tex/latex/fduthesis/fduthesis.cls
/usr/local/texlive/2022/texmf-dist/tex/latex/fduthesis/fdudoc.cls
/usr/local/texlive/2022/texmf-dist/tex/latex/fduthesis/fduthesis-en.cls
/usr/local/texlive/2022/texmf-dist/tex/latex/umich-thesis/umich-thesis.cls
/usr/local/texlive/2022/texmf-dist/tex/latex/webquiz/webquiz.cls
/usr/local/texlive/2022/texmf-dist/tex/latex/pecha/pecha.cls
/usr/local/texlive/2022/texmf-dist/tex/latex/elpres/elpres.cls
/usr/local/texlive/2022/texmf-dist/tex/latex/buctthesis/buctthesis.cls
/usr/local/texlive/2022/texmf-dist/tex/latex/buctthesis/buctcover.cls
/usr/local/texlive/2022/texmf-dist/tex/latex/uspatent/uspatent.cls
/usr/local/texlive/2022/texmf-dist/tex/latex/utexasthesis/utexasthesis.cls
/usr/local/texlive/2022/texmf-dist/tex/latex/komacv/komacv.cls
/usr/local/texlive/2022/texmf-dist/tex/latex/aalok/aalok.cls
/usr/local/texlive/2022/texmf-dist/tex/latex/seuthesix/seuthesix.cls
/usr/local/texlive/2022/texmf-dist/tex/latex/sduthesis/sduthesis.cls
/usr/local/texlive/2022/texmf-dist/tex/latex/guitartabs/guitartabs.cls
/usr/local/texlive/2022/texmf-dist/tex/latex/els-cas-templates/cas-sc.cls
/usr/local/texlive/2022/texmf-dist/tex/latex/els-cas-templates/cas-dc.cls
/usr/local/texlive/2022/texmf-dist/tex/latex/memoir/memoir.cls
/usr/local/texlive/2022/texmf-dist/tex/latex/thesis-gwu/thesis-gwu.cls
/usr/local/texlive/2022/texmf-dist/tex/latex/ydoc/ydoc.cls
/usr/local/texlive/2022/texmf-dist/tex/latex/proposal/dfg/dfgreporting.cls
/usr/local/texlive/2022/texmf-dist/tex/latex/proposal/dfg/dfgproposal.cls
/usr/local/texlive/2022/texmf-dist/tex/latex/proposal/eu/euproposal.cls
/usr/local/texlive/2022/texmf-dist/tex/latex/proposal/eu/eureporting.cls
/usr/local/texlive/2022/texmf-dist/tex/latex/proposal/base/reporting.cls
/usr/local/texlive/2022/texmf-dist/tex/latex/proposal/base/proposal.cls
/usr/local/texlive/2022/texmf-dist/tex/latex/beaulivre/beaulivre.cls
/usr/local/texlive/2022/texmf-dist/tex/latex/matapli/matapli.cls
/usr/local/texlive/2022/texmf-dist/tex/latex/scrjrnl/scrjrnl.cls
/usr/local/texlive/2022/texmf-dist/tex/latex/recipecard/recipecard.cls
/usr/local/texlive/2022/texmf-dist/tex/latex/nddiss/nddiss2e.cls
/usr/local/texlive/2022/texmf-dist/tex/latex/nostarch/nostarch.cls
/usr/local/texlive/2022/texmf-dist/tex/latex/abntex2/abntex2.cls
/usr/local/texlive/2022/texmf-dist/tex/latex/sageep/sageep.cls
/usr/local/texlive/2022/texmf-dist/tex/latex/gammas/gammas.cls
/usr/local/texlive/2022/texmf-dist/tex/latex/bangtex/barticle.cls
/usr/local/texlive/2022/texmf-dist/tex/latex/bangtex/bletter.cls
/usr/local/texlive/2022/texmf-dist/tex/latex/bangtex/bbook.cls
/usr/local/texlive/2022/texmf-dist/tex/latex/njuthesis/njuthesis.cls
/usr/local/texlive/2022/texmf-dist/tex/latex/elteikthesis/elteikthesis.cls
/usr/local/texlive/2022/texmf-dist/tex/latex/elbioimp/elbioimp.cls
/usr/local/texlive/2022/texmf-dist/tex/latex/estcpmm/estcpmm.cls
/usr/local/texlive/2022/texmf-dist/tex/latex/ebsthesis/ebsthesis.cls
/usr/local/texlive/2022/texmf-dist/tex/latex/fbithesis/fbithesis.cls
/usr/local/texlive/2022/texmf-dist/tex/latex/coursepaper/coursepaper.cls
/usr/local/texlive/2022/texmf-dist/tex/latex/turabian/turabian.cls
/usr/local/texlive/2022/texmf-dist/tex/latex/concprog/ConcProg.cls
/usr/local/texlive/2022/texmf-dist/tex/latex/ucthesis/ucthesis.cls
/usr/local/texlive/2022/texmf-dist/tex/latex/jura/jura.cls
/usr/local/texlive/2022/texmf-dist/tex/latex/apa/apa.cls
/usr/local/texlive/2022/texmf-dist/tex/latex/urcls/URletter.cls
/usr/local/texlive/2022/texmf-dist/tex/latex/urcls/URbeamer.cls
/usr/local/texlive/2022/texmf-dist/tex/latex/cascadilla/cascadilla.cls
/usr/local/texlive/2022/texmf-dist/tex/latex/sugconf/sugconf.cls
/usr/local/texlive/2022/texmf-dist/tex/latex/tabriz-thesis/tabriz-thesis.cls
/usr/local/texlive/2022/texmf-dist/tex/latex/cweb-latex/cweb.cls
/usr/local/texlive/2022/texmf-dist/tex/latex/uestcthesis/uestcthesis.cls
/usr/local/texlive/2022/texmf-dist/tex/latex/aucklandthesis/aucklandthesis.cls
/usr/local/texlive/2022/texmf-dist/tex/latex/phfextendedabstract/phfextendedabstract.cls
/usr/local/texlive/2022/texmf-dist/tex/latex/powerdot/powerdot.cls
/usr/local/texlive/2022/texmf-dist/tex/latex/dccpaper/ijdc-v9.cls
/usr/local/texlive/2022/texmf-dist/tex/latex/dccpaper/idcc.cls
/usr/local/texlive/2022/texmf-dist/tex/latex/dccpaper/ijdc-v14.cls
/usr/local/texlive/2022/texmf-dist/tex/latex/gridslides/gridslides.cls
/usr/local/texlive/2022/texmf-dist/tex/latex/pbsheet/pbsheet.cls
/usr/local/texlive/2022/texmf-dist/tex/latex/fei/fei.cls
/usr/local/texlive/2022/texmf-dist/tex/latex/gmdoc/gmdocc.cls
/usr/local/texlive/2022/texmf-dist/tex/latex/codedoc/codedoc.cls
/usr/local/texlive/2022/texmf-dist/tex/latex/l3kernel/l3doc.cls
/usr/local/texlive/2022/texmf-dist/tex/latex/disser/gost732.cls
/usr/local/texlive/2022/texmf-dist/tex/latex/disser/disser.cls
/usr/local/texlive/2022/texmf-dist/tex/latex/nih/nih.cls
/usr/local/texlive/2022/texmf-dist/tex/latex/hecthese/hecthese.cls
/usr/local/texlive/2022/texmf-dist/tex/latex/gsemthesis/gsemthesis.cls
/usr/local/texlive/2022/texmf-dist/tex/latex/apa6e/apa6e.cls
/usr/local/texlive/2022/texmf-dist/tex/latex/bewerbung/bewerbung.cls
/usr/local/texlive/2022/texmf-dist/tex/latex/bewerbung/argetabelle.cls
/usr/local/texlive/2022/texmf-dist/tex/latex/flacards/flacards.cls
/usr/local/texlive/2022/texmf-dist/tex/latex/fithesis/fithesis.cls
/usr/local/texlive/2022/texmf-dist/tex/latex/fithesis/fithesis2.cls
/usr/local/texlive/2022/texmf-dist/tex/latex/fithesis/fithesis3.cls
/usr/local/texlive/2022/texmf-dist/tex/latex/fithesis/fithesis4.cls
/usr/local/texlive/2022/texmf-dist/tex/latex/nihbiosketch/nihbiosketch.cls
/usr/local/texlive/2022/texmf-dist/tex/latex/exam-n/exam-n.cls
/usr/local/texlive/2022/texmf-dist/tex/latex/csbulletin/csbulv1.cls
/usr/local/texlive/2022/texmf-dist/tex/latex/csbulletin/csbulletin.cls
/usr/local/texlive/2022/texmf-dist/tex/latex/csbulletin/csbulobalka.cls
/usr/local/texlive/2022/texmf-dist/tex/latex/tikzposter/tikzposter.cls
/usr/local/texlive/2022/texmf-dist/tex/latex/chletter/chletter.cls
/usr/local/texlive/2022/texmf-dist/tex/latex/exesheet/exesheet.cls
/usr/local/texlive/2022/texmf-dist/tex/latex/kluwer/kluwer.cls
/usr/local/texlive/2022/texmf-dist/tex/latex/yathesis/yathesis.cls
/usr/local/texlive/2022/texmf-dist/tex/latex/ncclatex/nccproc.cls
/usr/local/texlive/2022/texmf-dist/tex/latex/ncclatex/sibjnm.cls
/usr/local/texlive/2022/texmf-dist/tex/latex/ncclatex/ncc.cls
/usr/local/texlive/2022/texmf-dist/tex/latex/stage/stage.cls
/usr/local/texlive/2022/texmf-dist/tex/latex/ffslides/ffslides.cls
/usr/local/texlive/2022/texmf-dist/tex/latex/asaetr/asaetr.cls
/usr/local/texlive/2022/texmf-dist/tex/latex/refman/refrep.cls
/usr/local/texlive/2022/texmf-dist/tex/latex/refman/refart.cls
/usr/local/texlive/2022/texmf-dist/tex/latex/sphdthesis/SPhdThesis.cls
/usr/local/texlive/2022/texmf-dist/tex/latex/uiucthesis/uiucthesis.cls
/usr/local/texlive/2022/texmf-dist/tex/latex/afthesis/afthesis.cls
/usr/local/texlive/2022/texmf-dist/tex/latex/seu-ml-assign/seu-ml-assign.cls
/usr/local/texlive/2022/texmf-dist/tex/latex/ppr-prv/ppr-prv.cls
/usr/local/texlive/2022/texmf-dist/tex/latex/xsim/xsim-manual.cls
/usr/local/texlive/2022/texmf-dist/tex/latex/exam/exam.cls
/usr/local/texlive/2022/texmf-dist/tex/latex/asmejour/asmejour.cls
/usr/local/texlive/2022/texmf-dist/tex/latex/ijmart/ijmart.cls
/usr/local/texlive/2022/texmf-dist/tex/latex/seminar/seminar.cls
/usr/local/texlive/2022/texmf-dist/tex/latex/hpsdiss/hpsdiss.cls
/usr/local/texlive/2022/texmf-dist/tex/latex/hrlatex/fsbispit.cls
/usr/local/texlive/2022/texmf-dist/tex/latex/oup-authoring-template/oup-authoring-template.cls
/usr/local/texlive/2022/texmf-dist/tex/latex/akletter/myletter.cls
/usr/local/texlive/2022/texmf-dist/tex/latex/akletter/akletter.cls
/usr/local/texlive/2022/texmf-dist/tex/latex/revtex4/revtex4.cls
/usr/local/texlive/2022/texmf-dist/tex/latex/cd/cd.cls
/usr/local/texlive/2022/texmf-dist/tex/latex/ryethesis/ryethesis.cls
/usr/local/texlive/2022/texmf-dist/tex/latex/hitreport/hitreport.cls
/usr/local/texlive/2022/texmf-dist/tex/latex/cnltx/cnltx-doc.cls
/usr/local/texlive/2022/texmf-dist/tex/latex/bankstatement/bankstatement.cls
/usr/local/texlive/2022/texmf-dist/tex/latex/apa6/apa6.cls
/usr/local/texlive/2022/texmf-dist/tex/latex/unitn-bimrep/unitn-bimrep.cls
/usr/local/texlive/2022/texmf-dist/tex/latex/iscram/iscram.cls
/usr/local/texlive/2022/texmf-dist/tex/latex/lectures/lectures.cls
/usr/local/texlive/2022/texmf-dist/tex/latex/york-thesis/york-thesis.cls
/usr/local/texlive/2022/texmf-dist/tex/latex/factura/factura.cls
/usr/local/texlive/2022/texmf-dist/tex/latex/mlacls/mla.cls
/usr/local/texlive/2022/texmf-dist/tex/latex/unifith/unifith.cls
/usr/local/texlive/2022/texmf-dist/tex/latex/bmstu/bmstu.cls
/usr/local/texlive/2022/texmf-dist/tex/latex/xebaposter/xebaposter.cls
/usr/local/texlive/2022/texmf-dist/tex/latex/kdpcover/kdpcover.cls
/usr/local/texlive/2022/texmf-dist/tex/latex/cnbwp/cnbwp.cls
/usr/local/texlive/2022/texmf-dist/tex/latex/examdesign/examdesign.cls
/usr/local/texlive/2022/texmf-dist/tex/latex/play/play.cls
/usr/local/texlive/2022/texmf-dist/tex/latex/image-gallery/image-gallery.cls
/usr/local/texlive/2022/texmf-dist/tex/latex/invoice-class/invoice-class.cls
/usr/local/texlive/2022/texmf-dist/tex/latex/rtklage/rtklage.cls
/usr/local/texlive/2022/texmf-dist/tex/latex/dvdcoll/dvdcoll.cls
/usr/local/texlive/2022/texmf-dist/tex/latex/simplecv/simplecv.cls
/usr/local/texlive/2022/texmf-dist/tex/latex/basque-book/basque-book.cls
/usr/local/texlive/2022/texmf-dist/tex/latex/bithesis/bitart.cls
/usr/local/texlive/2022/texmf-dist/tex/latex/bithesis/bitbook.cls
/usr/local/texlive/2022/texmf-dist/tex/latex/limecv/limecv.cls
/usr/local/texlive/2022/texmf-dist/tex/latex/tlc-article/tlc-article.cls
/usr/local/texlive/2022/texmf-dist/tex/latex/labbook/labbook.cls
/usr/local/texlive/2022/texmf-dist/tex/latex/apa7/apa7.cls
/usr/local/texlive/2022/texmf-dist/tex/latex/akktex/akkscript.cls
/usr/local/texlive/2022/texmf-dist/tex/latex/akktex/akktecdoc.cls
/usr/local/texlive/2022/texmf-dist/tex/latex/akktex/akklecture.cls
/usr/local/texlive/2022/texmf-dist/tex/latex/ucalgmthesis/ucalgmthesis.cls
/usr/local/texlive/2022/texmf-dist/tex/latex/shtthesis/shtthesis.cls
/usr/local/texlive/2022/texmf-dist/tex/latex/achemso/achemso.cls
/usr/local/texlive/2022/texmf-dist/tex/latex/metanorma/metanorma.cls
/usr/local/texlive/2022/texmf-dist/tex/latex/mdframed/ltxmdf.cls
/usr/local/texlive/2022/texmf-dist/tex/latex/dinbrief/dinbrief.cls
/usr/local/texlive/2022/texmf-dist/tex/latex/beamer/beamer.cls
/usr/local/texlive/2022/texmf-dist/tex/latex/ucdavisthesis/ucdavisthesis.cls
/usr/local/texlive/2022/texmf-dist/tex/latex/cquthesis/cquthesis.cls
/usr/local/texlive/2022/texmf-dist/tex/latex/pstricks/pst-doc.cls
/usr/local/texlive/2022/texmf-dist/tex/latex/matc3mem/matc3mem.cls
/usr/local/texlive/2022/texmf-dist/tex/latex/prtec/prtec.cls
/usr/local/texlive/2022/texmf-dist/tex/latex/leadsheets/leadsheet.cls
/usr/local/texlive/2022/texmf-dist/tex/latex/ulthese/ulthese.cls
/usr/local/texlive/2022/texmf-dist/tex/latex/ycbook/ycbook.cls
/usr/local/texlive/2022/texmf-dist/tex/latex/computational-complexity/cc.cls
/usr/local/texlive/2022/texmf-dist/tex/latex/adfathesis/adfathesis.cls
/usr/local/texlive/2022/texmf-dist/tex/latex/withargs/withargs-packagedoc.cls
/usr/local/texlive/2022/texmf-dist/tex/latex/kdgdocs/kdgcoursetext.cls
/usr/local/texlive/2022/texmf-dist/tex/latex/kdgdocs/kdgmasterthesis.cls
/usr/local/texlive/2022/texmf-dist/tex/latex/hausarbeit-jura/hausarbeit-jura.cls
/usr/local/texlive/2022/texmf-dist/tex/latex/readablecv/ReadableCV.cls
/usr/local/texlive/2022/texmf-dist/tex/latex/cd-cover/cd-cover.cls
/usr/local/texlive/2022/texmf-dist/tex/latex/hitec/hitec.cls
/usr/local/texlive/2022/texmf-dist/tex/latex/emulateapj/emulateapj.cls
/usr/local/texlive/2022/texmf-dist/tex/latex/nwejm/nwejm.cls
/usr/local/texlive/2022/texmf-dist/tex/latex/nwejm/nwejmart.cls
/usr/local/texlive/2022/texmf-dist/tex/latex/ctex/ctexrep.cls
/usr/local/texlive/2022/texmf-dist/tex/latex/ctex/ctexbeamer.cls
/usr/local/texlive/2022/texmf-dist/tex/latex/ctex/ctexart.cls
/usr/local/texlive/2022/texmf-dist/tex/latex/ctex/ctexbook.cls
/usr/local/texlive/2022/texmf-dist/tex/latex/ctex/ctxdoc.cls
/usr/local/texlive/2022/texmf-dist/tex/latex/minimalist/minimart.cls
/usr/local/texlive/2022/texmf-dist/tex/latex/minimalist/minimbook.cls
/usr/local/texlive/2022/texmf-dist/tex/latex/kerntest/kerntest.cls
/usr/local/texlive/2022/texmf-dist/tex/latex/spie/spie.cls
/usr/local/texlive/2022/texmf-dist/tex/latex/bhcexam/BHCexam.cls
/usr/local/texlive/2022/texmf-dist/tex/latex/ecv/ecv.cls
/usr/local/texlive/2022/texmf-dist/tex/latex/base/ltxguide.cls
/usr/local/texlive/2022/texmf-dist/tex/latex/base/book.cls
/usr/local/texlive/2022/texmf-dist/tex/latex/base/ltnews.cls
/usr/local/texlive/2022/texmf-dist/tex/latex/base/slides.cls
/usr/local/texlive/2022/texmf-dist/tex/latex/base/letter.cls
/usr/local/texlive/2022/texmf-dist/tex/latex/base/ltxdoc.cls
/usr/local/texlive/2022/texmf-dist/tex/latex/base/proc.cls
/usr/local/texlive/2022/texmf-dist/tex/latex/base/article.cls
/usr/local/texlive/2022/texmf-dist/tex/latex/base/source2edoc.cls
/usr/local/texlive/2022/texmf-dist/tex/latex/base/report.cls
/usr/local/texlive/2022/texmf-dist/tex/latex/base/minimal.cls
/usr/local/texlive/2022/texmf-dist/tex/latex/iwhdp/iwhdp.cls
/usr/local/texlive/2022/texmf-dist/tex/latex/sidenotes/caesar_book.cls
/usr/local/texlive/2022/texmf-dist/tex/latex/hepthesis/hepthesis.cls
/usr/local/texlive/2022/texmf-dist/tex/latex/medstarbeamer/medstarbeamer.cls
/usr/local/texlive/2022/texmf-dist/tex/latex/umbclegislation/legislation.cls
/usr/local/texlive/2022/texmf-dist/tex/latex/skeyval/skeyval-testclass.cls
/usr/local/texlive/2022/texmf-dist/tex/latex/upmethodology/upmethodology-document.cls
/usr/local/texlive/2022/texmf-dist/tex/latex/lps/lps.cls
/usr/local/texlive/2022/texmf-dist/tex/latex/grant/grant-onr.cls
/usr/local/texlive/2022/texmf-dist/tex/latex/grant/grant.cls
/usr/local/texlive/2022/texmf-dist/tex/latex/grant/grant-nrl.cls
/usr/local/texlive/2022/texmf-dist/tex/latex/grant/grant-darpa.cls
/usr/local/texlive/2022/texmf-dist/tex/latex/grant/grant-afosr.cls
/usr/local/texlive/2022/texmf-dist/tex/latex/grant/grant-aro.cls
/usr/local/texlive/2022/texmf-dist/tex/latex/grant/grant-doe.cls
/usr/local/texlive/2022/texmf-dist/tex/latex/grant/grant-nsf.cls
/usr/local/texlive/2022/texmf-dist/tex/latex/grant/grant-nih.cls
/usr/local/texlive/2022/texmf-dist/tex/latex/msu-thesis/msu-thesis.cls
/usr/local/texlive/2022/texmf-dist/tex/latex/uowthesis/UoWthesis.cls
/usr/local/texlive/2022/texmf-dist/tex/latex/beilstein/beilstein.cls
/usr/local/texlive/2022/texmf-dist/tex/latex/brandeis-dissertation/brandeis-dissertation.cls
/usr/local/texlive/2022/texmf-dist/tex/latex/toptesi/toptesi.cls
/usr/local/texlive/2022/texmf-dist/tex/latex/njurepo/njurepo.cls
/usr/local/texlive/2022/texmf-dist/tex/latex/newlfm/newlfm.cls
/usr/local/texlive/2022/texmf-dist/tex/latex/hustthesis/hustthesis.cls
/usr/local/texlive/2022/texmf-dist/tex/latex/ltxguidex/ltxguidex.cls
/usr/local/texlive/2022/texmf-dist/tex/latex/cheatsheet/cheatsheet.cls
/usr/local/texlive/2022/texmf-dist/tex/latex/xduthesis/xduthesis.cls
/usr/local/texlive/2022/texmf-dist/tex/latex/talk/talk.cls
/usr/local/texlive/2022/texmf-dist/tex/latex/knittingpattern/knittingpattern.cls
/usr/local/texlive/2022/texmf-dist/tex/latex/geradwp/geradwp.cls
/usr/local/texlive/2022/texmf-dist/tex/platex/jsclasses/kiyou.cls
/usr/local/texlive/2022/texmf-dist/tex/platex/jsclasses/jspf.cls
/usr/local/texlive/2022/texmf-dist/tex/platex/jsclasses/jsarticle.cls
/usr/local/texlive/2022/texmf-dist/tex/platex/jsclasses/jsreport.cls
/usr/local/texlive/2022/texmf-dist/tex/platex/jsclasses/jsbook.cls
/usr/local/texlive/2022/texmf-dist/tex/platex/base/treport.cls
/usr/local/texlive/2022/texmf-dist/tex/platex/base/jreport.cls
/usr/local/texlive/2022/texmf-dist/tex/platex/base/jarticle.cls
/usr/local/texlive/2022/texmf-dist/tex/platex/base/plnews.cls
/usr/local/texlive/2022/texmf-dist/tex/platex/base/tarticle.cls
/usr/local/texlive/2022/texmf-dist/tex/platex/base/jbook.cls
/usr/local/texlive/2022/texmf-dist/tex/platex/base/jltxdoc.cls
/usr/local/texlive/2022/texmf-dist/tex/platex/base/tbook.cls
/usr/local/texlive/2022/texmf-dist/tex/uplatex/base/utreport.cls
/usr/local/texlive/2022/texmf-dist/tex/uplatex/base/ujreport.cls
/usr/local/texlive/2022/texmf-dist/tex/uplatex/base/ujbook.cls
/usr/local/texlive/2022/texmf-dist/tex/uplatex/base/utbook.cls
/usr/local/texlive/2022/texmf-dist/tex/uplatex/base/utarticle.cls
/usr/local/texlive/2022/texmf-dist/tex/uplatex/base/ujarticle.cls
/usr/local/texlive/2022/texmf-dist/tex/latex/aastex/aastex631.cls
/usr/local/texlive/2022/texmf-dist/tex/latex/isodoc/isodoc.cls
/usr/local/texlive/2022/texmf-dist/tex/latex/mentis/mentis.cls
/usr/local/texlive/2022/texmf-dist/tex/latex/muthesis/muthesis.cls
/usr/local/texlive/2022/texmf-dist/tex/latex/muthesis/third-rep.cls
/usr/local/texlive/2022/texmf-dist/tex/latex/paper/paper.cls
/usr/local/texlive/2022/texmf-dist/tex/latex/paper/journal.cls
/usr/local/texlive/2022/texmf-dist/tex/latex/revtex4-1/revtex4-1.cls
/usr/local/texlive/2022/texmf-dist/tex/latex/uebungsblatt/uebungsblatt.cls
/usr/local/texlive/2022/texmf-dist/tex/latex/simplivre/simplivre.cls
/usr/local/texlive/2022/texmf-dist/tex/latex/smflatex/smfart.cls
/usr/local/texlive/2022/texmf-dist/tex/latex/smflatex/smfbook.cls
/usr/local/texlive/2022/texmf-dist/tex/latex/europecv/europecv.cls
/usr/local/texlive/2022/texmf-dist/tex/latex/eskd/eskd.cls
/usr/local/texlive/2022/texmf-dist/tex/latex/nrc/nrc1.cls
/usr/local/texlive/2022/texmf-dist/tex/latex/nrc/nrc2.cls
/usr/local/texlive/2022/texmf-dist/tex/latex/moderncv/moderncv.cls
/usr/local/texlive/2022/texmf-dist/tex/latex/einfart/einfart.cls
/usr/local/texlive/2022/texmf-dist/tex/latex/brandeis-problemset/brandeis-problemset.cls
/usr/local/texlive/2022/texmf-dist/tex/latex/xmuthesis/xmuthesis.cls
/usr/local/texlive/2022/texmf-dist/tex/latex/sciposter/sciposter.cls
/usr/local/texlive/2022/texmf-dist/tex/latex/koma-script/scrlttr2.cls
/usr/local/texlive/2022/texmf-dist/tex/latex/koma-script/scrletter.cls
/usr/local/texlive/2022/texmf-dist/tex/latex/koma-script/scrdoc.cls
/usr/local/texlive/2022/texmf-dist/tex/latex/koma-script/scrarticle.cls
/usr/local/texlive/2022/texmf-dist/tex/latex/koma-script/scrreprt.cls
/usr/local/texlive/2022/texmf-dist/tex/latex/koma-script/scrartcl.cls
/usr/local/texlive/2022/texmf-dist/tex/latex/koma-script/scrreport.cls
/usr/local/texlive/2022/texmf-dist/tex/latex/koma-script/scrbook.cls
/usr/local/texlive/2022/texmf-dist/tex/latex/schwalbe-chess/schwalbe.cls
/usr/local/texlive/2022/texmf-dist/tex/latex/hagenberg-thesis/hgbreport.cls
/usr/local/texlive/2022/texmf-dist/tex/latex/hagenberg-thesis/hgbarticle.cls
/usr/local/texlive/2022/texmf-dist/tex/latex/hagenberg-thesis/hgbthesis.cls
/usr/local/texlive/2022/texmf-dist/tex/latex/afparticle/afparticle.cls
/usr/local/texlive/2022/texmf-dist/tex/latex/yaletter/yaletter.cls
/usr/local/texlive/2022/texmf-dist/tex/latex/papertex/papertex.cls
/usr/local/texlive/2022/texmf-dist/tex/latex/ieeetran/IEEEtran.cls
/usr/local/texlive/2022/texmf-dist/tex/latex/icsv/icsv.cls
/usr/local/texlive/2022/texmf-dist/tex/latex/uafthesis/uafthesis.cls
/usr/local/texlive/2022/texmf-dist/tex/latex/uwthesis/uwthesis.cls
/usr/local/texlive/2022/texmf-dist/tex/latex/onrannual/onrannual.cls
/usr/local/texlive/2022/texmf-dist/tex/latex/sapthesis/sapthesis.cls
/usr/local/texlive/2022/texmf-dist/tex/latex/uwmslide/uwmslide.cls
/usr/local/texlive/2022/texmf-dist/tex/latex/thuthesis/thuthesis.cls
/usr/local/texlive/2022/texmf-dist/tex/latex/lion-msc/lion-msc.cls
/usr/local/texlive/2022/texmf-dist/tex/latex/topletter/TOPletter.cls
/usr/local/texlive/2022/texmf-dist/tex/latex/gaceta/gaceta.cls
/usr/local/texlive/2022/texmf-dist/tex/latex/screenplay/screenplay.cls
/usr/local/texlive/2022/texmf-dist/tex/latex/acmconf/acmconf.cls
/usr/local/texlive/2022/texmf-dist/tex/latex/ieeeconf/IEEEconf.cls
/usr/local/texlive/2022/texmf-dist/tex/latex/skrapport/skrapport.cls
/usr/local/texlive/2022/texmf-dist/tex/latex/octavo/octavo.cls
/usr/local/texlive/2022/texmf-dist/tex/latex/inkpaper/inkpaper.cls
/usr/local/texlive/2022/texmf-dist/tex/latex/jpsj/jpsj2.cls
/usr/local/texlive/2022/texmf-dist/tex/latex/frletter/frletter.cls
/usr/local/texlive/2022/texmf-dist/tex/latex/g-brief/g-brief.cls
/usr/local/texlive/2022/texmf-dist/tex/latex/g-brief/g-brief2.cls
/usr/local/texlive/2022/texmf-dist/tex/latex/mucproc/mucproc.cls
/usr/local/texlive/2022/texmf-dist/tex/latex/resphilosophica/resphilosophica.cls
/usr/local/texlive/2022/texmf-dist/tex/latex/przechlewski-book/wkmgr.cls
/usr/local/texlive/2022/texmf-dist/tex/latex/przechlewski-book/upmgr.cls
/usr/local/texlive/2022/texmf-dist/tex/latex/lt3graph/lt3graph-packagedoc.cls
/usr/local/texlive/2022/texmf-dist/tex/latex/recipebook/RecipeBook.cls
/usr/local/texlive/2022/texmf-dist/tex/latex/uantwerpendocs/uantwerpenphdthesis.cls
/usr/local/texlive/2022/texmf-dist/tex/latex/uantwerpendocs/uantwerpenbamathesis.cls
/usr/local/texlive/2022/texmf-dist/tex/latex/uantwerpendocs/uantwerpencoursetext.cls
/usr/local/texlive/2022/texmf-dist/tex/latex/uantwerpendocs/uantwerpenletter.cls
/usr/local/texlive/2022/texmf-dist/tex/latex/uantwerpendocs/uantwerpenreport.cls
/usr/local/texlive/2022/texmf-dist/tex/latex/uantwerpendocs/uantwerpenexam.cls
/usr/local/texlive/2022/texmf-dist/tex/latex/mluexercise/mluexercise.cls
/usr/local/texlive/2022/texmf-dist/tex/latex/ucbthesis/ucbthesis.cls
/usr/local/texlive/2022/texmf-dist/tex/latex/confproc/confproc.cls
/usr/local/texlive/2022/texmf-dist/tex/latex/sdaps/sdapsclassic.cls
/usr/local/texlive/2022/texmf-dist/tex/latex/elegantnote/elegantnote.cls
/usr/local/texlive/2022/texmf-dist/tex/latex/fcavtex/fcavtex.cls
/usr/local/texlive/2022/texmf-dist/tex/latex/juramisc/jurabook.cls
/usr/local/texlive/2022/texmf-dist/tex/latex/juramisc/juraurtl.cls
/usr/local/texlive/2022/texmf-dist/tex/latex/juramisc/juraovw.cls
/usr/local/texlive/2022/texmf-dist/tex/latex/yb-book/yb-book.cls
/usr/local/texlive/2022/texmf-dist/tex/latex/schulmathematik/schulma-mdlprf.cls
/usr/local/texlive/2022/texmf-dist/tex/latex/schulmathematik/schulma-ab.cls
/usr/local/texlive/2022/texmf-dist/tex/latex/schulmathematik/schulma-praes.cls
/usr/local/texlive/2022/texmf-dist/tex/latex/schulmathematik/schulma-klausur.cls
/usr/local/texlive/2022/texmf-dist/tex/latex/schulmathematik/schulma-komp.cls
/usr/local/texlive/2022/texmf-dist/tex/latex/schulmathematik/schulma-gutachten.cls
/usr/local/texlive/2022/texmf-dist/tex/latex/ntgclass/rapport1.cls
/usr/local/texlive/2022/texmf-dist/tex/latex/ntgclass/brief.cls
/usr/local/texlive/2022/texmf-dist/tex/latex/ntgclass/boek.cls
/usr/local/texlive/2022/texmf-dist/tex/latex/ntgclass/rapport3.cls
/usr/local/texlive/2022/texmf-dist/tex/latex/ntgclass/boek3.cls
/usr/local/texlive/2022/texmf-dist/tex/latex/ntgclass/artikel2.cls
/usr/local/texlive/2022/texmf-dist/tex/latex/ntgclass/artikel3.cls
/usr/local/texlive/2022/texmf-dist/tex/latex/ntgclass/artikel1.cls
/usr/local/texlive/2022/texmf-dist/tex/latex/pkuthss/pkuthss.cls
/usr/local/texlive/2022/texmf-dist/tex/latex/cdpbundl/articoletteracdp.cls
/usr/local/texlive/2022/texmf-dist/tex/latex/cdpbundl/letteracdp.cls
/usr/local/texlive/2022/texmf-dist/tex/latex/subfiles/subfiles.cls
/usr/local/texlive/2022/texmf-dist/tex/latex/emisa/emisa.cls
/usr/local/texlive/2022/texmf-dist/tex/latex/powerdot-fuberlin/FUpowerdot.cls
/usr/local/texlive/2022/texmf-dist/tex/latex/courseoutline/courseoutline.cls
/usr/local/texlive/2022/texmf-dist/tex/latex/huawei/huawei.cls
/usr/local/texlive/2022/texmf-dist/tex/latex/sesamanuel/sesamanuel.cls
/usr/local/texlive/2022/texmf-dist/tex/latex/stellenbosch/usthesis.cls
/usr/local/texlive/2022/texmf-dist/tex/latex/sffms/sffms.cls
/usr/local/texlive/2022/texmf-dist/tex/latex/aiaa/aiaa-tc.cls
/usr/local/texlive/2022/texmf-dist/tex/latex/sides/sides.cls
/usr/local/texlive/2022/texmf-dist/tex/latex/flashcards/flashcards.cls
/usr/local/texlive/2022/texmf-dist/tex/latex/elsarticle/elsarticle.cls
/usr/local/texlive/2022/texmf-dist/tex/latex/lebhart/lebhart.cls
/usr/local/texlive/2022/texmf-dist/tex/latex/skb/skblncsppt.cls
/usr/local/texlive/2022/texmf-dist/tex/latex/skb/skblncsbeamer.cls
/usr/local/texlive/2022/texmf-dist/tex/latex/skb/skbmoderncv.cls
/usr/local/texlive/2022/texmf-dist/tex/latex/skb/skbbook.cls
/usr/local/texlive/2022/texmf-dist/tex/latex/skb/skbarticle.cls
/usr/local/texlive/2022/texmf-dist/tex/latex/skb/skbbeamer.cls
/usr/local/texlive/2022/texmf-dist/tex/latex/njustthesis/njustthesis.cls
/usr/local/texlive/2022/texmf-dist/tex/latex/fancyslides/fancyslides.cls
/usr/local/texlive/2022/texmf-dist/tex/latex/verifica/verifica.cls
/usr/local/texlive/2022/texmf-dist/tex/latex/pressrelease/pressrelease.cls
/usr/local/texlive/2022/texmf-dist/tex/latex/ut-thesis/ut-thesis.cls
/usr/local/texlive/2022/texmf-dist/tex/latex/jmlr/jmlr.cls
/usr/local/texlive/2022/texmf-dist/tex/latex/jmlr/jmlrbook.cls
/usr/local/texlive/2022/texmf-dist/tex/latex/ametsoc/ametsoc.cls
/usr/local/texlive/2022/texmf-dist/tex/latex/imtekda/IMTEKda.cls
/usr/local/texlive/2022/texmf-dist/tex/latex/qyxf-book/qyxf-book.cls
/usr/local/texlive/2022/texmf-dist/tex/latex/combine/combine.cls
/usr/local/texlive/2022/texmf-dist/tex/latex/active-conf/active-conf.cls
/usr/local/texlive/2022/texmf-dist/tex/latex/hc/hcreport.cls
/usr/local/texlive/2022/texmf-dist/tex/latex/hc/hcslides.cls
/usr/local/texlive/2022/texmf-dist/tex/latex/hc/hcart.cls
/usr/local/texlive/2022/texmf-dist/tex/latex/hc/hcletter.cls
/usr/local/texlive/2022/texmf-dist/tex/latex/iso/isov2.cls
/usr/local/texlive/2022/texmf-dist/tex/latex/semproc/semproc.cls
/usr/local/texlive/2022/texmf-dist/tex/latex/elegantpaper/elegantpaper.cls
/usr/local/texlive/2022/texmf-dist/tex/latex/beamerswitch/beamerswitch.cls
/usr/local/texlive/2022/texmf-dist/tex/latex/gzt/gztarticle.cls
/usr/local/texlive/2022/texmf-dist/tex/latex/gzt/gzt.cls
/usr/local/texlive/2022/texmf-dist/tex/latex/tudscr/tudscrreprt.cls
/usr/local/texlive/2022/texmf-dist/tex/latex/tudscr/tudscrposter.cls
/usr/local/texlive/2022/texmf-dist/tex/latex/tudscr/tudscrdoc.cls
/usr/local/texlive/2022/texmf-dist/tex/latex/tudscr/tudscrartcl.cls
/usr/local/texlive/2022/texmf-dist/tex/latex/tudscr/tudscrbook.cls
/usr/local/texlive/2022/texmf-dist/tex/latex/tudscr/tudscrmanual.cls
/usr/local/texlive/2022/texmf-dist/tex/latex/brandeis-thesis/brandeis-thesis.cls
/usr/local/texlive/2022/texmf-dist/tex/latex/standalone/standalone.cls
/usr/local/texlive/2022/texmf-dist/tex/latex/unizgklasa/unizgklasa.cls
/usr/local/texlive/2022/texmf-dist/tex/latex/univie-ling/univie-ling-wlg.cls
/usr/local/texlive/2022/texmf-dist/tex/latex/univie-ling/univie-ling-thesis.cls
/usr/local/texlive/2022/texmf-dist/tex/latex/univie-ling/univie-ling-expose.cls
/usr/local/texlive/2022/texmf-dist/tex/latex/univie-ling/univie-ling-paper.cls
/usr/local/texlive/2022/texmf-dist/tex/latex/ucsmonograph/ucsmonograph.cls
/usr/local/texlive/2022/texmf-dist/tex/latex/turabian-formatting/turabian-researchpaper.cls
/usr/local/texlive/2022/texmf-dist/tex/latex/turabian-formatting/turabian-thesis.cls
/usr/local/texlive/2022/texmf-dist/tex/latex/ndsu-thesis/ndsu-thesis.cls
/usr/local/texlive/2022/texmf-dist/tex/latex/texpower/powersem.cls
/usr/local/texlive/2022/texmf-dist/tex/latex/bxjscls/bxjsarticle.cls
/usr/local/texlive/2022/texmf-dist/tex/latex/bxjscls/bxjsbook.cls
/usr/local/texlive/2022/texmf-dist/tex/latex/bxjscls/bxjsslide.cls
/usr/local/texlive/2022/texmf-dist/tex/latex/bxjscls/bxjsreport.cls
/usr/local/texlive/2022/texmf-dist/tex/latex/petiteannonce/petiteannonce.cls
/usr/local/texlive/2022/texmf-dist/tex/latex/lettre/lettre.cls
/usr/local/texlive/2022/texmf-dist/tex/latex/kotex-oblivoir/oblivoir.cls
/usr/local/texlive/2022/texmf-dist/tex/latex/kotex-oblivoir/xoblivoir.cls
/usr/local/texlive/2022/texmf-dist/tex/latex/kotex-oblivoir/oblivoir-utf.cls
/usr/local/texlive/2022/texmf-dist/tex/latex/kotex-oblivoir/oblivoir-xl.cls
/usr/local/texlive/2022/texmf-dist/tex/latex/tui/tui.cls
/usr/local/texlive/2022/texmf-dist/tex/latex/hletter/hletter.cls
/usr/local/texlive/2022/texmf-dist/tex/latex/revtex/revtex4-2.cls
/usr/local/texlive/2022/texmf-dist/tex/latex/pittetd/pittetd.cls
/usr/local/texlive/2022/texmf-dist/tex/latex/graphpaper/graphpaper.cls
/usr/local/texlive/2022/texmf-dist/tex/latex/thesis-ekf/thesis-ekf.cls
/usr/local/texlive/2022/texmf-dist/tex/latex/erdc/erdc.cls
/usr/local/texlive/2022/texmf-dist/tex/latex/umthesis/umthesis.cls
/usr/local/texlive/2022/texmf-dist/tex/latex/prosper/prosper.cls
/usr/local/texlive/2022/texmf-dist/tex/latex/uwa-pcf/uwa-pcf.cls
/usr/local/texlive/2022/texmf-dist/tex/latex/easybook/easybook.cls
/usr/local/texlive/2022/texmf-dist/tex/latex/ejpecp/ejpecp.cls
/usr/local/texlive/2022/texmf-dist/tex/latex/uwa-pif/uwa-pif.cls
/usr/local/texlive/2022/texmf-dist/tex/latex/lni/lni.cls
/usr/local/texlive/2022/texmf-dist/tex/latex/jlreq/jlreq.cls
/usr/local/texlive/2022/texmf-dist/tex/latex/arabtex/arabrep.cls
/usr/local/texlive/2022/texmf-dist/tex/latex/arabtex/arabart.cls
/usr/local/texlive/2022/texmf-dist/tex/latex/arabtex/arabrep1.cls
/usr/local/texlive/2022/texmf-dist/tex/latex/arabtex/arabbook.cls
/usr/local/texlive/2022/texmf-dist/tex/latex/droit-fr/droit-fr.cls
/usr/local/texlive/2022/texmf-dist/tex/latex/eskdx/eskdtext.cls
/usr/local/texlive/2022/texmf-dist/tex/latex/eskdx/eskdgraph.cls
/usr/local/texlive/2022/texmf-dist/tex/latex/eskdx/eskdtab.cls
/usr/local/texlive/2022/texmf-dist/tex/latex/br-lex/br-lex.cls
/usr/local/texlive/2022/texmf-dist/tex/latex/tikz-kalender/tikz-kalender.cls
/usr/local/texlive/2022/texmf-dist/tex/latex/recipe/recipe.cls
/usr/local/texlive/2022/texmf-dist/tex/latex/tcldoc/tcldoc.cls
/usr/local/texlive/2022/texmf-dist/tex/latex/tcldoc/tclldoc.cls
/usr/local/texlive/2022/texmf-dist/tex/latex/musuos/musuos.cls
/usr/local/texlive/2022/texmf-dist/tex/latex/philosophersimprint/philosophersimprint.cls
/usr/local/texlive/2022/texmf-dist/tex/latex/llncs/llncs.cls
/usr/local/texlive/2022/texmf-dist/tex/latex/sslides/sslides.cls
/usr/local/texlive/2022/texmf-dist/tex/latex/bookcover/bookcover.cls
/usr/local/texlive/2022/texmf-dist/tex/latex/bmstu-iu8/BMSTU-IU8.cls
/usr/local/texlive/2022/texmf-dist/tex/latex/limap/limap.cls
/usr/local/texlive/2022/texmf-dist/tex/latex/udesoftec/udesoftec.cls
/usr/local/texlive/2022/texmf-dist/tex/latex/schule/schulekl.cls
/usr/local/texlive/2022/texmf-dist/tex/latex/schule/schullzk.cls
/usr/local/texlive/2022/texmf-dist/tex/latex/schule/schuleit.cls
/usr/local/texlive/2022/texmf-dist/tex/latex/schule/schullsg.cls
/usr/local/texlive/2022/texmf-dist/tex/latex/schule/schuleub.cls
/usr/local/texlive/2022/texmf-dist/tex/latex/schule/schuleab.cls
/usr/local/texlive/2022/texmf-dist/tex/latex/schule/schuleue.cls
/usr/local/texlive/2022/texmf-dist/tex/latex/schule/schulein.cls
/usr/local/texlive/2022/texmf-dist/tex/latex/mugsthesis/mugsthesis.cls
/usr/local/texlive/2022/texmf-dist/tex/latex/uhhassignment/uhhassignment.cls
/usr/local/texlive/2022/texmf-dist/tex/latex/wsemclassic/wsemclassic.cls
/usr/local/texlive/2022/texmf-dist/tex/latex/nwafuthesis/nwafuthesis.cls
/usr/local/texlive/2022/texmf-dist/tex/latex/bfh-ci/bfhpub.cls
/usr/local/texlive/2022/texmf-dist/tex/latex/bfh-ci/bfhthesis.cls
/usr/local/texlive/2022/texmf-dist/tex/latex/bfh-ci/bfhbeamer.cls
/usr/local/texlive/2022/texmf-dist/tex/latex/bfh-ci/bfhsciposter.cls
/usr/local/texlive/2022/texmf-dist/tex/latex/mafr/cours.cls
/usr/local/texlive/2022/texmf-dist/tex/latex/mafr/fiche.cls
/usr/local/texlive/2022/texmf-dist/tex/latex/postcards/postcards.cls
/usr/local/texlive/2022/texmf-dist/tex/latex/cesenaexam/cesenaexam.cls
/usr/local/texlive/2022/texmf-dist/tex/latex/asmeconf/asmeconf.cls
/usr/local/texlive/2022/texmf-dist/tex/latex/uothesis/uothesis.cls
/usr/local/texlive/2022/texmf-dist/tex/latex/economic/pocoec.cls
/usr/local/texlive/2022/texmf-dist/tex/latex/economic/itaxpf.cls
/usr/local/texlive/2022/texmf-dist/tex/latex/economic/regstud.cls
/usr/local/texlive/2022/texmf-dist/tex/latex/economic/njf.cls
/usr/local/texlive/2022/texmf-dist/tex/latex/economic/jrurstud.cls
/usr/local/texlive/2022/texmf-dist/tex/latex/economic/oegatb.cls
/usr/local/texlive/2022/texmf-dist/tex/latex/economic/apecon.cls
/usr/local/texlive/2022/texmf-dist/tex/latex/economic/agecon.cls
/usr/local/texlive/2022/texmf-dist/tex/latex/economic/worlddev.cls
/usr/local/texlive/2022/texmf-dist/tex/latex/economic/erae.cls
/usr/local/texlive/2022/texmf-dist/tex/latex/economic/ecca.cls
/usr/local/texlive/2022/texmf-dist/tex/latex/economic/ajae.cls
/usr/local/texlive/2022/texmf-dist/tex/latex/qcm/qcm.cls
/usr/local/texlive/2022/texmf-dist/tex/latex/uaclasses/my-thesis.cls
/usr/local/texlive/2022/texmf-dist/tex/latex/uaclasses/ua-thesis.cls
/usr/local/texlive/2022/texmf-dist/tex/latex/mnras/mnras.cls
/usr/local/texlive/2022/texmf-dist/tex/latex/ryersonsgsthesis/ryersonSGSThesis.cls
/usr/local/texlive/2022/texmf-dist/tex/latex/meetingmins/meetingmins.cls
/usr/local/texlive/2022/texmf-dist/tex/latex/pracjourn/pracjourn.cls
/usr/local/texlive/2022/texmf-dist/tex/latex/skdoc/skdoc.cls
/usr/local/texlive/2022/texmf-dist/tex/latex/extsizes/extbook.cls
/usr/local/texlive/2022/texmf-dist/tex/latex/extsizes/extletter.cls
/usr/local/texlive/2022/texmf-dist/tex/latex/extsizes/extarticle.cls
/usr/local/texlive/2022/texmf-dist/tex/latex/extsizes/extproc.cls
/usr/local/texlive/2022/texmf-dist/tex/latex/extsizes/extreport.cls
/usr/local/texlive/2022/texmf-dist/tex/latex/h2020proposal/h2020proposal.cls
/usr/local/texlive/2022/texmf-dist/tex/latex/contracard/contracard.cls
/usr/local/texlive/2022/texmf-dist/tex/latex/uiucredborder/uiucredborder.cls
/usr/local/texlive/2022/texmf-dist/tex/latex/fancyhandout/fancyhandout.cls
/usr/local/texlive/2022/texmf-dist/tex/latex/curve/curve.cls
/usr/local/texlive/2022/texmf-dist/tex/latex/a0poster/a0poster.cls
/usr/local/texlive/2022/texmf-dist/tex/latex/bookshelf/bookshelf.cls
/usr/local/texlive/2022/texmf-dist/tex/latex/cv4tw/cv4tw.cls
/usr/local/texlive/2022/texmf-dist/tex/latex/plari/plari.cls
/usr/local/texlive/2022/texmf-dist/tex/latex/hitszthesis/hitszthesis.cls
/usr/local/texlive/2022/texmf-dist/tex/latex/suftesi/suftesi.cls
/usr/local/texlive/2022/texmf-dist/tex/latex/nlctdoc/nlctdoc.cls
/usr/local/texlive/2022/texmf-dist/tex/latex/mwcls/mwrep.cls
/usr/local/texlive/2022/texmf-dist/tex/latex/mwcls/mwart.cls
/usr/local/texlive/2022/texmf-dist/tex/latex/mwcls/mwbk.cls
/usr/local/texlive/2022/texmf-dist/tex/latex/ltxdockit/ltxdockit.cls
/usr/local/texlive/2022/texmf-dist/tex/latex/bjfuthesis/bjfuthesis.cls
/usr/local/texlive/2022/texmf-dist/tex/latex/unam-thesis/unam-thesis.cls
/usr/local/texlive/2022/texmf-dist/tex/latex/assignment/assignment.cls
/usr/local/texlive/2022/texmf-dist/tex/latex/sr-vorl/sr-vorl.cls
/usr/local/texlive/2022/texmf-dist/tex/latex/ksp-thesis/ksp-thesis.cls
/usr/local/texlive/2022/texmf-dist/tex/latex/tugboat/ltugboat.cls
/usr/local/texlive/2022/texmf-dist/tex/latex/tugboat/ltugproc.cls
/usr/local/texlive/2022/texmf-dist/tex/latex/ptptex/ptptex.cls
/usr/local/texlive/2022/texmf-dist/tex/latex/mensa-tex/mensa-tex.cls
/usr/local/texlive/2022/texmf-dist/tex/latex/modernposter/modernposter.cls
/usr/local/texlive/2022/texmf-dist/tex/latex/bgteubner/bgteubner.cls
/usr/local/texlive/2022/texmf-dist/tex/latex/gradstudentresume/gradstudentresume.cls
/usr/local/texlive/2022/texmf-dist/tex/latex/tuda-ci/tudaleaflet.cls
/usr/local/texlive/2022/texmf-dist/tex/latex/tuda-ci/tudasciposter.cls
/usr/local/texlive/2022/texmf-dist/tex/latex/tuda-ci/tudabeamer.cls
/usr/local/texlive/2022/texmf-dist/tex/latex/tuda-ci/tudaexercise.cls
/usr/local/texlive/2022/texmf-dist/tex/latex/tuda-ci/tudaletter.cls
/usr/local/texlive/2022/texmf-dist/tex/latex/tuda-ci/tudaposter.cls
/usr/local/texlive/2022/texmf-dist/tex/latex/tuda-ci/tudapub.cls
/usr/local/texlive/2022/texmf-dist/tex/latex/milog/milog.cls
/usr/local/texlive/2022/texmf-dist/tex/latex/aguplus/aguplus.cls
/usr/local/texlive/2022/texmf-dist/tex/latex/protocol/protocol.cls
/usr/local/texlive/2022/texmf-dist/tex/latex/ijsra/ijsra.cls
/usr/local/texlive/2022/texmf-dist/tex/latex/mcmthesis/mcmthesis.cls
/usr/local/texlive/2022/texmf-dist/tex/latex/stex/hwexam.cls
/usr/local/texlive/2022/texmf-dist/tex/latex/stex/document-structure.cls
/usr/local/texlive/2022/texmf-dist/tex/latex/stex/stex.cls
/usr/local/texlive/2022/texmf-dist/tex/latex/stex/notesslides.cls
/usr/local/texlive/2022/texmf-dist/tex/latex/muling/muling.cls
/usr/local/texlive/2022/texmf-dist/tex/latex/nature/nature.cls
/usr/local/texlive/2022/texmf-dist/tex/latex/bangorexam/bangorexam.cls
/usr/local/texlive/2022/texmf-dist/tex/latex/shipunov/etiketka.cls
/usr/local/texlive/2022/texmf-dist/tex/latex/shipunov/cassete.cls
/usr/local/texlive/2022/texmf-dist/tex/latex/jnuexam/jnuexam.cls
/usr/local/texlive/2022/texmf-dist/tex/latex/colorist/colorart.cls
/usr/local/texlive/2022/texmf-dist/tex/latex/colorist/colorbook.cls
/usr/local/texlive/2022/texmf-dist/tex/latex/cje/cje.cls
/usr/local/texlive/2022/texmf-dist/tex/latex/unbtex/unbtex.cls
/usr/local/texlive/2022/texmf-dist/tex/latex/iodhbwm/iodhbwm.cls
/usr/local/texlive/2022/texmf-dist/tex/latex/aomart/aomart.cls
/usr/local/texlive/2022/texmf-dist/tex/latex/mycv/mycv.cls
/usr/local/texlive/2022/texmf-dist/tex/latex/ascelike/ascelike.cls
/usr/local/texlive/2022/texmf-dist/tex/latex/articleingud/articleingud.cls
/usr/local/texlive/2022/texmf-dist/tex/latex/bookest/bookest.cls
/usr/local/texlive/2022/texmf-dist/tex/latex/dithesis/dithesis.cls
/usr/local/texlive/2022/texmf-dist/tex/latex/willowtreebook/willowtreebook.cls
/usr/local/texlive/2022/texmf-dist/tex/latex/tufte-latex/tufte-book.cls
/usr/local/texlive/2022/texmf-dist/tex/latex/tufte-latex/tufte-handout.cls
/usr/local/texlive/2022/texmf-dist/tex/latex/harnon-cv/harnon-cv.cls
/usr/local/texlive/2022/texmf-dist/tex/latex/facsimile/facsimile.cls
/usr/local/texlive/2022/texmf-dist/tex/latex/jacow/jacow.cls
/usr/local/texlive/2022/texmf-dist/tex/latex/europasscv/europasscv.cls
/usr/local/texlive/2022/texmf-dist/tex/latex/elegantbook/elegantbook.cls
/usr/local/texlive/2022/texmf-dist/tex/latex/hithesis/hithesis.cls
/usr/local/texlive/2022/texmf-dist/tex/latex/amscls/amsldoc.cls
/usr/local/texlive/2022/texmf-dist/tex/latex/amscls/amsdtx.cls
/usr/local/texlive/2022/texmf-dist/tex/latex/amscls/amsbook.cls
/usr/local/texlive/2022/texmf-dist/tex/latex/amscls/amsproc.cls
/usr/local/texlive/2022/texmf-dist/tex/latex/amscls/amsart.cls
/usr/local/texlive/2022/texmf-dist/tex/latex/bangorcsthesis/bangorcsthesis.cls
/usr/local/texlive/2022/texmf-dist/tex/latex/leaflet/leaflet.cls
/usr/local/texlive/2022/texmf-dist/tex/latex/quantumarticle/quantumarticle.cls
/usr/local/texlive/2022/texmf-dist/tex/latex/ltxmisc/flashcard.cls
/usr/local/texlive/2022/texmf-dist/tex/latex/ltxmisc/abstbook.cls
/usr/local/texlive/2022/texmf-dist/tex/latex/ltxmisc/iagproc.cls
/usr/local/texlive/2022/texmf-dist/tex/latex/ltxmisc/beletter.cls
/usr/local/texlive/2022/texmf-dist/tex/latex/dtk/dtk.cls
/usr/local/texlive/2022/texmf-dist/tex/latex/rbt-mathnotes/rbt-mathnotes-hw.cls
/usr/local/texlive/2022/texmf-dist/tex/latex/rbt-mathnotes/rbt-mathnotes.cls
/usr/local/texlive/2022/texmf-dist/tex/latex/rbt-mathnotes/rbt-mathnotes-formula-sheet.cls
/usr/local/texlive/2022/texmf-dist/tex/latex/acmart/acmart.cls
/usr/local/texlive/2022/texmf-dist/tex/latex/fduthesis/fduthesis.cls
/usr/local/texlive/2022/texmf-dist/tex/latex/fduthesis/fdudoc.cls
/usr/local/texlive/2022/texmf-dist/tex/latex/fduthesis/fduthesis-en.cls
/usr/local/texlive/2022/texmf-dist/tex/latex/umich-thesis/umich-thesis.cls
/usr/local/texlive/2022/texmf-dist/tex/latex/webquiz/webquiz.cls
/usr/local/texlive/2022/texmf-dist/tex/latex/pecha/pecha.cls
/usr/local/texlive/2022/texmf-dist/tex/latex/elpres/elpres.cls
/usr/local/texlive/2022/texmf-dist/tex/latex/buctthesis/buctthesis.cls
/usr/local/texlive/2022/texmf-dist/tex/latex/buctthesis/buctcover.cls
/usr/local/texlive/2022/texmf-dist/tex/latex/uspatent/uspatent.cls
/usr/local/texlive/2022/texmf-dist/tex/latex/utexasthesis/utexasthesis.cls
/usr/local/texlive/2022/texmf-dist/tex/latex/komacv/komacv.cls
/usr/local/texlive/2022/texmf-dist/tex/latex/aalok/aalok.cls
/usr/local/texlive/2022/texmf-dist/tex/latex/seuthesix/seuthesix.cls
/usr/local/texlive/2022/texmf-dist/tex/latex/sduthesis/sduthesis.cls
/usr/local/texlive/2022/texmf-dist/tex/latex/guitartabs/guitartabs.cls
/usr/local/texlive/2022/texmf-dist/tex/latex/els-cas-templates/cas-sc.cls
/usr/local/texlive/2022/texmf-dist/tex/latex/els-cas-templates/cas-dc.cls
/usr/local/texlive/2022/texmf-dist/tex/latex/memoir/memoir.cls
/usr/local/texlive/2022/texmf-dist/tex/latex/thesis-gwu/thesis-gwu.cls
/usr/local/texlive/2022/texmf-dist/tex/latex/ydoc/ydoc.cls
/usr/local/texlive/2022/texmf-dist/tex/latex/proposal/dfg/dfgreporting.cls
/usr/local/texlive/2022/texmf-dist/tex/latex/proposal/dfg/dfgproposal.cls
/usr/local/texlive/2022/texmf-dist/tex/latex/proposal/eu/euproposal.cls
/usr/local/texlive/2022/texmf-dist/tex/latex/proposal/eu/eureporting.cls
/usr/local/texlive/2022/texmf-dist/tex/latex/proposal/base/reporting.cls
/usr/local/texlive/2022/texmf-dist/tex/latex/proposal/base/proposal.cls
/usr/local/texlive/2022/texmf-dist/tex/latex/beaulivre/beaulivre.cls
/usr/local/texlive/2022/texmf-dist/tex/latex/matapli/matapli.cls
/usr/local/texlive/2022/texmf-dist/tex/latex/scrjrnl/scrjrnl.cls
/usr/local/texlive/2022/texmf-dist/tex/latex/recipecard/recipecard.cls
/usr/local/texlive/2022/texmf-dist/tex/latex/nddiss/nddiss2e.cls
/usr/local/texlive/2022/texmf-dist/tex/latex/nostarch/nostarch.cls
/usr/local/texlive/2022/texmf-dist/tex/latex/abntex2/abntex2.cls
/usr/local/texlive/2022/texmf-dist/tex/latex/sageep/sageep.cls
/usr/local/texlive/2022/texmf-dist/tex/latex/gammas/gammas.cls
/usr/local/texlive/2022/texmf-dist/tex/latex/bangtex/barticle.cls
/usr/local/texlive/2022/texmf-dist/tex/latex/bangtex/bletter.cls
/usr/local/texlive/2022/texmf-dist/tex/latex/bangtex/bbook.cls
/usr/local/texlive/2022/texmf-dist/tex/latex/njuthesis/njuthesis.cls
/usr/local/texlive/2022/texmf-dist/tex/latex/elteikthesis/elteikthesis.cls
/usr/local/texlive/2022/texmf-dist/tex/latex/elbioimp/elbioimp.cls
/usr/local/texlive/2022/texmf-dist/tex/latex/estcpmm/estcpmm.cls
/usr/local/texlive/2022/texmf-dist/tex/latex/ebsthesis/ebsthesis.cls
/usr/local/texlive/2022/texmf-dist/tex/latex/fbithesis/fbithesis.cls
/usr/local/texlive/2022/texmf-dist/tex/latex/coursepaper/coursepaper.cls
/usr/local/texlive/2022/texmf-dist/tex/latex/turabian/turabian.cls
/usr/local/texlive/2022/texmf-dist/tex/latex/concprog/ConcProg.cls
/usr/local/texlive/2022/texmf-dist/tex/latex/ucthesis/ucthesis.cls
/usr/local/texlive/2022/texmf-dist/tex/latex/jura/jura.cls
/usr/local/texlive/2022/texmf-dist/tex/latex/apa/apa.cls
/usr/local/texlive/2022/texmf-dist/tex/latex/urcls/URletter.cls
/usr/local/texlive/2022/texmf-dist/tex/latex/urcls/URbeamer.cls
/usr/local/texlive/2022/texmf-dist/tex/latex/cascadilla/cascadilla.cls
/usr/local/texlive/2022/texmf-dist/tex/latex/sugconf/sugconf.cls
/usr/local/texlive/2022/texmf-dist/tex/latex/tabriz-thesis/tabriz-thesis.cls
/usr/local/texlive/2022/texmf-dist/tex/latex/cweb-latex/cweb.cls
/usr/local/texlive/2022/texmf-dist/tex/latex/uestcthesis/uestcthesis.cls
/usr/local/texlive/2022/texmf-dist/tex/latex/aucklandthesis/aucklandthesis.cls
/usr/local/texlive/2022/texmf-dist/tex/latex/phfextendedabstract/phfextendedabstract.cls
/usr/local/texlive/2022/texmf-dist/tex/latex/powerdot/powerdot.cls
/usr/local/texlive/2022/texmf-dist/tex/latex/dccpaper/ijdc-v9.cls
/usr/local/texlive/2022/texmf-dist/tex/latex/dccpaper/idcc.cls
/usr/local/texlive/2022/texmf-dist/tex/latex/dccpaper/ijdc-v14.cls
/usr/local/texlive/2022/texmf-dist/tex/latex/gridslides/gridslides.cls
/usr/local/texlive/2022/texmf-dist/tex/latex/pbsheet/pbsheet.cls
/usr/local/texlive/2022/texmf-dist/tex/latex/fei/fei.cls
/usr/local/texlive/2022/texmf-dist/tex/latex/gmdoc/gmdocc.cls
/usr/local/texlive/2022/texmf-dist/tex/latex/codedoc/codedoc.cls
/usr/local/texlive/2022/texmf-dist/tex/latex/l3kernel/l3doc.cls
/usr/local/texlive/2022/texmf-dist/tex/latex/disser/gost732.cls
/usr/local/texlive/2022/texmf-dist/tex/latex/disser/disser.cls
/usr/local/texlive/2022/texmf-dist/tex/latex/nih/nih.cls
/usr/local/texlive/2022/texmf-dist/tex/latex/hecthese/hecthese.cls
/usr/local/texlive/2022/texmf-dist/tex/latex/gsemthesis/gsemthesis.cls
/usr/local/texlive/2022/texmf-dist/tex/latex/apa6e/apa6e.cls
/usr/local/texlive/2022/texmf-dist/tex/latex/bewerbung/bewerbung.cls
/usr/local/texlive/2022/texmf-dist/tex/latex/bewerbung/argetabelle.cls
/usr/local/texlive/2022/texmf-dist/tex/latex/flacards/flacards.cls
/usr/local/texlive/2022/texmf-dist/tex/latex/fithesis/fithesis.cls
/usr/local/texlive/2022/texmf-dist/tex/latex/fithesis/fithesis2.cls
/usr/local/texlive/2022/texmf-dist/tex/latex/fithesis/fithesis3.cls
/usr/local/texlive/2022/texmf-dist/tex/latex/fithesis/fithesis4.cls
/usr/local/texlive/2022/texmf-dist/tex/latex/nihbiosketch/nihbiosketch.cls
/usr/local/texlive/2022/texmf-dist/tex/latex/exam-n/exam-n.cls
/usr/local/texlive/2022/texmf-dist/tex/latex/csbulletin/csbulv1.cls
/usr/local/texlive/2022/texmf-dist/tex/latex/csbulletin/csbulletin.cls
/usr/local/texlive/2022/texmf-dist/tex/latex/csbulletin/csbulobalka.cls
/usr/local/texlive/2022/texmf-dist/tex/latex/tikzposter/tikzposter.cls
/usr/local/texlive/2022/texmf-dist/tex/latex/chletter/chletter.cls
/usr/local/texlive/2022/texmf-dist/tex/latex/exesheet/exesheet.cls
/usr/local/texlive/2022/texmf-dist/tex/latex/kluwer/kluwer.cls
/usr/local/texlive/2022/texmf-dist/tex/latex/yathesis/yathesis.cls
/usr/local/texlive/2022/texmf-dist/tex/latex/ncclatex/nccproc.cls
/usr/local/texlive/2022/texmf-dist/tex/latex/ncclatex/sibjnm.cls
/usr/local/texlive/2022/texmf-dist/tex/latex/ncclatex/ncc.cls
/usr/local/texlive/2022/texmf-dist/tex/latex/stage/stage.cls
/usr/local/texlive/2022/texmf-dist/tex/latex/ffslides/ffslides.cls
/usr/local/texlive/2022/texmf-dist/tex/latex/asaetr/asaetr.cls
/usr/local/texlive/2022/texmf-dist/tex/latex/refman/refrep.cls
/usr/local/texlive/2022/texmf-dist/tex/latex/refman/refart.cls
/usr/local/texlive/2022/texmf-dist/tex/latex/sphdthesis/SPhdThesis.cls
/usr/local/texlive/2022/texmf-dist/tex/latex/uiucthesis/uiucthesis.cls
/usr/local/texlive/2022/texmf-dist/tex/latex/afthesis/afthesis.cls
/usr/local/texlive/2022/texmf-dist/tex/latex/seu-ml-assign/seu-ml-assign.cls
/usr/local/texlive/2022/texmf-dist/tex/latex/ppr-prv/ppr-prv.cls
/usr/local/texlive/2022/texmf-dist/tex/latex/xsim/xsim-manual.cls
/usr/local/texlive/2022/texmf-dist/tex/latex/exam/exam.cls
/usr/local/texlive/2022/texmf-dist/tex/latex/asmejour/asmejour.cls
/usr/local/texlive/2022/texmf-dist/tex/latex/ijmart/ijmart.cls
/usr/local/texlive/2022/texmf-dist/tex/latex/seminar/seminar.cls
/usr/local/texlive/2022/texmf-dist/tex/latex/hpsdiss/hpsdiss.cls
/usr/local/texlive/2022/texmf-dist/tex/latex/hrlatex/fsbispit.cls
/usr/local/texlive/2022/texmf-dist/tex/latex/oup-authoring-template/oup-authoring-template.cls
/usr/local/texlive/2022/texmf-dist/tex/latex/akletter/myletter.cls
/usr/local/texlive/2022/texmf-dist/tex/latex/akletter/akletter.cls
/usr/local/texlive/2022/texmf-dist/tex/latex/revtex4/revtex4.cls
/usr/local/texlive/2022/texmf-dist/tex/latex/cd/cd.cls
/usr/local/texlive/2022/texmf-dist/tex/latex/ryethesis/ryethesis.cls
/usr/local/texlive/2022/texmf-dist/tex/latex/hitreport/hitreport.cls
/usr/local/texlive/2022/texmf-dist/tex/latex/cnltx/cnltx-doc.cls
/usr/local/texlive/2022/texmf-dist/tex/latex/bankstatement/bankstatement.cls
/usr/local/texlive/2022/texmf-dist/tex/latex/apa6/apa6.cls
/usr/local/texlive/2022/texmf-dist/tex/latex/unitn-bimrep/unitn-bimrep.cls
/usr/local/texlive/2022/texmf-dist/tex/latex/iscram/iscram.cls
/usr/local/texlive/2022/texmf-dist/tex/latex/lectures/lectures.cls
/usr/local/texlive/2022/texmf-dist/tex/latex/york-thesis/york-thesis.cls
/usr/local/texlive/2022/texmf-dist/tex/latex/factura/factura.cls
/usr/local/texlive/2022/texmf-dist/tex/latex/mlacls/mla.cls
/usr/local/texlive/2022/texmf-dist/tex/latex/unifith/unifith.cls
/usr/local/texlive/2022/texmf-dist/tex/latex/bmstu/bmstu.cls
/usr/local/texlive/2022/texmf-dist/tex/latex/xebaposter/xebaposter.cls
/usr/local/texlive/2022/texmf-dist/tex/latex/kdpcover/kdpcover.cls
/usr/local/texlive/2022/texmf-dist/tex/latex/cnbwp/cnbwp.cls
/usr/local/texlive/2022/texmf-dist/tex/latex/examdesign/examdesign.cls
/usr/local/texlive/2022/texmf-dist/tex/latex/play/play.cls
/usr/local/texlive/2022/texmf-dist/tex/latex/image-gallery/image-gallery.cls
/usr/local/texlive/2022/texmf-dist/tex/latex/invoice-class/invoice-class.cls
/usr/local/texlive/2022/texmf-dist/tex/latex/rtklage/rtklage.cls
/usr/local/texlive/2022/texmf-dist/tex/latex/dvdcoll/dvdcoll.cls
/usr/local/texlive/2022/texmf-dist/tex/latex/simplecv/simplecv.cls
/usr/local/texlive/2022/texmf-dist/tex/latex/basque-book/basque-book.cls
/usr/local/texlive/2022/texmf-dist/tex/latex/bithesis/bitart.cls
/usr/local/texlive/2022/texmf-dist/tex/latex/bithesis/bitbook.cls
/usr/local/texlive/2022/texmf-dist/tex/latex/limecv/limecv.cls
/usr/local/texlive/2022/texmf-dist/tex/latex/tlc-article/tlc-article.cls
/usr/local/texlive/2022/texmf-dist/tex/latex/labbook/labbook.cls
/usr/local/texlive/2022/texmf-dist/tex/latex/apa7/apa7.cls
/usr/local/texlive/2022/texmf-dist/tex/latex/akktex/akkscript.cls
/usr/local/texlive/2022/texmf-dist/tex/latex/akktex/akktecdoc.cls
/usr/local/texlive/2022/texmf-dist/tex/latex/akktex/akklecture.cls
/usr/local/texlive/2022/texmf-dist/tex/latex/ucalgmthesis/ucalgmthesis.cls
/usr/local/texlive/2022/texmf-dist/tex/latex/shtthesis/shtthesis.cls
/usr/local/texlive/2022/texmf-dist/tex/latex/achemso/achemso.cls
/usr/local/texlive/2022/texmf-dist/tex/latex/metanorma/metanorma.cls
/usr/local/texlive/2022/texmf-dist/tex/latex/mdframed/ltxmdf.cls
/usr/local/texlive/2022/texmf-dist/tex/latex/dinbrief/dinbrief.cls
/usr/local/texlive/2022/texmf-dist/tex/latex/beamer/beamer.cls
/usr/local/texlive/2022/texmf-dist/tex/latex/ucdavisthesis/ucdavisthesis.cls
/usr/local/texlive/2022/texmf-dist/tex/latex/cquthesis/cquthesis.cls
/usr/local/texlive/2022/texmf-dist/tex/latex/pstricks/pst-doc.cls
/usr/local/texlive/2022/texmf-dist/tex/latex/matc3mem/matc3mem.cls
/usr/local/texlive/2022/texmf-dist/tex/latex/prtec/prtec.cls
/usr/local/texlive/2022/texmf-dist/tex/latex/leadsheets/leadsheet.cls
/usr/local/texlive/2022/texmf-dist/tex/latex/ulthese/ulthese.cls
/usr/local/texlive/2022/texmf-dist/tex/latex/ycbook/ycbook.cls
/usr/local/texlive/2022/texmf-dist/tex/latex/computational-complexity/cc.cls
/usr/local/texlive/2022/texmf-dist/tex/latex/adfathesis/adfathesis.cls
/usr/local/texlive/2022/texmf-dist/tex/latex/withargs/withargs-packagedoc.cls
/usr/local/texlive/2022/texmf-dist/tex/latex/kdgdocs/kdgcoursetext.cls
/usr/local/texlive/2022/texmf-dist/tex/latex/kdgdocs/kdgmasterthesis.cls
/usr/local/texlive/2022/texmf-dist/tex/latex/hausarbeit-jura/hausarbeit-jura.cls
/usr/local/texlive/2022/texmf-dist/tex/latex/readablecv/ReadableCV.cls
/usr/local/texlive/2022/texmf-dist/tex/latex/cd-cover/cd-cover.cls
/usr/local/texlive/2022/texmf-dist/tex/latex/hitec/hitec.cls
/usr/local/texlive/2022/texmf-dist/tex/latex/emulateapj/emulateapj.cls
/usr/local/texlive/2022/texmf-dist/tex/latex/nwejm/nwejm.cls
/usr/local/texlive/2022/texmf-dist/tex/latex/nwejm/nwejmart.cls
/usr/local/texlive/2022/texmf-dist/tex/latex/ctex/ctexrep.cls
/usr/local/texlive/2022/texmf-dist/tex/latex/ctex/ctexbeamer.cls
/usr/local/texlive/2022/texmf-dist/tex/latex/ctex/ctexart.cls
/usr/local/texlive/2022/texmf-dist/tex/latex/ctex/ctexbook.cls
/usr/local/texlive/2022/texmf-dist/tex/latex/ctex/ctxdoc.cls
/usr/local/texlive/2022/texmf-dist/tex/latex/minimalist/minimart.cls
/usr/local/texlive/2022/texmf-dist/tex/latex/minimalist/minimbook.cls
/usr/local/texlive/2022/texmf-dist/tex/latex/kerntest/kerntest.cls
/usr/local/texlive/2022/texmf-dist/tex/latex/spie/spie.cls
/usr/local/texlive/2022/texmf-dist/tex/latex/bhcexam/BHCexam.cls
/usr/local/texlive/2022/texmf-dist/tex/latex/ecv/ecv.cls
/usr/local/texlive/2022/texmf-dist/tex/latex/base/ltxguide.cls
/usr/local/texlive/2022/texmf-dist/tex/latex/base/book.cls
/usr/local/texlive/2022/texmf-dist/tex/latex/base/ltnews.cls
/usr/local/texlive/2022/texmf-dist/tex/latex/base/slides.cls
/usr/local/texlive/2022/texmf-dist/tex/latex/base/letter.cls
/usr/local/texlive/2022/texmf-dist/tex/latex/base/ltxdoc.cls
/usr/local/texlive/2022/texmf-dist/tex/latex/base/proc.cls
/usr/local/texlive/2022/texmf-dist/tex/latex/base/article.cls
/usr/local/texlive/2022/texmf-dist/tex/latex/base/source2edoc.cls
/usr/local/texlive/2022/texmf-dist/tex/latex/base/report.cls
/usr/local/texlive/2022/texmf-dist/tex/latex/base/minimal.cls
/usr/local/texlive/2022/texmf-dist/tex/latex/iwhdp/iwhdp.cls
/usr/local/texlive/2022/texmf-dist/tex/latex/sidenotes/caesar_book.cls
/usr/local/texlive/2022/texmf-dist/tex/latex/hepthesis/hepthesis.cls
/usr/local/texlive/2022/texmf-dist/tex/latex/medstarbeamer/medstarbeamer.cls
/usr/local/texlive/2022/texmf-dist/tex/latex/umbclegislation/legislation.cls
/usr/local/texlive/2022/texmf-dist/tex/latex/skeyval/skeyval-testclass.cls
/usr/local/texlive/2022/texmf-dist/tex/latex/upmethodology/upmethodology-document.cls
/usr/local/texlive/2022/texmf-dist/tex/latex/lps/lps.cls
/usr/local/texlive/2022/texmf-dist/tex/latex/grant/grant-onr.cls
/usr/local/texlive/2022/texmf-dist/tex/latex/grant/grant.cls
/usr/local/texlive/2022/texmf-dist/tex/latex/grant/grant-nrl.cls
/usr/local/texlive/2022/texmf-dist/tex/latex/grant/grant-darpa.cls
/usr/local/texlive/2022/texmf-dist/tex/latex/grant/grant-afosr.cls
/usr/local/texlive/2022/texmf-dist/tex/latex/grant/grant-aro.cls
/usr/local/texlive/2022/texmf-dist/tex/latex/grant/grant-doe.cls
/usr/local/texlive/2022/texmf-dist/tex/latex/grant/grant-nsf.cls
/usr/local/texlive/2022/texmf-dist/tex/latex/grant/grant-nih.cls
/usr/local/texlive/2022/texmf-dist/tex/latex/msu-thesis/msu-thesis.cls
/usr/local/texlive/2022/texmf-dist/tex/latex/uowthesis/UoWthesis.cls
/usr/local/texlive/2022/texmf-dist/tex/latex/beilstein/beilstein.cls
/usr/local/texlive/2022/texmf-dist/tex/latex/brandeis-dissertation/brandeis-dissertation.cls
/usr/local/texlive/2022/texmf-dist/tex/latex/toptesi/toptesi.cls
/usr/local/texlive/2022/texmf-dist/tex/latex/njurepo/njurepo.cls
/usr/local/texlive/2022/texmf-dist/tex/latex/newlfm/newlfm.cls
/usr/local/texlive/2022/texmf-dist/tex/latex/hustthesis/hustthesis.cls
/usr/local/texlive/2022/texmf-dist/tex/latex/ltxguidex/ltxguidex.cls
/usr/local/texlive/2022/texmf-dist/tex/latex/cheatsheet/cheatsheet.cls
/usr/local/texlive/2022/texmf-dist/tex/latex/xduthesis/xduthesis.cls
/usr/local/texlive/2022/texmf-dist/tex/latex/talk/talk.cls
/usr/local/texlive/2022/texmf-dist/tex/latex/knittingpattern/knittingpattern.cls
/usr/local/texlive/2022/texmf-dist/tex/latex/geradwp/geradwp.cls
/usr/local/texlive/2022/texmf-dist/tex/luatex/luatexja/ltjsarticle.cls
/usr/local/texlive/2022/texmf-dist/tex/luatex/luatexja/ltjtreport.cls
/usr/local/texlive/2022/texmf-dist/tex/luatex/luatexja/ltjreport.cls
/usr/local/texlive/2022/texmf-dist/tex/luatex/luatexja/ltjsreport.cls
/usr/local/texlive/2022/texmf-dist/tex/luatex/luatexja/ltjsbook.cls
/usr/local/texlive/2022/texmf-dist/tex/luatex/luatexja/ltjskiyou.cls
/usr/local/texlive/2022/texmf-dist/tex/luatex/luatexja/ltjtarticle.cls
/usr/local/texlive/2022/texmf-dist/tex/luatex/luatexja/ltjspf.cls
/usr/local/texlive/2022/texmf-dist/tex/luatex/luatexja/ltjbook.cls
/usr/local/texlive/2022/texmf-dist/tex/luatex/luatexja/ltjltxdoc.cls
/usr/local/texlive/2022/texmf-dist/tex/luatex/luatexja/ltjarticle.cls
/usr/local/texlive/2022/texmf-dist/tex/luatex/luatexja/ltjtbook.cls
/usr/local/texlive/2022/texmf-dist/tex/xelatex/thesis-qom/thesis-qom.cls
/usr/local/texlive/2022/texmf-dist/tex/xelatex/arabic-book/arabic-book.cls
/usr/local/texlive/2022/texmf-dist/tex/xelatex/resumecls/resumecls.cls
/usr/local/texlive/2022/texmf-dist/tex/xelatex/imsproc/imsproc.cls
/usr/local/texlive/2022/texmf-dist/tex/xelatex/langsci/langscibook.cls
/usr/local/texlive/2022/texmf-dist/tex/xelatex/nanicolle/nanicolle.cls
/usr/local/texlive/2022/texmf-dist/tex/xelatex/simple-resume-cv/simpleresumecv.cls
/usr/local/texlive/2022/texmf-dist/tex/xelatex/facture/facture.cls
/usr/local/texlive/2022/texmf-dist/tex/xelatex/bidi/bidimoderncv.cls
/usr/local/texlive/2022/texmf-dist/tex/xelatex/bidi/biditufte-book.cls
/usr/local/texlive/2022/texmf-dist/tex/xelatex/bidi/biditufte-handout.cls
/usr/local/texlive/2022/texmf-dist/tex/xelatex/xepersian/xepersian-magazine.cls
/usr/local/texlive/2022/texmf-dist/tex/xelatex/yazd-thesis/yazd-thesis.cls
/usr/local/texlive/2022/texmf-dist/tex/xelatex/mynsfc/mynsfc.cls
/usr/local/texlive/2022/texmf-dist/tex/xelatex/technion-thesis-template/technionThesis.cls
/usr/local/texlive/2022/texmf-dist/tex/xelatex/tabriz-thesis/tabriz-thesis.cls
/usr/local/texlive/2022/texmf-dist/tex/xelatex/businesscard-qrcode/businesscard-qrcode.cls
/usr/local/texlive/2022/texmf-dist/tex/xelatex/zbmath-review-template/zbMATH.cls
/usr/local/texlive/2022/texmf-dist/tex/xelatex/simple-thesis-dissertation/simplethesisdissertation.cls
/usr/local/texlive/2022/texmf-dist/tex/xelatex/bidipresentation/bidipresentation.cls
/usr/local/texlive/2022/texmf-dist/tex/generic/xypic/movie.cls
/usr/local/texlive/2022/texmf-dist/tex/generic/dcpic/europroc.cls
/usr/local/texlive/2022/texmf-dist/tex/latex-dev/base/ltxguide.cls
/usr/local/texlive/2022/texmf-dist/tex/latex-dev/base/book.cls
/usr/local/texlive/2022/texmf-dist/tex/latex-dev/base/ltnews.cls
/usr/local/texlive/2022/texmf-dist/tex/latex-dev/base/slides.cls
/usr/local/texlive/2022/texmf-dist/tex/latex-dev/base/letter.cls
/usr/local/texlive/2022/texmf-dist/tex/latex-dev/base/ltxdoc.cls
/usr/local/texlive/2022/texmf-dist/tex/latex-dev/base/proc.cls
/usr/local/texlive/2022/texmf-dist/tex/latex-dev/base/article.cls
/usr/local/texlive/2022/texmf-dist/tex/latex-dev/base/source2edoc.cls
/usr/local/texlive/2022/texmf-dist/tex/latex-dev/base/report.cls
/usr/local/texlive/2022/texmf-dist/tex/latex-dev/base/minimal.cls
/usr/local/texlive/2022/texmf-dist/tex/lualatex/wallcalendar/wallcalendar.cls
/usr/local/texlive/2022/texmf-dist/tex/lualatex/beamer-rl/beamer-rl.cls
/usr/local/texlive/2022/texmf-dist/tex/lualatex/simurgh/simurgh-doc.cls
/usr/local/texlive/2022/texmf-dist/tex/lualatex/novel/novel.cls
/usr/local/texlive/2022/texmf-dist/tex/lualatex/pdfarticle/pdfArticle.cls
/usr/local/texlive/2022/texmf-dist/tex/lualatex/hu-berlin-bundle/hu-berlin-letter.cls
